******************************************************************************
               TMS320C6x Linker PC v7.4.7                      
******************************************************************************
>> Linked Fri Sep 20 15:57:49 2019

OUTPUT FILE NAME:   <BWard_ES_HW_002.out>
ENTRY POINT SYMBOL: "_c_int00"  address: 00001c20


MEMORY CONFIGURATION

         name            origin    length      used     unused   attr    fill
----------------------  --------  ---------  --------  --------  ----  --------
  IRAM                  00000000   00030000  00002b1a  0002d4e6  RWIX
  L2RAM                 00030000   00010000  00000000  00010000  RWIX
  EMIFCE0               80000000   10000000  00000000  10000000  RWIX
  EMIFCE1               90000000   10000000  00000000  10000000  RWIX
  EMIFCE2               a0000000   10000000  00000000  10000000  RWIX
  EMIFCE3               b0000000   10000000  00000000  10000000  RWIX


SECTION ALLOCATION MAP

 output                                  attributes/
section   page    origin      length       input sections
--------  ----  ----------  ----------   ----------------
.text      0    00000000    00001dc0     
                  00000000    00000480     dsk6713bsl.lib : dsk6713.obj (.text)
                  00000480    00000320     main.obj (.text)
                  000007a0    00000300     dsk6713bsl.lib : dsk6713_aic23_opencodec.obj (.text)
                  00000aa0    00000240     rts6700.lib : memcpy62.obj (.text:_memcpy)
                  00000ce0    000001c0     csl6713.lib : csl.obj (.text:__CSL_init)
                  00000ea0    00000180                 : csl_mcbsp.obj (.text:_MCBSP_reset)
                  00001020    00000160                 : csl_timer.obj (.text:_TIMER_open)
                  00001180    00000140     dsk6713bsl.lib : dsk6713_aic23_registers.obj (.text)
                  000012c0    00000120     csl6713.lib : csl_timer.obj (.text:_TIMER_reset)
                  000013e0    00000120                 : csl_irq.obj (.text:_mux2Tables)
                  00001500    00000100                 : csl_mcbsp.obj (.text:_MCBSP_start)
                  00001600    00000100     rts6700.lib : autoinit.obj (.text:__auto_init)
                  00001700    000000e0     csl6713.lib : csl_mcbsp.obj (.text:_MCBSP_open)
                  000017e0    000000e0     rts6700.lib : strasg.obj (.text:__strasg)
                  000018c0    000000e0                 : exit.obj (.text:_exit)
                  000019a0    000000c0                 : cpy_tbl.obj (.text:_copy_in)
                  00001a60    000000c0     csl6713.lib : csl_irq.obj (.text:_getMux)
                  00001b20    00000080                 : csl_irq.obj (.text:__IRQ_init)
                  00001ba0    00000080     rts6700.lib : cpp_init.obj (.text:___TI_cpp_init)
                  00001c20    00000080                 : boot.obj (.text:_c_int00)
                  00001ca0    00000040                 : args_main.obj (.text:__args_main)
                  00001ce0    00000020     csl6713.lib : csl.obj (.text:_CSL6713_LIB_)
                  00001d00    00000020                 : csl_mcbsp.obj (.text:_MCBSP_read)
                  00001d20    00000020                 : csl_mcbsp.obj (.text:_MCBSP_rrdy)
                  00001d40    00000020                 : csl_mcbsp.obj (.text:_MCBSP_write)
                  00001d60    00000020                 : csl_mcbsp.obj (.text:_MCBSP_xrdy)
                  00001d80    00000020     rts6700.lib : exit.obj (.text:_abort)
                  00001da0    00000020     csl6713.lib : csl_irq.obj (.text)

.bss       0    00000000    00000000     UNINITIALIZED

.data      0    00000000    00000000     UNINITIALIZED

.pinit     0    00000000    00000000     UNINITIALIZED

$BRID      0    00000000    00000168     COPY SECTION
                  00000000    00000014     csl6713.lib : csl.obj ($BRID)
                  00000014    00000078                 : csl_irq.obj ($BRID)
                  0000008c    0000007c                 : csl_mcbsp.obj ($BRID)
                  00000108    00000060                 : csl_timer.obj ($BRID)

.stack     0    00001dc0    00000800     UNINITIALIZED
                  00001dc0    00000008     rts6700.lib : boot.obj (.stack)
                  00001dc8    000007f8     --HOLE--

.cinit     0    000025c0    000002cc     
                  000025c0    0000012c     csl6713.lib : csl_irq.obj (.cinit)
                  000026ec    00000004     --HOLE-- [fill = 0]
                  000026f0    00000054                 : csl_mcbsp.obj (.cinit)
                  00002744    00000004     --HOLE-- [fill = 0]
                  00002748    0000004c                 : csl_timer.obj (.cinit)
                  00002794    00000004     --HOLE-- [fill = 0]
                  00002798    0000004c     main.obj (.cinit)
                  000027e4    00000004     --HOLE-- [fill = 0]
                  000027e8    0000003c     csl6713.lib : csl.obj (.cinit)
                  00002824    00000004     --HOLE-- [fill = 0]
                  00002828    00000030     dsk6713bsl.lib : dsk6713_aic23_registers.obj (.cinit)
                  00002858    0000002c     rts6700.lib : exit.obj (.cinit)
                  00002884    00000004     --HOLE-- [fill = 0]
                  00002888    00000004     (.pad.cinit) [fill = 0]

.far       0    0000288c    0000022e     UNINITIALIZED
                  0000288c    000000f4     csl6713.lib : csl_irq.obj (.far)
                  00002980    00000078     main.obj (.far)
                  000029f8    00000038     csl6713.lib : csl_mcbsp.obj (.far)
                  00002a30    00000028                 : csl.obj (.far)
                  00002a58    00000028     dsk6713bsl.lib : dsk6713_aic23_registers.obj (.far)
                  00002a80    00000024     csl6713.lib : csl_timer.obj (.far)
                  00002aa4    0000000c     rts6700.lib : exit.obj (.far)
                  00002ab0    00000008     dsk6713bsl.lib : dsk6713_aic23_opencodec.obj (.far)
                  00002ab8    00000002                    : dsk6713.obj (.far)

.const     0    00002abc    00000060     
                  00002abc    00000040     dsk6713bsl.lib : dsk6713_aic23_opencodec.obj (.const)
                  00002afc    00000020                    : dsk6713.obj (.const)


GLOBAL SYMBOLS: SORTED ALPHABETICALLY BY Name 

address    name
--------   ----
00000000   $bss
00000000   .bss
00000000   .data
00000000   .text
00001d80   C$$EXIT
000029ac   _AIC_data
00001ce0   _CSL6713_LIB_
00002ab0   _DSK6713_AIC23_codeccontrolhandle
00002ab4   _DSK6713_AIC23_codecdatahandle
00001240   _DSK6713_AIC23_config
000007a0   _DSK6713_AIC23_openCodec
00001218   _DSK6713_AIC23_rget
00001180   _DSK6713_AIC23_rset
00000414   _DSK6713_getVersion
0000004c   _DSK6713_init
00000368   _DSK6713_rget
0000037c   _DSK6713_rset
00002ab8   _DSK6713_version
00000390   _DSK6713_wait
000003e8   _DSK6713_waitusec
00001700   _MCBSP_open
00001d00   _MCBSP_read
00000ea0   _MCBSP_reset
00001d20   _MCBSP_rrdy
00001500   _MCBSP_start
00001d40   _MCBSP_write
00001d60   _MCBSP_xrdy
00001020   _TIMER_open
000012c0   _TIMER_reset
000029f4   _VOLUME_SEL
00000ce0   __CSL_init
00002978   __IRQ_dispatchTable
000028b4   __IRQ_eventTable
00001da0   __IRQ_hookFetchPacket
00001b20   __IRQ_init
00002938   __IRQ_intTable
00002a28   __MCBSP_hDev0
00002a2c   __MCBSP_hDev1
000025c0   __STACK_END
00000800   __STACK_SIZE
00002a80   __TIMER_deviceTable
00002aa0   __TIMER_hBios
00002a98   __TIMER_hDev0
00002a9c   __TIMER_hDev1
00000001   __TI_args_main
00001ba0   ___TI_cpp_init
00002aac   ___TI_enable_exit_profile_output
ffffffff   ___TI_pprof_out_hndl
ffffffff   ___TI_prof_data_size
ffffffff   ___TI_prof_data_start
ffffffff   ___binit__
00000000   ___bss__
ffffffff   ___c_args__
000025c0   ___cinit__
00000000   ___data__
00000000   ___edata__
00000000   ___end__
00001dc0   ___etext__
ffffffff   ___pinit__
00000000   ___text__
00001ca0   __args_main
00001600   __auto_init
00002aa4   __cleanup_ptr
00002aa8   __dtors_ptr
00001dc0   __stack
000017e0   __strasg
00001d80   _abort
000029b0   _buff
00001c20   _c_int00
00002980   _config1
000019a0   _copy_in
000018c0   _exit
000029a8   _hCodec
000006e4   _input_sample
000029f0   _j
000004c8   _main
00000aa0   _memcpy
000005a8   _output_sample
ffffffff   binit
000025c0   cinit
00000000   edata
00000000   end
00001dc0   etext
ffffffff   pinit


GLOBAL SYMBOLS: SORTED BY Symbol Address 

address    name
--------   ----
00000000   $bss
00000000   .bss
00000000   .data
00000000   .text
00000000   ___bss__
00000000   ___data__
00000000   ___edata__
00000000   ___end__
00000000   ___text__
00000000   edata
00000000   end
00000001   __TI_args_main
0000004c   _DSK6713_init
00000368   _DSK6713_rget
0000037c   _DSK6713_rset
00000390   _DSK6713_wait
000003e8   _DSK6713_waitusec
00000414   _DSK6713_getVersion
000004c8   _main
000005a8   _output_sample
000006e4   _input_sample
000007a0   _DSK6713_AIC23_openCodec
00000800   __STACK_SIZE
00000aa0   _memcpy
00000ce0   __CSL_init
00000ea0   _MCBSP_reset
00001020   _TIMER_open
00001180   _DSK6713_AIC23_rset
00001218   _DSK6713_AIC23_rget
00001240   _DSK6713_AIC23_config
000012c0   _TIMER_reset
00001500   _MCBSP_start
00001600   __auto_init
00001700   _MCBSP_open
000017e0   __strasg
000018c0   _exit
000019a0   _copy_in
00001b20   __IRQ_init
00001ba0   ___TI_cpp_init
00001c20   _c_int00
00001ca0   __args_main
00001ce0   _CSL6713_LIB_
00001d00   _MCBSP_read
00001d20   _MCBSP_rrdy
00001d40   _MCBSP_write
00001d60   _MCBSP_xrdy
00001d80   C$$EXIT
00001d80   _abort
00001da0   __IRQ_hookFetchPacket
00001dc0   ___etext__
00001dc0   __stack
00001dc0   etext
000025c0   __STACK_END
000025c0   ___cinit__
000025c0   cinit
000028b4   __IRQ_eventTable
00002938   __IRQ_intTable
00002978   __IRQ_dispatchTable
00002980   _config1
000029a8   _hCodec
000029ac   _AIC_data
000029b0   _buff
000029f0   _j
000029f4   _VOLUME_SEL
00002a28   __MCBSP_hDev0
00002a2c   __MCBSP_hDev1
00002a80   __TIMER_deviceTable
00002a98   __TIMER_hDev0
00002a9c   __TIMER_hDev1
00002aa0   __TIMER_hBios
00002aa4   __cleanup_ptr
00002aa8   __dtors_ptr
00002aac   ___TI_enable_exit_profile_output
00002ab0   _DSK6713_AIC23_codeccontrolhandle
00002ab4   _DSK6713_AIC23_codecdatahandle
00002ab8   _DSK6713_version
ffffffff   ___TI_pprof_out_hndl
ffffffff   ___TI_prof_data_size
ffffffff   ___TI_prof_data_start
ffffffff   ___binit__
ffffffff   ___c_args__
ffffffff   ___pinit__
ffffffff   binit
ffffffff   pinit

[84 symbols]
