<?xml version="1.0"?>
<link_info>
   <banner>TMS320C6x Linker PC v7.4.7</banner>
   <copyright>Copyright (c) 1996-2014 Texas Instruments Incorporated</copyright>
   <link_time>0x5da7c014</link_time>
   <output_file>hw5_KoleHey_BradWard.out</output_file>
   <entry_point>
      <name>_c_int00</name>
      <address>0x4b40</address>
   </entry_point>
   <input_file_list>
      <input_file id="fl-2">
         <path>.\</path>
         <kind>object</kind>
         <file>main.obj</file>
         <name>main.obj</name>
      </input_file>
      <input_file id="fl-3">
         <path>.\</path>
         <kind>object</kind>
         <file>vectors_intr.obj</file>
         <name>vectors_intr.obj</name>
      </input_file>
      <input_file id="fl-81">
         <path>C:\ti\ccsv6\tools\compiler\c6000_7.4.7\lib\</path>
         <kind>archive</kind>
         <file>rts6700.lib</file>
         <name>boot.obj</name>
      </input_file>
      <input_file id="fl-82">
         <path>C:\ti\ccsv6\tools\compiler\c6000_7.4.7\lib\</path>
         <kind>archive</kind>
         <file>rts6700.lib</file>
         <name>exit.obj</name>
      </input_file>
      <input_file id="fl-83">
         <path>C:\ti\ccsv6\tools\compiler\c6000_7.4.7\lib\</path>
         <kind>archive</kind>
         <file>rts6700.lib</file>
         <name>args_main.obj</name>
      </input_file>
      <input_file id="fl-84">
         <path>C:\ti\ccsv6\tools\compiler\c6000_7.4.7\lib\</path>
         <kind>archive</kind>
         <file>rts6700.lib</file>
         <name>autoinit.obj</name>
      </input_file>
      <input_file id="fl-85">
         <path>C:\ti\ccsv6\tools\compiler\c6000_7.4.7\lib\</path>
         <kind>archive</kind>
         <file>rts6700.lib</file>
         <name>cpp_init.obj</name>
      </input_file>
      <input_file id="fl-86">
         <path>C:\ti\ccsv6\tools\compiler\c6000_7.4.7\lib\</path>
         <kind>archive</kind>
         <file>rts6700.lib</file>
         <name>cpy_tbl.obj</name>
      </input_file>
      <input_file id="fl-87">
         <path>C:\ti\ccsv6\tools\compiler\c6000_7.4.7\lib\</path>
         <kind>archive</kind>
         <file>rts6700.lib</file>
         <name>memcpy62.obj</name>
      </input_file>
      <input_file id="fl-88">
         <path>C:\Users\khey\Desktop\DSK6713\c6000\bios\lib\</path>
         <kind>archive</kind>
         <file>csl6713.lib</file>
         <name>csl.obj</name>
      </input_file>
      <input_file id="fl-89">
         <path>C:\Users\khey\Desktop\DSK6713\c6000\bios\lib\</path>
         <kind>archive</kind>
         <file>csl6713.lib</file>
         <name>csl_edma.obj</name>
      </input_file>
      <input_file id="fl-8a">
         <path>C:\Users\khey\Desktop\DSK6713\c6000\bios\lib\</path>
         <kind>archive</kind>
         <file>csl6713.lib</file>
         <name>csl_irq.obj</name>
      </input_file>
      <input_file id="fl-8b">
         <path>C:\Users\khey\Desktop\DSK6713\c6000\bios\lib\</path>
         <kind>archive</kind>
         <file>csl6713.lib</file>
         <name>csl_mcbsp.obj</name>
      </input_file>
      <input_file id="fl-8c">
         <path>C:\Users\khey\Desktop\DSK6713\c6000\bios\lib\</path>
         <kind>archive</kind>
         <file>csl6713.lib</file>
         <name>csl_timer.obj</name>
      </input_file>
      <input_file id="fl-8d">
         <path>C:\Users\khey\Desktop\DSK6713\c6000\dsk6713\lib\</path>
         <kind>archive</kind>
         <file>dsk6713bsl.lib</file>
         <name>dsk6713.obj</name>
      </input_file>
      <input_file id="fl-8e">
         <path>C:\Users\khey\Desktop\DSK6713\c6000\dsk6713\lib\</path>
         <kind>archive</kind>
         <file>dsk6713bsl.lib</file>
         <name>dsk6713_aic23_opencodec.obj</name>
      </input_file>
      <input_file id="fl-8f">
         <path>C:\Users\khey\Desktop\DSK6713\c6000\dsk6713\lib\</path>
         <kind>archive</kind>
         <file>dsk6713bsl.lib</file>
         <name>dsk6713_aic23_registers.obj</name>
      </input_file>
      <input_file id="fl-90">
         <path>C:\ti\ccsv6\tools\compiler\c6000_7.4.7\lib\</path>
         <kind>archive</kind>
         <file>rts6700.lib</file>
         <name>strasg.obj</name>
      </input_file>
   </input_file_list>
   <object_component_list>
      <object_component id="oc-6d">
         <name>.text</name>
         <load_address>0x0</load_address>
         <run_address>0x0</run_address>
         <size>0x2620</size>
         <input_file_ref idref="fl-2"/>
      </object_component>
      <object_component id="oc-4d">
         <name>.text</name>
         <load_address>0x2620</load_address>
         <run_address>0x2620</run_address>
         <size>0x480</size>
         <input_file_ref idref="fl-8d"/>
      </object_component>
      <object_component id="oc-53">
         <name>.text</name>
         <load_address>0x2aa0</load_address>
         <run_address>0x2aa0</run_address>
         <size>0x300</size>
         <input_file_ref idref="fl-8e"/>
      </object_component>
      <object_component id="oc-1c">
         <name>.text:retain</name>
         <load_address>0x2da0</load_address>
         <run_address>0x2da0</run_address>
         <size>0x2c0</size>
         <input_file_ref idref="fl-2"/>
      </object_component>
      <object_component id="oc-77">
         <name>.text:_EDMA_open</name>
         <load_address>0x3060</load_address>
         <run_address>0x3060</run_address>
         <size>0x260</size>
         <input_file_ref idref="fl-89"/>
      </object_component>
      <object_component id="oc-6b">
         <name>.text:_memcpy</name>
         <load_address>0x32c0</load_address>
         <run_address>0x32c0</run_address>
         <size>0x240</size>
         <input_file_ref idref="fl-87"/>
      </object_component>
      <object_component id="oc-78">
         <name>.text:_EDMA_allocTable</name>
         <load_address>0x3500</load_address>
         <run_address>0x3500</run_address>
         <size>0x200</size>
         <input_file_ref idref="fl-89"/>
      </object_component>
      <object_component id="oc-71">
         <name>.text:__CSL_init</name>
         <load_address>0x3700</load_address>
         <run_address>0x3700</run_address>
         <size>0x1c0</size>
         <input_file_ref idref="fl-88"/>
      </object_component>
      <object_component id="oc-7e">
         <name>.text:_IRQ_map</name>
         <load_address>0x38c0</load_address>
         <run_address>0x38c0</run_address>
         <size>0x1a0</size>
         <input_file_ref idref="fl-8a"/>
      </object_component>
      <object_component id="oc-6f">
         <name>.text:_MCBSP_reset</name>
         <load_address>0x3a60</load_address>
         <run_address>0x3a60</run_address>
         <size>0x180</size>
         <input_file_ref idref="fl-8b"/>
      </object_component>
      <object_component id="oc-84">
         <name>.text:_TIMER_open</name>
         <load_address>0x3be0</load_address>
         <run_address>0x3be0</run_address>
         <size>0x160</size>
         <input_file_ref idref="fl-8c"/>
      </object_component>
      <object_component id="oc-59">
         <name>.text</name>
         <load_address>0x3d40</load_address>
         <run_address>0x3d40</run_address>
         <size>0x140</size>
         <input_file_ref idref="fl-8f"/>
      </object_component>
      <object_component id="oc-85">
         <name>.text:_EDMA_reset</name>
         <load_address>0x3e80</load_address>
         <run_address>0x3e80</run_address>
         <size>0x120</size>
         <input_file_ref idref="fl-89"/>
      </object_component>
      <object_component id="oc-89">
         <name>.text:_TIMER_reset</name>
         <load_address>0x3fa0</load_address>
         <run_address>0x3fa0</run_address>
         <size>0x120</size>
         <input_file_ref idref="fl-8c"/>
      </object_component>
      <object_component id="oc-88">
         <name>.text:_mux2Tables</name>
         <load_address>0x40c0</load_address>
         <run_address>0x40c0</run_address>
         <size>0x120</size>
         <input_file_ref idref="fl-8a"/>
      </object_component>
      <object_component id="oc-69">
         <name>.text:_MCBSP_start</name>
         <load_address>0x41e0</load_address>
         <run_address>0x41e0</run_address>
         <size>0x100</size>
         <input_file_ref idref="fl-8b"/>
      </object_component>
      <object_component id="oc-62">
         <name>.text:__auto_init</name>
         <load_address>0x42e0</load_address>
         <run_address>0x42e0</run_address>
         <size>0x100</size>
         <input_file_ref idref="fl-84"/>
      </object_component>
      <object_component id="oc-79">
         <name>.text:_EDMA_config</name>
         <load_address>0x43e0</load_address>
         <run_address>0x43e0</run_address>
         <size>0xe0</size>
         <input_file_ref idref="fl-89"/>
      </object_component>
      <object_component id="oc-68">
         <name>.text:_MCBSP_open</name>
         <load_address>0x44c0</load_address>
         <run_address>0x44c0</run_address>
         <size>0xe0</size>
         <input_file_ref idref="fl-8b"/>
      </object_component>
      <object_component id="oc-67">
         <name>.text:__strasg</name>
         <load_address>0x45a0</load_address>
         <run_address>0x45a0</run_address>
         <size>0xe0</size>
         <input_file_ref idref="fl-90"/>
      </object_component>
      <object_component id="oc-64">
         <name>.text:_exit</name>
         <load_address>0x4680</load_address>
         <run_address>0x4680</run_address>
         <size>0xe0</size>
         <input_file_ref idref="fl-82"/>
      </object_component>
      <object_component id="oc-76">
         <name>.text:_EDMA_clearPram</name>
         <load_address>0x4760</load_address>
         <run_address>0x4760</run_address>
         <size>0xc0</size>
         <input_file_ref idref="fl-89"/>
      </object_component>
      <object_component id="oc-6a">
         <name>.text:_copy_in</name>
         <load_address>0x4820</load_address>
         <run_address>0x4820</run_address>
         <size>0xc0</size>
         <input_file_ref idref="fl-86"/>
      </object_component>
      <object_component id="oc-8b">
         <name>.text:_getMux</name>
         <load_address>0x48e0</load_address>
         <run_address>0x48e0</run_address>
         <size>0xc0</size>
         <input_file_ref idref="fl-8a"/>
      </object_component>
      <object_component id="oc-87">
         <name>.text:_setMux</name>
         <load_address>0x49a0</load_address>
         <run_address>0x49a0</run_address>
         <size>0xa0</size>
         <input_file_ref idref="fl-8a"/>
      </object_component>
      <object_component id="oc-83">
         <name>.text:__IRQ_init</name>
         <load_address>0x4a40</load_address>
         <run_address>0x4a40</run_address>
         <size>0x80</size>
         <input_file_ref idref="fl-8a"/>
      </object_component>
      <object_component id="oc-6c">
         <name>.text:___TI_cpp_init</name>
         <load_address>0x4ac0</load_address>
         <run_address>0x4ac0</run_address>
         <size>0x80</size>
         <input_file_ref idref="fl-85"/>
      </object_component>
      <object_component id="oc-17">
         <name>.text:_c_int00</name>
         <load_address>0x4b40</load_address>
         <run_address>0x4b40</run_address>
         <size>0x80</size>
         <input_file_ref idref="fl-81"/>
      </object_component>
      <object_component id="oc-8a">
         <name>.text:_EDMA_disableChannel</name>
         <load_address>0x4bc0</load_address>
         <run_address>0x4bc0</run_address>
         <size>0x60</size>
         <input_file_ref idref="fl-89"/>
      </object_component>
      <object_component id="oc-7c">
         <name>.text:_EDMA_enableChannel</name>
         <load_address>0x4c20</load_address>
         <run_address>0x4c20</run_address>
         <size>0x60</size>
         <input_file_ref idref="fl-89"/>
      </object_component>
      <object_component id="oc-7a">
         <name>.text:_EDMA_intDisable</name>
         <load_address>0x4c80</load_address>
         <run_address>0x4c80</run_address>
         <size>0x60</size>
         <input_file_ref idref="fl-89"/>
      </object_component>
      <object_component id="oc-7b">
         <name>.text:_EDMA_intEnable</name>
         <load_address>0x4ce0</load_address>
         <run_address>0x4ce0</run_address>
         <size>0x60</size>
         <input_file_ref idref="fl-89"/>
      </object_component>
      <object_component id="oc-86">
         <name>.text:_EDMA_qdmaConfig</name>
         <load_address>0x4d40</load_address>
         <run_address>0x4d40</run_address>
         <size>0x60</size>
         <input_file_ref idref="fl-89"/>
      </object_component>
      <object_component id="oc-80">
         <name>.text:_IRQ_enable</name>
         <load_address>0x4da0</load_address>
         <run_address>0x4da0</run_address>
         <size>0x40</size>
         <input_file_ref idref="fl-8a"/>
      </object_component>
      <object_component id="oc-7f">
         <name>.text:_IRQ_reset</name>
         <load_address>0x4de0</load_address>
         <run_address>0x4de0</run_address>
         <size>0x40</size>
         <input_file_ref idref="fl-8a"/>
      </object_component>
      <object_component id="oc-63">
         <name>.text:__args_main</name>
         <load_address>0x4e20</load_address>
         <run_address>0x4e20</run_address>
         <size>0x40</size>
         <input_file_ref idref="fl-83"/>
      </object_component>
      <object_component id="oc-70">
         <name>.text:_CSL6713_LIB_</name>
         <load_address>0x4e60</load_address>
         <run_address>0x4e60</run_address>
         <size>0x20</size>
         <input_file_ref idref="fl-88"/>
      </object_component>
      <object_component id="oc-66">
         <name>.text:_EDMA_intClear</name>
         <load_address>0x4e80</load_address>
         <run_address>0x4e80</run_address>
         <size>0x20</size>
         <input_file_ref idref="fl-89"/>
      </object_component>
      <object_component id="oc-65">
         <name>.text:_EDMA_intTest</name>
         <load_address>0x4ea0</load_address>
         <run_address>0x4ea0</run_address>
         <size>0x20</size>
         <input_file_ref idref="fl-89"/>
      </object_component>
      <object_component id="oc-75">
         <name>.text:_IRQ_globalDisable</name>
         <load_address>0x4ec0</load_address>
         <run_address>0x4ec0</run_address>
         <size>0x20</size>
         <input_file_ref idref="fl-8a"/>
      </object_component>
      <object_component id="oc-81">
         <name>.text:_IRQ_globalEnable</name>
         <load_address>0x4ee0</load_address>
         <run_address>0x4ee0</run_address>
         <size>0x20</size>
         <input_file_ref idref="fl-8a"/>
      </object_component>
      <object_component id="oc-82">
         <name>.text:_IRQ_nmiEnable</name>
         <load_address>0x4f00</load_address>
         <run_address>0x4f00</run_address>
         <size>0x20</size>
         <input_file_ref idref="fl-8a"/>
      </object_component>
      <object_component id="oc-7d">
         <name>.text:_IRQ_setVecs</name>
         <load_address>0x4f20</load_address>
         <run_address>0x4f20</run_address>
         <size>0x20</size>
         <input_file_ref idref="fl-8a"/>
      </object_component>
      <object_component id="oc-74">
         <name>.text:_MCBSP_read</name>
         <load_address>0x4f40</load_address>
         <run_address>0x4f40</run_address>
         <size>0x20</size>
         <input_file_ref idref="fl-8b"/>
      </object_component>
      <object_component id="oc-73">
         <name>.text:_MCBSP_write</name>
         <load_address>0x4f60</load_address>
         <run_address>0x4f60</run_address>
         <size>0x20</size>
         <input_file_ref idref="fl-8b"/>
      </object_component>
      <object_component id="oc-6e">
         <name>.text:_abort</name>
         <load_address>0x4f80</load_address>
         <run_address>0x4f80</run_address>
         <size>0x20</size>
         <input_file_ref idref="fl-82"/>
      </object_component>
      <object_component id="oc-43">
         <name>.text</name>
         <load_address>0x4fa0</load_address>
         <run_address>0x4fa0</run_address>
         <size>0x20</size>
         <input_file_ref idref="fl-8a"/>
      </object_component>
      <object_component id="oc-20">
         <name>.text</name>
         <load_address>0x4fc0</load_address>
         <run_address>0x4fc0</run_address>
         <size>0x20</size>
         <input_file_ref idref="fl-3"/>
      </object_component>
      <object_component id="oc-26">
         <name>.stack</name>
         <uninitialized>true</uninitialized>
         <run_address>0x4fe0</run_address>
         <size>0x8</size>
         <input_file_ref idref="fl-81"/>
      </object_component>
      <object_component id="oc-b0">
         <name>.stack</name>
         <uninitialized>true</uninitialized>
         <run_address>0x4fe0</run_address>
         <size>0x0</size>
      </object_component>
      <object_component id="oc-55">
         <name>.const</name>
         <load_address>0x63b8</load_address>
         <run_address>0x63b8</run_address>
         <size>0x40</size>
         <input_file_ref idref="fl-8e"/>
      </object_component>
      <object_component id="oc-4f">
         <name>.const</name>
         <load_address>0x63f8</load_address>
         <run_address>0x63f8</run_address>
         <size>0x20</size>
         <input_file_ref idref="fl-8d"/>
      </object_component>
      <object_component id="oc-72">
         <name>.switch:_forever_loop</name>
         <load_address>0x62f8</load_address>
         <run_address>0x62f8</run_address>
         <size>0xc0</size>
         <input_file_ref idref="fl-2"/>
      </object_component>
      <object_component id="oc-1a">
         <name>.far</name>
         <uninitialized>true</uninitialized>
         <run_address>0x5de4</run_address>
         <size>0x308</size>
         <input_file_ref idref="fl-2"/>
      </object_component>
      <object_component id="oc-2b">
         <name>.far</name>
         <uninitialized>true</uninitialized>
         <run_address>0x62e0</run_address>
         <size>0xc</size>
         <input_file_ref idref="fl-82"/>
      </object_component>
      <object_component id="oc-3e">
         <name>.far</name>
         <uninitialized>true</uninitialized>
         <run_address>0x626c</run_address>
         <size>0x28</size>
         <input_file_ref idref="fl-88"/>
      </object_component>
      <object_component id="oc-41">
         <name>.far</name>
         <uninitialized>true</uninitialized>
         <run_address>0x61e0</run_address>
         <size>0x54</size>
         <input_file_ref idref="fl-89"/>
      </object_component>
      <object_component id="oc-45">
         <name>.far</name>
         <uninitialized>true</uninitialized>
         <run_address>0x60ec</run_address>
         <size>0xf4</size>
         <input_file_ref idref="fl-8a"/>
      </object_component>
      <object_component id="oc-48">
         <name>.far</name>
         <uninitialized>true</uninitialized>
         <run_address>0x6234</run_address>
         <size>0x38</size>
         <input_file_ref idref="fl-8b"/>
      </object_component>
      <object_component id="oc-4b">
         <name>.far</name>
         <uninitialized>true</uninitialized>
         <run_address>0x62bc</run_address>
         <size>0x24</size>
         <input_file_ref idref="fl-8c"/>
      </object_component>
      <object_component id="oc-4e">
         <name>.far</name>
         <uninitialized>true</uninitialized>
         <run_address>0x62f4</run_address>
         <size>0x2</size>
         <input_file_ref idref="fl-8d"/>
      </object_component>
      <object_component id="oc-54">
         <name>.far</name>
         <uninitialized>true</uninitialized>
         <run_address>0x62ec</run_address>
         <size>0x8</size>
         <input_file_ref idref="fl-8e"/>
      </object_component>
      <object_component id="oc-5b">
         <name>.far</name>
         <uninitialized>true</uninitialized>
         <run_address>0x6294</run_address>
         <size>0x28</size>
         <input_file_ref idref="fl-8f"/>
      </object_component>
      <object_component id="oc-19">
         <name>.cinit</name>
         <load_address>0x57e0</load_address>
         <run_address>0x57e0</run_address>
         <size>0x318</size>
         <input_file_ref idref="fl-2"/>
      </object_component>
      <object_component id="oc-44">
         <name>.cinit</name>
         <load_address>0x5af8</load_address>
         <run_address>0x5af8</run_address>
         <size>0x12c</size>
         <input_file_ref idref="fl-8a"/>
      </object_component>
      <object_component id="oc-40">
         <name>.cinit</name>
         <load_address>0x5c28</load_address>
         <run_address>0x5c28</run_address>
         <size>0x70</size>
         <input_file_ref idref="fl-89"/>
      </object_component>
      <object_component id="oc-47">
         <name>.cinit</name>
         <load_address>0x5c98</load_address>
         <run_address>0x5c98</run_address>
         <size>0x54</size>
         <input_file_ref idref="fl-8b"/>
      </object_component>
      <object_component id="oc-4a">
         <name>.cinit</name>
         <load_address>0x5cf0</load_address>
         <run_address>0x5cf0</run_address>
         <size>0x4c</size>
         <input_file_ref idref="fl-8c"/>
      </object_component>
      <object_component id="oc-3d">
         <name>.cinit</name>
         <load_address>0x5d40</load_address>
         <run_address>0x5d40</run_address>
         <size>0x3c</size>
         <input_file_ref idref="fl-88"/>
      </object_component>
      <object_component id="oc-5a">
         <name>.cinit</name>
         <load_address>0x5d80</load_address>
         <run_address>0x5d80</run_address>
         <size>0x30</size>
         <input_file_ref idref="fl-8f"/>
      </object_component>
      <object_component id="oc-2a">
         <name>.cinit</name>
         <load_address>0x5db0</load_address>
         <run_address>0x5db0</run_address>
         <size>0x2c</size>
         <input_file_ref idref="fl-82"/>
      </object_component>
      <object_component id="oc-18">
         <name>.debug_info</name>
         <load_address>0x0</load_address>
         <run_address>0x0</run_address>
         <size>0x2391</size>
         <input_file_ref idref="fl-2"/>
      </object_component>
      <object_component id="oc-22">
         <name>.debug_info</name>
         <load_address>0x2391</load_address>
         <run_address>0x2391</run_address>
         <size>0xfe</size>
         <input_file_ref idref="fl-3"/>
      </object_component>
      <object_component id="oc-25">
         <name>.debug_info</name>
         <load_address>0x248f</load_address>
         <run_address>0x248f</run_address>
         <size>0x70c</size>
         <input_file_ref idref="fl-81"/>
      </object_component>
      <object_component id="oc-29">
         <name>.debug_info</name>
         <load_address>0x2b9b</load_address>
         <run_address>0x2b9b</run_address>
         <size>0x7ff</size>
         <input_file_ref idref="fl-82"/>
      </object_component>
      <object_component id="oc-2e">
         <name>.debug_info</name>
         <load_address>0x339a</load_address>
         <run_address>0x339a</run_address>
         <size>0x6e2</size>
         <input_file_ref idref="fl-83"/>
      </object_component>
      <object_component id="oc-31">
         <name>.debug_info</name>
         <load_address>0x3a7c</load_address>
         <run_address>0x3a7c</run_address>
         <size>0x871</size>
         <input_file_ref idref="fl-84"/>
      </object_component>
      <object_component id="oc-34">
         <name>.debug_info</name>
         <load_address>0x42ed</load_address>
         <run_address>0x42ed</run_address>
         <size>0x6e9</size>
         <input_file_ref idref="fl-85"/>
      </object_component>
      <object_component id="oc-37">
         <name>.debug_info</name>
         <load_address>0x49d6</load_address>
         <run_address>0x49d6</run_address>
         <size>0x7df</size>
         <input_file_ref idref="fl-86"/>
      </object_component>
      <object_component id="oc-3a">
         <name>.debug_info</name>
         <load_address>0x51b5</load_address>
         <run_address>0x51b5</run_address>
         <size>0x791</size>
         <input_file_ref idref="fl-87"/>
      </object_component>
      <object_component id="oc-51">
         <name>.debug_info</name>
         <load_address>0x5946</load_address>
         <run_address>0x5946</run_address>
         <size>0x8a7</size>
         <input_file_ref idref="fl-8d"/>
      </object_component>
      <object_component id="oc-57">
         <name>.debug_info</name>
         <load_address>0x61ed</load_address>
         <run_address>0x61ed</run_address>
         <size>0x89f</size>
         <input_file_ref idref="fl-8e"/>
      </object_component>
      <object_component id="oc-5d">
         <name>.debug_info</name>
         <load_address>0x6a8c</load_address>
         <run_address>0x6a8c</run_address>
         <size>0x929</size>
         <input_file_ref idref="fl-8f"/>
      </object_component>
      <object_component id="oc-5f">
         <name>.debug_info</name>
         <load_address>0x73b5</load_address>
         <run_address>0x73b5</run_address>
         <size>0xd9</size>
         <input_file_ref idref="fl-90"/>
      </object_component>
      <object_component id="oc-b1">
         <name>.debug_info</name>
         <load_address>0x748e</load_address>
         <run_address>0x748e</run_address>
         <size>0x6d</size>
      </object_component>
      <object_component id="oc-1b">
         <name>.buffers</name>
         <uninitialized>true</uninitialized>
         <run_address>0x6480</run_address>
         <size>0xc00</size>
         <input_file_ref idref="fl-2"/>
      </object_component>
      <object_component id="oc-1d">
         <name>.debug_frame</name>
         <load_address>0x0</load_address>
         <run_address>0x0</run_address>
         <size>0x36f</size>
         <input_file_ref idref="fl-2"/>
      </object_component>
      <object_component id="oc-1e">
         <name>.debug_line</name>
         <load_address>0x0</load_address>
         <run_address>0x0</run_address>
         <size>0x456</size>
         <input_file_ref idref="fl-2"/>
      </object_component>
      <object_component id="oc-23">
         <name>.debug_line</name>
         <load_address>0x456</load_address>
         <run_address>0x456</run_address>
         <size>0xcd</size>
         <input_file_ref idref="fl-3"/>
      </object_component>
      <object_component id="oc-27">
         <name>.debug_line</name>
         <load_address>0x523</load_address>
         <run_address>0x523</run_address>
         <size>0x3d</size>
         <input_file_ref idref="fl-81"/>
      </object_component>
      <object_component id="oc-2c">
         <name>.debug_line</name>
         <load_address>0x560</load_address>
         <run_address>0x560</run_address>
         <size>0x4f</size>
         <input_file_ref idref="fl-82"/>
      </object_component>
      <object_component id="oc-2f">
         <name>.debug_line</name>
         <load_address>0x5af</load_address>
         <run_address>0x5af</run_address>
         <size>0x41</size>
         <input_file_ref idref="fl-83"/>
      </object_component>
      <object_component id="oc-32">
         <name>.debug_line</name>
         <load_address>0x5f0</load_address>
         <run_address>0x5f0</run_address>
         <size>0x47</size>
         <input_file_ref idref="fl-84"/>
      </object_component>
      <object_component id="oc-35">
         <name>.debug_line</name>
         <load_address>0x637</load_address>
         <run_address>0x637</run_address>
         <size>0x45</size>
         <input_file_ref idref="fl-85"/>
      </object_component>
      <object_component id="oc-38">
         <name>.debug_line</name>
         <load_address>0x67c</load_address>
         <run_address>0x67c</run_address>
         <size>0x44</size>
         <input_file_ref idref="fl-86"/>
      </object_component>
      <object_component id="oc-3b">
         <name>.debug_line</name>
         <load_address>0x6c0</load_address>
         <run_address>0x6c0</run_address>
         <size>0x4e</size>
         <input_file_ref idref="fl-87"/>
      </object_component>
      <object_component id="oc-52">
         <name>.debug_line</name>
         <load_address>0x70e</load_address>
         <run_address>0x70e</run_address>
         <size>0xb2</size>
         <input_file_ref idref="fl-8d"/>
      </object_component>
      <object_component id="oc-58">
         <name>.debug_line</name>
         <load_address>0x7c0</load_address>
         <run_address>0x7c0</run_address>
         <size>0x4f</size>
         <input_file_ref idref="fl-8e"/>
      </object_component>
      <object_component id="oc-5e">
         <name>.debug_line</name>
         <load_address>0x80f</load_address>
         <run_address>0x80f</run_address>
         <size>0x7e</size>
         <input_file_ref idref="fl-8f"/>
      </object_component>
      <object_component id="oc-60">
         <name>.debug_line</name>
         <load_address>0x88d</load_address>
         <run_address>0x88d</run_address>
         <size>0x48</size>
         <input_file_ref idref="fl-90"/>
      </object_component>
      <object_component id="oc-1f">
         <name>.debug_abbrev</name>
         <load_address>0x0</load_address>
         <run_address>0x0</run_address>
         <size>0x262</size>
         <input_file_ref idref="fl-2"/>
      </object_component>
      <object_component id="oc-24">
         <name>.debug_abbrev</name>
         <load_address>0x262</load_address>
         <run_address>0x262</run_address>
         <size>0x20</size>
         <input_file_ref idref="fl-3"/>
      </object_component>
      <object_component id="oc-28">
         <name>.debug_abbrev</name>
         <load_address>0x282</load_address>
         <run_address>0x282</run_address>
         <size>0xfe</size>
         <input_file_ref idref="fl-81"/>
      </object_component>
      <object_component id="oc-2d">
         <name>.debug_abbrev</name>
         <load_address>0x380</load_address>
         <run_address>0x380</run_address>
         <size>0x119</size>
         <input_file_ref idref="fl-82"/>
      </object_component>
      <object_component id="oc-30">
         <name>.debug_abbrev</name>
         <load_address>0x499</load_address>
         <run_address>0x499</run_address>
         <size>0xe1</size>
         <input_file_ref idref="fl-83"/>
      </object_component>
      <object_component id="oc-33">
         <name>.debug_abbrev</name>
         <load_address>0x57a</load_address>
         <run_address>0x57a</run_address>
         <size>0x13f</size>
         <input_file_ref idref="fl-84"/>
      </object_component>
      <object_component id="oc-36">
         <name>.debug_abbrev</name>
         <load_address>0x6b9</load_address>
         <run_address>0x6b9</run_address>
         <size>0xdd</size>
         <input_file_ref idref="fl-85"/>
      </object_component>
      <object_component id="oc-39">
         <name>.debug_abbrev</name>
         <load_address>0x796</load_address>
         <run_address>0x796</run_address>
         <size>0x10c</size>
         <input_file_ref idref="fl-86"/>
      </object_component>
      <object_component id="oc-3c">
         <name>.debug_abbrev</name>
         <load_address>0x8a2</load_address>
         <run_address>0x8a2</run_address>
         <size>0xd5</size>
         <input_file_ref idref="fl-87"/>
      </object_component>
      <object_component id="oc-50">
         <name>.debug_abbrev</name>
         <load_address>0x977</load_address>
         <run_address>0x977</run_address>
         <size>0x196</size>
         <input_file_ref idref="fl-8d"/>
      </object_component>
      <object_component id="oc-56">
         <name>.debug_abbrev</name>
         <load_address>0xb0d</load_address>
         <run_address>0xb0d</run_address>
         <size>0x126</size>
         <input_file_ref idref="fl-8e"/>
      </object_component>
      <object_component id="oc-5c">
         <name>.debug_abbrev</name>
         <load_address>0xc33</load_address>
         <run_address>0xc33</run_address>
         <size>0x14e</size>
         <input_file_ref idref="fl-8f"/>
      </object_component>
      <object_component id="oc-61">
         <name>.debug_abbrev</name>
         <load_address>0xd81</load_address>
         <run_address>0xd81</run_address>
         <size>0x3a</size>
         <input_file_ref idref="fl-90"/>
      </object_component>
      <object_component id="oc-b2">
         <name>.debug_abbrev</name>
         <load_address>0xdbb</load_address>
         <run_address>0xdbb</run_address>
         <size>0xd</size>
      </object_component>
      <object_component id="oc-21">
         <name>.vecs</name>
         <load_address>0x7400</load_address>
         <run_address>0x7400</run_address>
         <size>0x200</size>
         <input_file_ref idref="fl-3"/>
      </object_component>
      <object_component id="oc-3f">
         <name>$BRID</name>
         <load_address>0x0</load_address>
         <run_address>0x0</run_address>
         <size>0x14</size>
         <input_file_ref idref="fl-88"/>
      </object_component>
      <object_component id="oc-42">
         <name>$BRID</name>
         <load_address>0x14</load_address>
         <run_address>0x14</run_address>
         <size>0xe8</size>
         <input_file_ref idref="fl-89"/>
      </object_component>
      <object_component id="oc-46">
         <name>$BRID</name>
         <load_address>0xfc</load_address>
         <run_address>0xfc</run_address>
         <size>0x78</size>
         <input_file_ref idref="fl-8a"/>
      </object_component>
      <object_component id="oc-49">
         <name>$BRID</name>
         <load_address>0x174</load_address>
         <run_address>0x174</run_address>
         <size>0x7c</size>
         <input_file_ref idref="fl-8b"/>
      </object_component>
      <object_component id="oc-4c">
         <name>$BRID</name>
         <load_address>0x1f0</load_address>
         <run_address>0x1f0</run_address>
         <size>0x60</size>
         <input_file_ref idref="fl-8c"/>
      </object_component>
   </object_component_list>
   <logical_group_list>
      <logical_group id="lg-2">
         <name>.text</name>
         <load_address>0x0</load_address>
         <run_address>0x0</run_address>
         <size>0x4fe0</size>
         <contents>
            <object_component_ref idref="oc-6d"/>
            <object_component_ref idref="oc-4d"/>
            <object_component_ref idref="oc-53"/>
            <object_component_ref idref="oc-1c"/>
            <object_component_ref idref="oc-77"/>
            <object_component_ref idref="oc-6b"/>
            <object_component_ref idref="oc-78"/>
            <object_component_ref idref="oc-71"/>
            <object_component_ref idref="oc-7e"/>
            <object_component_ref idref="oc-6f"/>
            <object_component_ref idref="oc-84"/>
            <object_component_ref idref="oc-59"/>
            <object_component_ref idref="oc-85"/>
            <object_component_ref idref="oc-89"/>
            <object_component_ref idref="oc-88"/>
            <object_component_ref idref="oc-69"/>
            <object_component_ref idref="oc-62"/>
            <object_component_ref idref="oc-79"/>
            <object_component_ref idref="oc-68"/>
            <object_component_ref idref="oc-67"/>
            <object_component_ref idref="oc-64"/>
            <object_component_ref idref="oc-76"/>
            <object_component_ref idref="oc-6a"/>
            <object_component_ref idref="oc-8b"/>
            <object_component_ref idref="oc-87"/>
            <object_component_ref idref="oc-83"/>
            <object_component_ref idref="oc-6c"/>
            <object_component_ref idref="oc-17"/>
            <object_component_ref idref="oc-8a"/>
            <object_component_ref idref="oc-7c"/>
            <object_component_ref idref="oc-7a"/>
            <object_component_ref idref="oc-7b"/>
            <object_component_ref idref="oc-86"/>
            <object_component_ref idref="oc-80"/>
            <object_component_ref idref="oc-7f"/>
            <object_component_ref idref="oc-63"/>
            <object_component_ref idref="oc-70"/>
            <object_component_ref idref="oc-66"/>
            <object_component_ref idref="oc-65"/>
            <object_component_ref idref="oc-75"/>
            <object_component_ref idref="oc-81"/>
            <object_component_ref idref="oc-82"/>
            <object_component_ref idref="oc-7d"/>
            <object_component_ref idref="oc-74"/>
            <object_component_ref idref="oc-73"/>
            <object_component_ref idref="oc-6e"/>
            <object_component_ref idref="oc-43"/>
            <object_component_ref idref="oc-20"/>
         </contents>
      </logical_group>
      <logical_group id="lg-3">
         <name>.stack</name>
         <run_address>0x4fe0</run_address>
         <size>0x800</size>
         <contents>
            <object_component_ref idref="oc-26"/>
            <object_component_ref idref="oc-b0"/>
         </contents>
      </logical_group>
      <logical_group id="lg-4">
         <name>.bss</name>
         <run_address>0x0</run_address>
         <size>0x0</size>
         <contents>
         </contents>
      </logical_group>
      <logical_group id="lg-5">
         <name>.cio</name>
         <run_address>0x0</run_address>
         <size>0x0</size>
         <contents>
         </contents>
      </logical_group>
      <logical_group id="lg-6">
         <name>.const</name>
         <load_address>0x63b8</load_address>
         <run_address>0x63b8</run_address>
         <size>0x60</size>
         <contents>
            <object_component_ref idref="oc-55"/>
            <object_component_ref idref="oc-4f"/>
         </contents>
      </logical_group>
      <logical_group id="lg-7">
         <name>.data</name>
         <run_address>0x0</run_address>
         <size>0x0</size>
         <contents>
         </contents>
      </logical_group>
      <logical_group id="lg-8">
         <name>.switch</name>
         <load_address>0x62f8</load_address>
         <run_address>0x62f8</run_address>
         <size>0xc0</size>
         <contents>
            <object_component_ref idref="oc-72"/>
         </contents>
      </logical_group>
      <logical_group id="lg-9">
         <name>.sysmem</name>
         <run_address>0x0</run_address>
         <size>0x0</size>
         <contents>
         </contents>
      </logical_group>
      <logical_group id="lg-a">
         <name>.far</name>
         <run_address>0x5de4</run_address>
         <size>0x512</size>
         <contents>
            <object_component_ref idref="oc-1a"/>
            <object_component_ref idref="oc-2b"/>
            <object_component_ref idref="oc-3e"/>
            <object_component_ref idref="oc-41"/>
            <object_component_ref idref="oc-45"/>
            <object_component_ref idref="oc-48"/>
            <object_component_ref idref="oc-4b"/>
            <object_component_ref idref="oc-4e"/>
            <object_component_ref idref="oc-54"/>
            <object_component_ref idref="oc-5b"/>
         </contents>
      </logical_group>
      <logical_group id="lg-b">
         <name>.args</name>
         <run_address>0x0</run_address>
         <size>0x0</size>
         <contents>
         </contents>
      </logical_group>
      <logical_group id="lg-c">
         <name>.ppinfo</name>
         <run_address>0x0</run_address>
         <size>0x0</size>
         <contents>
         </contents>
      </logical_group>
      <logical_group id="lg-d">
         <name>.ppdata</name>
         <run_address>0x0</run_address>
         <size>0x0</size>
         <contents>
         </contents>
      </logical_group>
      <logical_group id="lg-e">
         <name>.pinit</name>
         <run_address>0x0</run_address>
         <size>0x0</size>
         <contents>
         </contents>
      </logical_group>
      <logical_group id="lg-f">
         <name>.cinit</name>
         <load_address>0x57e0</load_address>
         <run_address>0x57e0</run_address>
         <size>0x604</size>
         <contents>
            <object_component_ref idref="oc-19"/>
            <object_component_ref idref="oc-44"/>
            <object_component_ref idref="oc-40"/>
            <object_component_ref idref="oc-47"/>
            <object_component_ref idref="oc-4a"/>
            <object_component_ref idref="oc-3d"/>
            <object_component_ref idref="oc-5a"/>
            <object_component_ref idref="oc-2a"/>
         </contents>
      </logical_group>
      <logical_group id="lg-10">
         <name>.binit</name>
         <run_address>0x0</run_address>
         <size>0x0</size>
         <contents>
         </contents>
      </logical_group>
      <logical_group id="lg-11">
         <name>.init_array</name>
         <run_address>0x0</run_address>
         <size>0x0</size>
         <contents>
         </contents>
      </logical_group>
      <logical_group id="lg-12">
         <name>.neardata</name>
         <run_address>0x0</run_address>
         <size>0x0</size>
         <contents>
         </contents>
      </logical_group>
      <logical_group id="lg-13">
         <name>.fardata</name>
         <run_address>0x0</run_address>
         <size>0x0</size>
         <contents>
         </contents>
      </logical_group>
      <logical_group id="lg-14">
         <name>.rodata</name>
         <run_address>0x0</run_address>
         <size>0x0</size>
         <contents>
         </contents>
      </logical_group>
      <logical_group id="lg-15">
         <name>.c6xabi.exidx</name>
         <run_address>0x0</run_address>
         <size>0x0</size>
         <contents>
         </contents>
      </logical_group>
      <logical_group id="lg-16">
         <name>.c6xabi.extab</name>
         <run_address>0x0</run_address>
         <size>0x0</size>
         <contents>
         </contents>
      </logical_group>
      <logical_group id="lg-a1">
         <name>.debug_info</name>
         <load_address>0x0</load_address>
         <run_address>0x0</run_address>
         <size>0x74fb</size>
         <contents>
            <object_component_ref idref="oc-18"/>
            <object_component_ref idref="oc-22"/>
            <object_component_ref idref="oc-25"/>
            <object_component_ref idref="oc-29"/>
            <object_component_ref idref="oc-2e"/>
            <object_component_ref idref="oc-31"/>
            <object_component_ref idref="oc-34"/>
            <object_component_ref idref="oc-37"/>
            <object_component_ref idref="oc-3a"/>
            <object_component_ref idref="oc-51"/>
            <object_component_ref idref="oc-57"/>
            <object_component_ref idref="oc-5d"/>
            <object_component_ref idref="oc-5f"/>
            <object_component_ref idref="oc-b1"/>
         </contents>
      </logical_group>
      <logical_group id="lg-a3">
         <name>.buffers</name>
         <run_address>0x6480</run_address>
         <size>0xc00</size>
         <contents>
            <object_component_ref idref="oc-1b"/>
         </contents>
      </logical_group>
      <logical_group id="lg-a5">
         <name>.debug_frame</name>
         <load_address>0x0</load_address>
         <run_address>0x0</run_address>
         <size>0x36f</size>
         <contents>
            <object_component_ref idref="oc-1d"/>
         </contents>
      </logical_group>
      <logical_group id="lg-a7">
         <name>.debug_line</name>
         <load_address>0x0</load_address>
         <run_address>0x0</run_address>
         <size>0x8d5</size>
         <contents>
            <object_component_ref idref="oc-1e"/>
            <object_component_ref idref="oc-23"/>
            <object_component_ref idref="oc-27"/>
            <object_component_ref idref="oc-2c"/>
            <object_component_ref idref="oc-2f"/>
            <object_component_ref idref="oc-32"/>
            <object_component_ref idref="oc-35"/>
            <object_component_ref idref="oc-38"/>
            <object_component_ref idref="oc-3b"/>
            <object_component_ref idref="oc-52"/>
            <object_component_ref idref="oc-58"/>
            <object_component_ref idref="oc-5e"/>
            <object_component_ref idref="oc-60"/>
         </contents>
      </logical_group>
      <logical_group id="lg-a9">
         <name>.debug_abbrev</name>
         <load_address>0x0</load_address>
         <run_address>0x0</run_address>
         <size>0xdc8</size>
         <contents>
            <object_component_ref idref="oc-1f"/>
            <object_component_ref idref="oc-24"/>
            <object_component_ref idref="oc-28"/>
            <object_component_ref idref="oc-2d"/>
            <object_component_ref idref="oc-30"/>
            <object_component_ref idref="oc-33"/>
            <object_component_ref idref="oc-36"/>
            <object_component_ref idref="oc-39"/>
            <object_component_ref idref="oc-3c"/>
            <object_component_ref idref="oc-50"/>
            <object_component_ref idref="oc-56"/>
            <object_component_ref idref="oc-5c"/>
            <object_component_ref idref="oc-61"/>
            <object_component_ref idref="oc-b2"/>
         </contents>
      </logical_group>
      <logical_group id="lg-ab">
         <name>.vecs</name>
         <load_address>0x7400</load_address>
         <run_address>0x7400</run_address>
         <size>0x200</size>
         <contents>
            <object_component_ref idref="oc-21"/>
         </contents>
      </logical_group>
      <logical_group id="lg-ad">
         <name>$BRID</name>
         <load_address>0x0</load_address>
         <run_address>0x0</run_address>
         <size>0x250</size>
         <contents>
            <object_component_ref idref="oc-3f"/>
            <object_component_ref idref="oc-42"/>
            <object_component_ref idref="oc-46"/>
            <object_component_ref idref="oc-49"/>
            <object_component_ref idref="oc-4c"/>
         </contents>
      </logical_group>
   </logical_group_list>
   <placement_map>
      <memory_area>
         <name>IRAM</name>
         <page_id>0x0</page_id>
         <origin>0x0</origin>
         <length>0x30000</length>
         <used_space>0x7216</used_space>
         <unused_space>0x28dea</unused_space>
         <attributes>RWIX</attributes>
         <usage_details>
            <allocated_space>
               <start_address>0x0</start_address>
               <size>0x0</size>
               <logical_group_ref idref="lg-7"/>
            </allocated_space>
            <allocated_space>
               <start_address>0x0</start_address>
               <size>0x0</size>
               <logical_group_ref idref="lg-4"/>
            </allocated_space>
            <allocated_space>
               <start_address>0x0</start_address>
               <size>0x4fe0</size>
               <logical_group_ref idref="lg-2"/>
            </allocated_space>
            <allocated_space>
               <start_address>0x4fe0</start_address>
               <size>0x800</size>
               <logical_group_ref idref="lg-3"/>
            </allocated_space>
            <allocated_space>
               <start_address>0x57e0</start_address>
               <size>0x604</size>
               <logical_group_ref idref="lg-f"/>
            </allocated_space>
            <allocated_space>
               <start_address>0x5de4</start_address>
               <size>0x512</size>
               <logical_group_ref idref="lg-a"/>
            </allocated_space>
            <available_space>
               <start_address>0x62f6</start_address>
               <size>0x2</size>
            </available_space>
            <allocated_space>
               <start_address>0x62f8</start_address>
               <size>0xc0</size>
               <logical_group_ref idref="lg-8"/>
            </allocated_space>
            <allocated_space>
               <start_address>0x63b8</start_address>
               <size>0x60</size>
               <logical_group_ref idref="lg-6"/>
            </allocated_space>
            <available_space>
               <start_address>0x6418</start_address>
               <size>0x68</size>
            </available_space>
            <allocated_space>
               <start_address>0x6480</start_address>
               <size>0xc00</size>
               <logical_group_ref idref="lg-a3"/>
            </allocated_space>
            <available_space>
               <start_address>0x7080</start_address>
               <size>0x380</size>
            </available_space>
            <allocated_space>
               <start_address>0x7400</start_address>
               <size>0x200</size>
               <logical_group_ref idref="lg-ab"/>
            </allocated_space>
            <available_space>
               <start_address>0x7600</start_address>
               <size>0x28a00</size>
            </available_space>
         </usage_details>
      </memory_area>
      <memory_area>
         <name>L2RAM</name>
         <page_id>0x0</page_id>
         <origin>0x30000</origin>
         <length>0x10000</length>
         <used_space>0x0</used_space>
         <unused_space>0x10000</unused_space>
         <attributes>RWIX</attributes>
         <usage_details>
         </usage_details>
      </memory_area>
      <memory_area>
         <name>EMIFCE0</name>
         <page_id>0x0</page_id>
         <origin>0x80000000</origin>
         <length>0x10000000</length>
         <used_space>0x0</used_space>
         <unused_space>0x10000000</unused_space>
         <attributes>RWIX</attributes>
         <usage_details>
         </usage_details>
      </memory_area>
      <memory_area>
         <name>EMIFCE1</name>
         <page_id>0x0</page_id>
         <origin>0x90000000</origin>
         <length>0x10000000</length>
         <used_space>0x0</used_space>
         <unused_space>0x10000000</unused_space>
         <attributes>RWIX</attributes>
         <usage_details>
         </usage_details>
      </memory_area>
      <memory_area>
         <name>EMIFCE2</name>
         <page_id>0x0</page_id>
         <origin>0xa0000000</origin>
         <length>0x10000000</length>
         <used_space>0x0</used_space>
         <unused_space>0x10000000</unused_space>
         <attributes>RWIX</attributes>
         <usage_details>
         </usage_details>
      </memory_area>
      <memory_area>
         <name>EMIFCE3</name>
         <page_id>0x0</page_id>
         <origin>0xb0000000</origin>
         <length>0x10000000</length>
         <used_space>0x0</used_space>
         <unused_space>0x10000000</unused_space>
         <attributes>RWIX</attributes>
         <usage_details>
         </usage_details>
      </memory_area>
   </placement_map>
   <symbol_table>
      <symbol id="sm-0">
         <name>cinit</name>
         <value>0x57e0</value>
      </symbol>
      <symbol id="sm-1">
         <name>___cinit__</name>
         <value>0x57e0</value>
      </symbol>
      <symbol id="sm-2">
         <name>pinit</name>
         <value>0xffffffff</value>
      </symbol>
      <symbol id="sm-3">
         <name>___pinit__</name>
         <value>0xffffffff</value>
      </symbol>
      <symbol id="sm-4">
         <name>binit</name>
         <value>0xffffffff</value>
      </symbol>
      <symbol id="sm-5">
         <name>___binit__</name>
         <value>0xffffffff</value>
      </symbol>
      <symbol id="sm-6">
         <name>__STACK_SIZE</name>
         <value>0x800</value>
      </symbol>
      <symbol id="sm-7">
         <name>__STACK_END</name>
         <value>0x57e0</value>
      </symbol>
      <symbol id="sm-8">
         <name>___c_args__</name>
         <value>0xffffffff</value>
      </symbol>
      <symbol id="sm-9">
         <name>.text</name>
         <value>0x0</value>
      </symbol>
      <symbol id="sm-a">
         <name>___text__</name>
         <value>0x0</value>
      </symbol>
      <symbol id="sm-b">
         <name>etext</name>
         <value>0x4fe0</value>
      </symbol>
      <symbol id="sm-c">
         <name>___etext__</name>
         <value>0x4fe0</value>
      </symbol>
      <symbol id="sm-d">
         <name>.data</name>
         <value>0x0</value>
      </symbol>
      <symbol id="sm-e">
         <name>___data__</name>
         <value>0x0</value>
      </symbol>
      <symbol id="sm-f">
         <name>edata</name>
         <value>0x0</value>
      </symbol>
      <symbol id="sm-10">
         <name>___edata__</name>
         <value>0x0</value>
      </symbol>
      <symbol id="sm-11">
         <name>.bss</name>
         <value>0x0</value>
      </symbol>
      <symbol id="sm-12">
         <name>___bss__</name>
         <value>0x0</value>
      </symbol>
      <symbol id="sm-13">
         <name>end</name>
         <value>0x0</value>
      </symbol>
      <symbol id="sm-14">
         <name>___end__</name>
         <value>0x0</value>
      </symbol>
      <symbol id="sm-15">
         <name>___TI_pprof_out_hndl</name>
         <value>0xffffffff</value>
      </symbol>
      <symbol id="sm-16">
         <name>___TI_prof_data_start</name>
         <value>0xffffffff</value>
      </symbol>
      <symbol id="sm-17">
         <name>___TI_prof_data_size</name>
         <value>0xffffffff</value>
      </symbol>
      <symbol id="sm-18">
         <name>$bss</name>
         <value>0x0</value>
      </symbol>
      <symbol id="sm-1f4">
         <name>_main</name>
         <value>0x48</value>
         <object_component_ref idref="oc-6d"/>
      </symbol>
      <symbol id="sm-1f5">
         <name>_tx_ping</name>
         <value>0x6a80</value>
         <object_component_ref idref="oc-1b"/>
      </symbol>
      <symbol id="sm-1f6">
         <name>_Glo</name>
         <value>0x6000</value>
         <object_component_ref idref="oc-1a"/>
      </symbol>
      <symbol id="sm-1f7">
         <name>_highPass</name>
         <value>0x5f5c</value>
         <object_component_ref idref="oc-1a"/>
      </symbol>
      <symbol id="sm-1f8">
         <name>_init</name>
         <value>0x1d40</value>
         <object_component_ref idref="oc-6d"/>
      </symbol>
      <symbol id="sm-1f9">
         <name>_output_sample</name>
         <value>0x1c94</value>
         <object_component_ref idref="oc-6d"/>
      </symbol>
      <symbol id="sm-1fa">
         <name>_cfgEdmaPang_rx</name>
         <value>0x608c</value>
         <object_component_ref idref="oc-1a"/>
      </symbol>
      <symbol id="sm-1fb">
         <name>_cfgEdmaPing_rx</name>
         <value>0x605c</value>
         <object_component_ref idref="oc-1a"/>
      </symbol>
      <symbol id="sm-1fc">
         <name>_cfgEdmaPong_rx</name>
         <value>0x6074</value>
         <object_component_ref idref="oc-1a"/>
      </symbol>
      <symbol id="sm-1fd">
         <name>_cfgEdmaPang_tx</name>
         <value>0x60d4</value>
         <object_component_ref idref="oc-1a"/>
      </symbol>
      <symbol id="sm-1fe">
         <name>_cfgEdmaPing_tx</name>
         <value>0x60a4</value>
         <object_component_ref idref="oc-1a"/>
      </symbol>
      <symbol id="sm-1ff">
         <name>_bandPass</name>
         <value>0x5eb8</value>
         <object_component_ref idref="oc-1a"/>
      </symbol>
      <symbol id="sm-200">
         <name>_cfgEdmaPong_tx</name>
         <value>0x60bc</value>
         <object_component_ref idref="oc-1a"/>
      </symbol>
      <symbol id="sm-201">
         <name>_forever_loop</name>
         <value>0x7c</value>
         <object_component_ref idref="oc-6d"/>
      </symbol>
      <symbol id="sm-202">
         <name>_c_int8</name>
         <value>0x2da0</value>
         <object_component_ref idref="oc-1c"/>
      </symbol>
      <symbol id="sm-203">
         <name>_hCodec</name>
         <value>0x5e0c</value>
         <object_component_ref idref="oc-1a"/>
      </symbol>
      <symbol id="sm-204">
         <name>_rx_pong</name>
         <value>0x6680</value>
         <object_component_ref idref="oc-1b"/>
      </symbol>
      <symbol id="sm-205">
         <name>_rx_pang</name>
         <value>0x6880</value>
         <object_component_ref idref="oc-1b"/>
      </symbol>
      <symbol id="sm-206">
         <name>_config1</name>
         <value>0x5de4</value>
         <object_component_ref idref="oc-1a"/>
      </symbol>
      <symbol id="sm-207">
         <name>_AIC_data</name>
         <value>0x5e10</value>
         <object_component_ref idref="oc-1a"/>
      </symbol>
      <symbol id="sm-208">
         <name>_tx_pong</name>
         <value>0x6c80</value>
         <object_component_ref idref="oc-1b"/>
      </symbol>
      <symbol id="sm-209">
         <name>_hEdmaPong_rx</name>
         <value>0x6014</value>
         <object_component_ref idref="oc-1a"/>
      </symbol>
      <symbol id="sm-20a">
         <name>_hEdmaPing_rx</name>
         <value>0x6010</value>
         <object_component_ref idref="oc-1a"/>
      </symbol>
      <symbol id="sm-20b">
         <name>_hEdmaPang_rx</name>
         <value>0x6018</value>
         <object_component_ref idref="oc-1a"/>
      </symbol>
      <symbol id="sm-20c">
         <name>_rx_ping</name>
         <value>0x6480</value>
         <object_component_ref idref="oc-1b"/>
      </symbol>
      <symbol id="sm-20d">
         <name>_lowPass</name>
         <value>0x5e14</value>
         <object_component_ref idref="oc-1a"/>
      </symbol>
      <symbol id="sm-20e">
         <name>_input_sample</name>
         <value>0x1cf0</value>
         <object_component_ref idref="oc-6d"/>
      </symbol>
      <symbol id="sm-20f">
         <name>_hEdma_rx</name>
         <value>0x600c</value>
         <object_component_ref idref="oc-1a"/>
      </symbol>
      <symbol id="sm-210">
         <name>_tx_pang</name>
         <value>0x6e80</value>
         <object_component_ref idref="oc-1b"/>
      </symbol>
      <symbol id="sm-211">
         <name>_hEdmaPong_tx</name>
         <value>0x603c</value>
         <object_component_ref idref="oc-1a"/>
      </symbol>
      <symbol id="sm-212">
         <name>_hEdmaPing_tx</name>
         <value>0x6038</value>
         <object_component_ref idref="oc-1a"/>
      </symbol>
      <symbol id="sm-213">
         <name>_hEdmaPang_tx</name>
         <value>0x6040</value>
         <object_component_ref idref="oc-1a"/>
      </symbol>
      <symbol id="sm-214">
         <name>_hEdma_tx</name>
         <value>0x6034</value>
         <object_component_ref idref="oc-1a"/>
      </symbol>
      <symbol id="sm-215">
         <name>_cfgEdma_tx</name>
         <value>0x6044</value>
         <object_component_ref idref="oc-1a"/>
      </symbol>
      <symbol id="sm-216">
         <name>_cfgEdma_rx</name>
         <value>0x601c</value>
         <object_component_ref idref="oc-1a"/>
      </symbol>
      <symbol id="sm-223">
         <name>_vector10</name>
         <value>0x7540</value>
         <object_component_ref idref="oc-21"/>
      </symbol>
      <symbol id="sm-224">
         <name>_vector11</name>
         <value>0x7560</value>
         <object_component_ref idref="oc-21"/>
      </symbol>
      <symbol id="sm-225">
         <name>_vector12</name>
         <value>0x7580</value>
         <object_component_ref idref="oc-21"/>
      </symbol>
      <symbol id="sm-226">
         <name>_vector13</name>
         <value>0x75a0</value>
         <object_component_ref idref="oc-21"/>
      </symbol>
      <symbol id="sm-227">
         <name>_vector14</name>
         <value>0x75c0</value>
         <object_component_ref idref="oc-21"/>
      </symbol>
      <symbol id="sm-228">
         <name>_vector15</name>
         <value>0x75e0</value>
         <object_component_ref idref="oc-21"/>
      </symbol>
      <symbol id="sm-229">
         <name>_vectors</name>
         <value>0x7400</value>
         <object_component_ref idref="oc-21"/>
      </symbol>
      <symbol id="sm-22a">
         <name>_vector1</name>
         <value>0x7420</value>
         <object_component_ref idref="oc-21"/>
      </symbol>
      <symbol id="sm-22b">
         <name>_vector3</name>
         <value>0x7460</value>
         <object_component_ref idref="oc-21"/>
      </symbol>
      <symbol id="sm-22c">
         <name>_vector2</name>
         <value>0x7440</value>
         <object_component_ref idref="oc-21"/>
      </symbol>
      <symbol id="sm-22d">
         <name>_vector5</name>
         <value>0x74a0</value>
         <object_component_ref idref="oc-21"/>
      </symbol>
      <symbol id="sm-22e">
         <name>_vector4</name>
         <value>0x7480</value>
         <object_component_ref idref="oc-21"/>
      </symbol>
      <symbol id="sm-22f">
         <name>_vector7</name>
         <value>0x74e0</value>
         <object_component_ref idref="oc-21"/>
      </symbol>
      <symbol id="sm-230">
         <name>_vector6</name>
         <value>0x74c0</value>
         <object_component_ref idref="oc-21"/>
      </symbol>
      <symbol id="sm-231">
         <name>_vector9</name>
         <value>0x7520</value>
         <object_component_ref idref="oc-21"/>
      </symbol>
      <symbol id="sm-23d">
         <name>_c_int00</name>
         <value>0x4b40</value>
         <object_component_ref idref="oc-17"/>
      </symbol>
      <symbol id="sm-23e">
         <name>__stack</name>
         <value>0x4fe0</value>
         <object_component_ref idref="oc-26"/>
      </symbol>
      <symbol id="sm-24e">
         <name>C$$EXIT</name>
         <value>0x4f80</value>
         <object_component_ref idref="oc-6e"/>
      </symbol>
      <symbol id="sm-24f">
         <name>_exit</name>
         <value>0x4680</value>
         <object_component_ref idref="oc-64"/>
      </symbol>
      <symbol id="sm-250">
         <name>___TI_enable_exit_profile_output</name>
         <value>0x62e8</value>
         <object_component_ref idref="oc-2b"/>
      </symbol>
      <symbol id="sm-251">
         <name>_abort</name>
         <value>0x4f80</value>
         <object_component_ref idref="oc-6e"/>
      </symbol>
      <symbol id="sm-252">
         <name>__cleanup_ptr</name>
         <value>0x62e0</value>
         <object_component_ref idref="oc-2b"/>
      </symbol>
      <symbol id="sm-253">
         <name>__dtors_ptr</name>
         <value>0x62e4</value>
         <object_component_ref idref="oc-2b"/>
      </symbol>
      <symbol id="sm-25d">
         <name>__args_main</name>
         <value>0x4e20</value>
         <object_component_ref idref="oc-63"/>
      </symbol>
      <symbol id="sm-25e">
         <name>__TI_args_main</name>
         <value>0x1</value>
      </symbol>
      <symbol id="sm-268">
         <name>__auto_init</name>
         <value>0x42e0</value>
         <object_component_ref idref="oc-62"/>
      </symbol>
      <symbol id="sm-272">
         <name>___TI_cpp_init</name>
         <value>0x4ac0</value>
         <object_component_ref idref="oc-6c"/>
      </symbol>
      <symbol id="sm-27c">
         <name>_copy_in</name>
         <value>0x4820</value>
         <object_component_ref idref="oc-6a"/>
      </symbol>
      <symbol id="sm-286">
         <name>_memcpy</name>
         <value>0x32c0</value>
         <object_component_ref idref="oc-6b"/>
      </symbol>
      <symbol id="sm-292">
         <name>_CSL6713_LIB_</name>
         <value>0x4e60</value>
         <object_component_ref idref="oc-70"/>
      </symbol>
      <symbol id="sm-293">
         <name>__CSL_init</name>
         <value>0x3700</value>
         <object_component_ref idref="oc-71"/>
      </symbol>
      <symbol id="sm-2b3">
         <name>_EDMA_intClear</name>
         <value>0x4e80</value>
         <object_component_ref idref="oc-66"/>
      </symbol>
      <symbol id="sm-2b4">
         <name>_EDMA_enableChannel</name>
         <value>0x4c20</value>
         <object_component_ref idref="oc-7c"/>
      </symbol>
      <symbol id="sm-2b5">
         <name>_EDMA_intDisable</name>
         <value>0x4c80</value>
         <object_component_ref idref="oc-7a"/>
      </symbol>
      <symbol id="sm-2b6">
         <name>_EDMA_config</name>
         <value>0x43e0</value>
         <object_component_ref idref="oc-79"/>
      </symbol>
      <symbol id="sm-2b7">
         <name>_EDMA_clearPram</name>
         <value>0x4760</value>
         <object_component_ref idref="oc-76"/>
      </symbol>
      <symbol id="sm-2b8">
         <name>_EDMA_reset</name>
         <value>0x3e80</value>
         <object_component_ref idref="oc-85"/>
      </symbol>
      <symbol id="sm-2b9">
         <name>_tccAllocTable</name>
         <value>0x61f4</value>
         <object_component_ref idref="oc-41"/>
      </symbol>
      <symbol id="sm-2ba">
         <name>_EDMA_open</name>
         <value>0x3060</value>
         <object_component_ref idref="oc-77"/>
      </symbol>
      <symbol id="sm-2bb">
         <name>_EDMA_intTest</name>
         <value>0x4ea0</value>
         <object_component_ref idref="oc-65"/>
      </symbol>
      <symbol id="sm-2bc">
         <name>_EDMA_qdmaConfig</name>
         <value>0x4d40</value>
         <object_component_ref idref="oc-86"/>
      </symbol>
      <symbol id="sm-2bd">
         <name>_EDMA_disableChannel</name>
         <value>0x4bc0</value>
         <object_component_ref idref="oc-8a"/>
      </symbol>
      <symbol id="sm-2be">
         <name>_EDMA_intEnable</name>
         <value>0x4ce0</value>
         <object_component_ref idref="oc-7b"/>
      </symbol>
      <symbol id="sm-2bf">
         <name>_EDMA_allocTable</name>
         <value>0x3500</value>
         <object_component_ref idref="oc-78"/>
      </symbol>
      <symbol id="sm-2df">
         <name>_IRQ_setVecs</name>
         <value>0x4f20</value>
         <object_component_ref idref="oc-7d"/>
      </symbol>
      <symbol id="sm-2e0">
         <name>__IRQ_eventTable</name>
         <value>0x6114</value>
         <object_component_ref idref="oc-45"/>
      </symbol>
      <symbol id="sm-2e1">
         <name>_IRQ_nmiEnable</name>
         <value>0x4f00</value>
         <object_component_ref idref="oc-82"/>
      </symbol>
      <symbol id="sm-2e2">
         <name>_IRQ_reset</name>
         <value>0x4de0</value>
         <object_component_ref idref="oc-7f"/>
      </symbol>
      <symbol id="sm-2e3">
         <name>__IRQ_intTable</name>
         <value>0x6198</value>
         <object_component_ref idref="oc-45"/>
      </symbol>
      <symbol id="sm-2e4">
         <name>_IRQ_globalEnable</name>
         <value>0x4ee0</value>
         <object_component_ref idref="oc-81"/>
      </symbol>
      <symbol id="sm-2e5">
         <name>_IRQ_globalDisable</name>
         <value>0x4ec0</value>
         <object_component_ref idref="oc-75"/>
      </symbol>
      <symbol id="sm-2e6">
         <name>_IRQ_map</name>
         <value>0x38c0</value>
         <object_component_ref idref="oc-7e"/>
      </symbol>
      <symbol id="sm-2e7">
         <name>__IRQ_init</name>
         <value>0x4a40</value>
         <object_component_ref idref="oc-83"/>
      </symbol>
      <symbol id="sm-2e8">
         <name>_IRQ_enable</name>
         <value>0x4da0</value>
         <object_component_ref idref="oc-80"/>
      </symbol>
      <symbol id="sm-2e9">
         <name>__IRQ_dispatchTable</name>
         <value>0x61d8</value>
         <object_component_ref idref="oc-45"/>
      </symbol>
      <symbol id="sm-2ea">
         <name>__IRQ_hookFetchPacket</name>
         <value>0x4fa0</value>
         <object_component_ref idref="oc-43"/>
      </symbol>
      <symbol id="sm-2fc">
         <name>_MCBSP_reset</name>
         <value>0x3a60</value>
         <object_component_ref idref="oc-6f"/>
      </symbol>
      <symbol id="sm-2fd">
         <name>_MCBSP_read</name>
         <value>0x4f40</value>
         <object_component_ref idref="oc-74"/>
      </symbol>
      <symbol id="sm-2fe">
         <name>_MCBSP_open</name>
         <value>0x44c0</value>
         <object_component_ref idref="oc-68"/>
      </symbol>
      <symbol id="sm-2ff">
         <name>__MCBSP_hDev0</name>
         <value>0x6264</value>
         <object_component_ref idref="oc-48"/>
      </symbol>
      <symbol id="sm-300">
         <name>__MCBSP_hDev1</name>
         <value>0x6268</value>
         <object_component_ref idref="oc-48"/>
      </symbol>
      <symbol id="sm-301">
         <name>_MCBSP_start</name>
         <value>0x41e0</value>
         <object_component_ref idref="oc-69"/>
      </symbol>
      <symbol id="sm-302">
         <name>_MCBSP_write</name>
         <value>0x4f60</value>
         <object_component_ref idref="oc-73"/>
      </symbol>
      <symbol id="sm-30e">
         <name>_TIMER_reset</name>
         <value>0x3fa0</value>
         <object_component_ref idref="oc-89"/>
      </symbol>
      <symbol id="sm-30f">
         <name>_TIMER_open</name>
         <value>0x3be0</value>
         <object_component_ref idref="oc-84"/>
      </symbol>
      <symbol id="sm-310">
         <name>__TIMER_hDev0</name>
         <value>0x62d4</value>
         <object_component_ref idref="oc-4b"/>
      </symbol>
      <symbol id="sm-311">
         <name>__TIMER_hDev1</name>
         <value>0x62d8</value>
         <object_component_ref idref="oc-4b"/>
      </symbol>
      <symbol id="sm-312">
         <name>__TIMER_hBios</name>
         <value>0x62dc</value>
         <object_component_ref idref="oc-4b"/>
      </symbol>
      <symbol id="sm-313">
         <name>__TIMER_deviceTable</name>
         <value>0x62bc</value>
         <object_component_ref idref="oc-4b"/>
      </symbol>
      <symbol id="sm-321">
         <name>_DSK6713_init</name>
         <value>0x266c</value>
         <object_component_ref idref="oc-4d"/>
      </symbol>
      <symbol id="sm-322">
         <name>_DSK6713_version</name>
         <value>0x62f4</value>
         <object_component_ref idref="oc-4e"/>
      </symbol>
      <symbol id="sm-323">
         <name>_DSK6713_rget</name>
         <value>0x2988</value>
         <object_component_ref idref="oc-4d"/>
      </symbol>
      <symbol id="sm-324">
         <name>_DSK6713_wait</name>
         <value>0x29b0</value>
         <object_component_ref idref="oc-4d"/>
      </symbol>
      <symbol id="sm-325">
         <name>_DSK6713_rset</name>
         <value>0x299c</value>
         <object_component_ref idref="oc-4d"/>
      </symbol>
      <symbol id="sm-326">
         <name>_DSK6713_waitusec</name>
         <value>0x2a08</value>
         <object_component_ref idref="oc-4d"/>
      </symbol>
      <symbol id="sm-327">
         <name>_DSK6713_getVersion</name>
         <value>0x2a34</value>
         <object_component_ref idref="oc-4d"/>
      </symbol>
      <symbol id="sm-335">
         <name>_DSK6713_AIC23_codeccontrolhandle</name>
         <value>0x62ec</value>
         <object_component_ref idref="oc-54"/>
      </symbol>
      <symbol id="sm-336">
         <name>_DSK6713_AIC23_codecdatahandle</name>
         <value>0x62f0</value>
         <object_component_ref idref="oc-54"/>
      </symbol>
      <symbol id="sm-337">
         <name>_DSK6713_AIC23_openCodec</name>
         <value>0x2aa0</value>
         <object_component_ref idref="oc-53"/>
      </symbol>
      <symbol id="sm-345">
         <name>_DSK6713_AIC23_config</name>
         <value>0x3e00</value>
         <object_component_ref idref="oc-59"/>
      </symbol>
      <symbol id="sm-346">
         <name>_DSK6713_AIC23_rget</name>
         <value>0x3dd8</value>
         <object_component_ref idref="oc-59"/>
      </symbol>
      <symbol id="sm-347">
         <name>_DSK6713_AIC23_rset</name>
         <value>0x3d40</value>
         <object_component_ref idref="oc-59"/>
      </symbol>
      <symbol id="sm-34f">
         <name>__strasg</name>
         <value>0x45a0</value>
         <object_component_ref idref="oc-67"/>
      </symbol>
   </symbol_table>
</link_info>
