******************************************************************************
               TMS320C6x Linker PC v7.4.24                     
******************************************************************************
>> Linked Tue Oct 08 21:19:47 2019

OUTPUT FILE NAME:   <BWard_KHey_ES_HW4.out>
ENTRY POINT SYMBOL: "_c_int00"  address: 000042a0


MEMORY CONFIGURATION

         name            origin    length      used     unused   attr    fill
----------------------  --------  ---------  --------  --------  ----  --------
  IRAM                  00000000   00030000  00006ce2  0002931e  RWIX
  L2RAM                 00030000   00010000  00000000  00010000  RWIX
  EMIFCE0               80000000   10000000  00000000  10000000  RWIX
  EMIFCE1               90000000   10000000  00000000  10000000  RWIX
  EMIFCE2               a0000000   10000000  00000000  10000000  RWIX
  EMIFCE3               b0000000   10000000  00000000  10000000  RWIX


SECTION ALLOCATION MAP

 output                                  attributes/
section   page    origin      length       input sections
--------  ----  ----------  ----------   ----------------
.bss       0    00000000    00000000     UNINITIALIZED

.data      0    00000000    00000000     UNINITIALIZED

.pinit     0    00000000    00000000     UNINITIALIZED

$BRID      0    00000000    00000250     COPY SECTION
                  00000000    00000014     csl6713.lib : csl.obj ($BRID)
                  00000014    000000e8                 : csl_edma.obj ($BRID)
                  000000fc    00000078                 : csl_irq.obj ($BRID)
                  00000174    0000007c                 : csl_mcbsp.obj ($BRID)
                  000001f0    00000060                 : csl_timer.obj ($BRID)

.text      0    00000000    00004740     
                  00000000    00001d80     main.obj (.text)
                  00001d80    00000480     dsk6713bsl.lib : dsk6713.obj (.text)
                  00002200    00000300                    : dsk6713_aic23_opencodec.obj (.text)
                  00002500    000002c0     main.obj (.text:retain)
                  000027c0    00000260     csl6713.lib : csl_edma.obj (.text:_EDMA_open)
                  00002a20    00000240     rts6700.lib : memcpy62.obj (.text:_memcpy)
                  00002c60    00000200     csl6713.lib : csl_edma.obj (.text:_EDMA_allocTable)
                  00002e60    000001c0                 : csl.obj (.text:__CSL_init)
                  00003020    000001a0                 : csl_irq.obj (.text:_IRQ_map)
                  000031c0    00000180                 : csl_mcbsp.obj (.text:_MCBSP_reset)
                  00003340    00000160                 : csl_timer.obj (.text:_TIMER_open)
                  000034a0    00000140     dsk6713bsl.lib : dsk6713_aic23_registers.obj (.text)
                  000035e0    00000120     csl6713.lib : csl_edma.obj (.text:_EDMA_reset)
                  00003700    00000120                 : csl_timer.obj (.text:_TIMER_reset)
                  00003820    00000120                 : csl_irq.obj (.text:_mux2Tables)
                  00003940    00000100                 : csl_mcbsp.obj (.text:_MCBSP_start)
                  00003a40    00000100     rts6700.lib : autoinit.obj (.text:__auto_init)
                  00003b40    000000e0     csl6713.lib : csl_edma.obj (.text:_EDMA_config)
                  00003c20    000000e0                 : csl_mcbsp.obj (.text:_MCBSP_open)
                  00003d00    000000e0     rts6700.lib : strasg.obj (.text:__strasg)
                  00003de0    000000e0                 : exit.obj (.text:_exit)
                  00003ec0    000000c0     csl6713.lib : csl_edma.obj (.text:_EDMA_clearPram)
                  00003f80    000000c0     rts6700.lib : cpy_tbl.obj (.text:_copy_in)
                  00004040    000000c0     csl6713.lib : csl_irq.obj (.text:_getMux)
                  00004100    000000a0                 : csl_irq.obj (.text:_setMux)
                  000041a0    00000080                 : csl_irq.obj (.text:__IRQ_init)
                  00004220    00000080     rts6700.lib : cpp_init.obj (.text:___TI_cpp_init)
                  000042a0    00000080                 : boot.obj (.text:_c_int00)
                  00004320    00000060     csl6713.lib : csl_edma.obj (.text:_EDMA_disableChannel)
                  00004380    00000060                 : csl_edma.obj (.text:_EDMA_enableChannel)
                  000043e0    00000060                 : csl_edma.obj (.text:_EDMA_intDisable)
                  00004440    00000060                 : csl_edma.obj (.text:_EDMA_intEnable)
                  000044a0    00000060                 : csl_edma.obj (.text:_EDMA_qdmaConfig)
                  00004500    00000040                 : csl_irq.obj (.text:_IRQ_enable)
                  00004540    00000040                 : csl_irq.obj (.text:_IRQ_reset)
                  00004580    00000040     rts6700.lib : args_main.obj (.text:__args_main)
                  000045c0    00000020     csl6713.lib : csl.obj (.text:_CSL6713_LIB_)
                  000045e0    00000020                 : csl_edma.obj (.text:_EDMA_intClear)
                  00004600    00000020                 : csl_edma.obj (.text:_EDMA_intTest)
                  00004620    00000020                 : csl_irq.obj (.text:_IRQ_globalDisable)
                  00004640    00000020                 : csl_irq.obj (.text:_IRQ_globalEnable)
                  00004660    00000020                 : csl_irq.obj (.text:_IRQ_nmiEnable)
                  00004680    00000020                 : csl_irq.obj (.text:_IRQ_setVecs)
                  000046a0    00000020                 : csl_mcbsp.obj (.text:_MCBSP_read)
                  000046c0    00000020                 : csl_mcbsp.obj (.text:_MCBSP_write)
                  000046e0    00000020     rts6700.lib : exit.obj (.text:_abort)
                  00004700    00000020     csl6713.lib : csl_irq.obj (.text)
                  00004720    00000020     vectors_intr.obj (.text)

.stack     0    00004740    00000800     UNINITIALIZED
                  00004740    00000008     rts6700.lib : boot.obj (.stack)
                  00004748    000007f8     --HOLE--

.cinit     0    00004f40    000007e4     
                  00004f40    000004f8     main.obj (.cinit)
                  00005438    0000012c     csl6713.lib : csl_irq.obj (.cinit)
                  00005564    00000004     --HOLE-- [fill = 0]
                  00005568    00000070                 : csl_edma.obj (.cinit)
                  000055d8    00000054                 : csl_mcbsp.obj (.cinit)
                  0000562c    00000004     --HOLE-- [fill = 0]
                  00005630    0000004c                 : csl_timer.obj (.cinit)
                  0000567c    00000004     --HOLE-- [fill = 0]
                  00005680    0000003c                 : csl.obj (.cinit)
                  000056bc    00000004     --HOLE-- [fill = 0]
                  000056c0    00000030     dsk6713bsl.lib : dsk6713_aic23_registers.obj (.cinit)
                  000056f0    0000002c     rts6700.lib : exit.obj (.cinit)
                  0000571c    00000004     --HOLE-- [fill = 0]
                  00005720    00000004     (.pad.cinit) [fill = 0]

.far       0    00005724    000006f2     UNINITIALIZED
                  00005724    000004e8     main.obj (.far)
                  00005c0c    000000f4     csl6713.lib : csl_irq.obj (.far)
                  00005d00    00000054                 : csl_edma.obj (.far)
                  00005d54    00000038                 : csl_mcbsp.obj (.far)
                  00005d8c    00000028                 : csl.obj (.far)
                  00005db4    00000028     dsk6713bsl.lib : dsk6713_aic23_registers.obj (.far)
                  00005ddc    00000024     csl6713.lib : csl_timer.obj (.far)
                  00005e00    0000000c     rts6700.lib : exit.obj (.far)
                  00005e0c    00000008     dsk6713bsl.lib : dsk6713_aic23_opencodec.obj (.far)
                  00005e14    00000002                    : dsk6713.obj (.far)

.switch    0    00005e18    0000006c     
                  00005e18    0000006c     main.obj (.switch:_forever_loop)

.const     0    00005e84    00000060     
                  00005e84    00000040     dsk6713bsl.lib : dsk6713_aic23_opencodec.obj (.const)
                  00005ec4    00000020                    : dsk6713.obj (.const)

.buffers   0    00005f00    00000c00     UNINITIALIZED
                  00005f00    00000c00     main.obj (.buffers)

.vecs      0    00006c00    00000200     
                  00006c00    00000200     vectors_intr.obj (.vecs)


GLOBAL SYMBOLS: SORTED ALPHABETICALLY BY Name 

address    name
--------   ----
00000000   $bss
00000000   .bss
00000000   .data
00000000   .text
000046e0   C$$EXIT
00005750   _AIC_data
000045c0   _CSL6713_LIB_
00005e0c   _DSK6713_AIC23_codeccontrolhandle
00005e10   _DSK6713_AIC23_codecdatahandle
00003560   _DSK6713_AIC23_config
00002200   _DSK6713_AIC23_openCodec
00003538   _DSK6713_AIC23_rget
000034a0   _DSK6713_AIC23_rset
00002194   _DSK6713_getVersion
00001dcc   _DSK6713_init
000020e8   _DSK6713_rget
000020fc   _DSK6713_rset
00005e14   _DSK6713_version
00002110   _DSK6713_wait
00002168   _DSK6713_waitusec
00002c60   _EDMA_allocTable
00003ec0   _EDMA_clearPram
00003b40   _EDMA_config
00004320   _EDMA_disableChannel
00004380   _EDMA_enableChannel
000045e0   _EDMA_intClear
000043e0   _EDMA_intDisable
00004440   _EDMA_intEnable
00004600   _EDMA_intTest
000027c0   _EDMA_open
000044a0   _EDMA_qdmaConfig
000035e0   _EDMA_reset
00005b20   _Glo
00004500   _IRQ_enable
00004620   _IRQ_globalDisable
00004640   _IRQ_globalEnable
00003020   _IRQ_map
00004660   _IRQ_nmiEnable
00004540   _IRQ_reset
00004680   _IRQ_setVecs
00003c20   _MCBSP_open
000046a0   _MCBSP_read
000031c0   _MCBSP_reset
00003940   _MCBSP_start
000046c0   _MCBSP_write
00003340   _TIMER_open
00003700   _TIMER_reset
00002e60   __CSL_init
00005cf8   __IRQ_dispatchTable
00005c34   __IRQ_eventTable
00004700   __IRQ_hookFetchPacket
000041a0   __IRQ_init
00005cb8   __IRQ_intTable
00005d84   __MCBSP_hDev0
00005d88   __MCBSP_hDev1
00004f40   __STACK_END
00000800   __STACK_SIZE
00005ddc   __TIMER_deviceTable
00005dfc   __TIMER_hBios
00005df4   __TIMER_hDev0
00005df8   __TIMER_hDev1
00000001   __TI_args_main
00004220   ___TI_cpp_init
00005e08   ___TI_enable_exit_profile_output
ffffffff   ___TI_pprof_out_hndl
ffffffff   ___TI_prof_data_size
ffffffff   ___TI_prof_data_start
ffffffff   ___binit__
00000000   ___bss__
ffffffff   ___c_args__
00004f40   ___cinit__
00000000   ___data__
00000000   ___edata__
00000000   ___end__
00004740   ___etext__
ffffffff   ___pinit__
00000000   ___text__
00004580   __args_main
00003a40   __auto_init
00005e00   __cleanup_ptr
00005e04   __dtors_ptr
00004740   __stack
00003d00   __strasg
000046e0   _abort
00005898   _bandPass
000042a0   _c_int00
00002500   _c_int8
00005bac   _cfgEdmaPang_rx
00005bf4   _cfgEdmaPang_tx
00005b7c   _cfgEdmaPing_rx
00005bc4   _cfgEdmaPing_tx
00005b94   _cfgEdmaPong_rx
00005bdc   _cfgEdmaPong_tx
00005b3c   _cfgEdma_rx
00005b64   _cfgEdma_tx
00005724   _config1
00003f80   _copy_in
00003de0   _exit
0000007c   _forever_loop
0000574c   _hCodec
00005b38   _hEdmaPang_rx
00005b60   _hEdmaPang_tx
00005b30   _hEdmaPing_rx
00005b58   _hEdmaPing_tx
00005b34   _hEdmaPong_rx
00005b5c   _hEdmaPong_tx
00005b2c   _hEdma_rx
00005b54   _hEdma_tx
000059dc   _highPass
000014a8   _init
00001458   _input_sample
00005754   _lowPass
00000048   _main
00002a20   _memcpy
00001400   _output_sample
00006300   _rx_pang
00005f00   _rx_ping
00006100   _rx_pong
00005d14   _tccAllocTable
00006900   _tx_pang
00006500   _tx_ping
00006700   _tx_pong
00006c20   _vector1
00006d40   _vector10
00006d60   _vector11
00006d80   _vector12
00006da0   _vector13
00006dc0   _vector14
00006de0   _vector15
00006c40   _vector2
00006c60   _vector3
00006c80   _vector4
00006ca0   _vector5
00006cc0   _vector6
00006ce0   _vector7
00006d20   _vector9
00006c00   _vectors
ffffffff   binit
00004f40   cinit
00000000   edata
00000000   end
00004740   etext
ffffffff   pinit


GLOBAL SYMBOLS: SORTED BY Symbol Address 

address    name
--------   ----
00000000   $bss
00000000   .bss
00000000   .data
00000000   .text
00000000   ___bss__
00000000   ___data__
00000000   ___edata__
00000000   ___end__
00000000   ___text__
00000000   edata
00000000   end
00000001   __TI_args_main
00000048   _main
0000007c   _forever_loop
00000800   __STACK_SIZE
00001400   _output_sample
00001458   _input_sample
000014a8   _init
00001dcc   _DSK6713_init
000020e8   _DSK6713_rget
000020fc   _DSK6713_rset
00002110   _DSK6713_wait
00002168   _DSK6713_waitusec
00002194   _DSK6713_getVersion
00002200   _DSK6713_AIC23_openCodec
00002500   _c_int8
000027c0   _EDMA_open
00002a20   _memcpy
00002c60   _EDMA_allocTable
00002e60   __CSL_init
00003020   _IRQ_map
000031c0   _MCBSP_reset
00003340   _TIMER_open
000034a0   _DSK6713_AIC23_rset
00003538   _DSK6713_AIC23_rget
00003560   _DSK6713_AIC23_config
000035e0   _EDMA_reset
00003700   _TIMER_reset
00003940   _MCBSP_start
00003a40   __auto_init
00003b40   _EDMA_config
00003c20   _MCBSP_open
00003d00   __strasg
00003de0   _exit
00003ec0   _EDMA_clearPram
00003f80   _copy_in
000041a0   __IRQ_init
00004220   ___TI_cpp_init
000042a0   _c_int00
00004320   _EDMA_disableChannel
00004380   _EDMA_enableChannel
000043e0   _EDMA_intDisable
00004440   _EDMA_intEnable
000044a0   _EDMA_qdmaConfig
00004500   _IRQ_enable
00004540   _IRQ_reset
00004580   __args_main
000045c0   _CSL6713_LIB_
000045e0   _EDMA_intClear
00004600   _EDMA_intTest
00004620   _IRQ_globalDisable
00004640   _IRQ_globalEnable
00004660   _IRQ_nmiEnable
00004680   _IRQ_setVecs
000046a0   _MCBSP_read
000046c0   _MCBSP_write
000046e0   C$$EXIT
000046e0   _abort
00004700   __IRQ_hookFetchPacket
00004740   ___etext__
00004740   __stack
00004740   etext
00004f40   __STACK_END
00004f40   ___cinit__
00004f40   cinit
00005724   _config1
0000574c   _hCodec
00005750   _AIC_data
00005754   _lowPass
00005898   _bandPass
000059dc   _highPass
00005b20   _Glo
00005b2c   _hEdma_rx
00005b30   _hEdmaPing_rx
00005b34   _hEdmaPong_rx
00005b38   _hEdmaPang_rx
00005b3c   _cfgEdma_rx
00005b54   _hEdma_tx
00005b58   _hEdmaPing_tx
00005b5c   _hEdmaPong_tx
00005b60   _hEdmaPang_tx
00005b64   _cfgEdma_tx
00005b7c   _cfgEdmaPing_rx
00005b94   _cfgEdmaPong_rx
00005bac   _cfgEdmaPang_rx
00005bc4   _cfgEdmaPing_tx
00005bdc   _cfgEdmaPong_tx
00005bf4   _cfgEdmaPang_tx
00005c34   __IRQ_eventTable
00005cb8   __IRQ_intTable
00005cf8   __IRQ_dispatchTable
00005d14   _tccAllocTable
00005d84   __MCBSP_hDev0
00005d88   __MCBSP_hDev1
00005ddc   __TIMER_deviceTable
00005df4   __TIMER_hDev0
00005df8   __TIMER_hDev1
00005dfc   __TIMER_hBios
00005e00   __cleanup_ptr
00005e04   __dtors_ptr
00005e08   ___TI_enable_exit_profile_output
00005e0c   _DSK6713_AIC23_codeccontrolhandle
00005e10   _DSK6713_AIC23_codecdatahandle
00005e14   _DSK6713_version
00005f00   _rx_ping
00006100   _rx_pong
00006300   _rx_pang
00006500   _tx_ping
00006700   _tx_pong
00006900   _tx_pang
00006c00   _vectors
00006c20   _vector1
00006c40   _vector2
00006c60   _vector3
00006c80   _vector4
00006ca0   _vector5
00006cc0   _vector6
00006ce0   _vector7
00006d20   _vector9
00006d40   _vector10
00006d60   _vector11
00006d80   _vector12
00006da0   _vector13
00006dc0   _vector14
00006de0   _vector15
ffffffff   ___TI_pprof_out_hndl
ffffffff   ___TI_prof_data_size
ffffffff   ___TI_prof_data_start
ffffffff   ___binit__
ffffffff   ___c_args__
ffffffff   ___pinit__
ffffffff   binit
ffffffff   pinit

[143 symbols]
