<?xml version="1.0"?>
<link_info>
   <banner>TMS320C6x Linker PC v7.4.24</banner>
   <copyright>Copyright (c) 1996-2017 Texas Instruments Incorporated</copyright>
   <link_time>0x5d9d43c3</link_time>
   <output_file>BWard_KHey_ES_HW4.out</output_file>
   <entry_point>
      <name>_c_int00</name>
      <address>0x42a0</address>
   </entry_point>
   <input_file_list>
      <input_file id="fl-2">
         <path>.\</path>
         <kind>object</kind>
         <file>main.obj</file>
         <name>main.obj</name>
      </input_file>
      <input_file id="fl-3">
         <path>.\</path>
         <kind>object</kind>
         <file>vectors_intr.obj</file>
         <name>vectors_intr.obj</name>
      </input_file>
      <input_file id="fl-9">
         <path>C:\Users\bradlwar\Downloads\DSK6713\DSK6713\c6000\dsk6713\lib\</path>
         <kind>archive</kind>
         <file>dsk6713bsl.lib</file>
         <name>dsk6713.obj</name>
      </input_file>
      <input_file id="fl-a">
         <path>C:\Users\bradlwar\Downloads\DSK6713\DSK6713\c6000\dsk6713\lib\</path>
         <kind>archive</kind>
         <file>dsk6713bsl.lib</file>
         <name>dsk6713_aic23_opencodec.obj</name>
      </input_file>
      <input_file id="fl-b">
         <path>C:\Users\bradlwar\Downloads\DSK6713\DSK6713\c6000\dsk6713\lib\</path>
         <kind>archive</kind>
         <file>dsk6713bsl.lib</file>
         <name>dsk6713_aic23_registers.obj</name>
      </input_file>
      <input_file id="fl-c">
         <path>C:\Users\bradlwar\Downloads\C6xCSL\lib_2x\</path>
         <kind>archive</kind>
         <file>csl6713.lib</file>
         <name>csl.obj</name>
      </input_file>
      <input_file id="fl-d">
         <path>C:\Users\bradlwar\Downloads\C6xCSL\lib_2x\</path>
         <kind>archive</kind>
         <file>csl6713.lib</file>
         <name>csl_edma.obj</name>
      </input_file>
      <input_file id="fl-e">
         <path>C:\Users\bradlwar\Downloads\C6xCSL\lib_2x\</path>
         <kind>archive</kind>
         <file>csl6713.lib</file>
         <name>csl_irq.obj</name>
      </input_file>
      <input_file id="fl-f">
         <path>C:\Users\bradlwar\Downloads\C6xCSL\lib_2x\</path>
         <kind>archive</kind>
         <file>csl6713.lib</file>
         <name>csl_mcbsp.obj</name>
      </input_file>
      <input_file id="fl-10">
         <path>C:\Users\bradlwar\Downloads\C6xCSL\lib_2x\</path>
         <kind>archive</kind>
         <file>csl6713.lib</file>
         <name>csl_timer.obj</name>
      </input_file>
      <input_file id="fl-88">
         <path>C:\ti\ccsv6\tools\compiler\c6000_7.4.24\lib\</path>
         <kind>archive</kind>
         <file>rts6700.lib</file>
         <name>boot.obj</name>
      </input_file>
      <input_file id="fl-89">
         <path>C:\ti\ccsv6\tools\compiler\c6000_7.4.24\lib\</path>
         <kind>archive</kind>
         <file>rts6700.lib</file>
         <name>exit.obj</name>
      </input_file>
      <input_file id="fl-8a">
         <path>C:\ti\ccsv6\tools\compiler\c6000_7.4.24\lib\</path>
         <kind>archive</kind>
         <file>rts6700.lib</file>
         <name>strasg.obj</name>
      </input_file>
      <input_file id="fl-8b">
         <path>C:\ti\ccsv6\tools\compiler\c6000_7.4.24\lib\</path>
         <kind>archive</kind>
         <file>rts6700.lib</file>
         <name>args_main.obj</name>
      </input_file>
      <input_file id="fl-8c">
         <path>C:\ti\ccsv6\tools\compiler\c6000_7.4.24\lib\</path>
         <kind>archive</kind>
         <file>rts6700.lib</file>
         <name>autoinit.obj</name>
      </input_file>
      <input_file id="fl-8d">
         <path>C:\ti\ccsv6\tools\compiler\c6000_7.4.24\lib\</path>
         <kind>archive</kind>
         <file>rts6700.lib</file>
         <name>cpp_init.obj</name>
      </input_file>
      <input_file id="fl-8e">
         <path>C:\ti\ccsv6\tools\compiler\c6000_7.4.24\lib\</path>
         <kind>archive</kind>
         <file>rts6700.lib</file>
         <name>cpy_tbl.obj</name>
      </input_file>
      <input_file id="fl-8f">
         <path>C:\ti\ccsv6\tools\compiler\c6000_7.4.24\lib\</path>
         <kind>archive</kind>
         <file>rts6700.lib</file>
         <name>memcpy62.obj</name>
      </input_file>
   </input_file_list>
   <object_component_list>
      <object_component id="oc-6d">
         <name>.text</name>
         <load_address>0x0</load_address>
         <run_address>0x0</run_address>
         <size>0x1d80</size>
         <input_file_ref idref="fl-2"/>
      </object_component>
      <object_component id="oc-25">
         <name>.text</name>
         <load_address>0x1d80</load_address>
         <run_address>0x1d80</run_address>
         <size>0x480</size>
         <input_file_ref idref="fl-9"/>
      </object_component>
      <object_component id="oc-2b">
         <name>.text</name>
         <load_address>0x2200</load_address>
         <run_address>0x2200</run_address>
         <size>0x300</size>
         <input_file_ref idref="fl-a"/>
      </object_component>
      <object_component id="oc-1c">
         <name>.text:retain</name>
         <load_address>0x2500</load_address>
         <run_address>0x2500</run_address>
         <size>0x2c0</size>
         <input_file_ref idref="fl-2"/>
      </object_component>
      <object_component id="oc-77">
         <name>.text:_EDMA_open</name>
         <load_address>0x27c0</load_address>
         <run_address>0x27c0</run_address>
         <size>0x260</size>
         <input_file_ref idref="fl-d"/>
      </object_component>
      <object_component id="oc-6b">
         <name>.text:_memcpy</name>
         <load_address>0x2a20</load_address>
         <run_address>0x2a20</run_address>
         <size>0x240</size>
         <input_file_ref idref="fl-8f"/>
      </object_component>
      <object_component id="oc-78">
         <name>.text:_EDMA_allocTable</name>
         <load_address>0x2c60</load_address>
         <run_address>0x2c60</run_address>
         <size>0x200</size>
         <input_file_ref idref="fl-d"/>
      </object_component>
      <object_component id="oc-71">
         <name>.text:__CSL_init</name>
         <load_address>0x2e60</load_address>
         <run_address>0x2e60</run_address>
         <size>0x1c0</size>
         <input_file_ref idref="fl-c"/>
      </object_component>
      <object_component id="oc-7e">
         <name>.text:_IRQ_map</name>
         <load_address>0x3020</load_address>
         <run_address>0x3020</run_address>
         <size>0x1a0</size>
         <input_file_ref idref="fl-e"/>
      </object_component>
      <object_component id="oc-6f">
         <name>.text:_MCBSP_reset</name>
         <load_address>0x31c0</load_address>
         <run_address>0x31c0</run_address>
         <size>0x180</size>
         <input_file_ref idref="fl-f"/>
      </object_component>
      <object_component id="oc-84">
         <name>.text:_TIMER_open</name>
         <load_address>0x3340</load_address>
         <run_address>0x3340</run_address>
         <size>0x160</size>
         <input_file_ref idref="fl-10"/>
      </object_component>
      <object_component id="oc-31">
         <name>.text</name>
         <load_address>0x34a0</load_address>
         <run_address>0x34a0</run_address>
         <size>0x140</size>
         <input_file_ref idref="fl-b"/>
      </object_component>
      <object_component id="oc-85">
         <name>.text:_EDMA_reset</name>
         <load_address>0x35e0</load_address>
         <run_address>0x35e0</run_address>
         <size>0x120</size>
         <input_file_ref idref="fl-d"/>
      </object_component>
      <object_component id="oc-89">
         <name>.text:_TIMER_reset</name>
         <load_address>0x3700</load_address>
         <run_address>0x3700</run_address>
         <size>0x120</size>
         <input_file_ref idref="fl-10"/>
      </object_component>
      <object_component id="oc-88">
         <name>.text:_mux2Tables</name>
         <load_address>0x3820</load_address>
         <run_address>0x3820</run_address>
         <size>0x120</size>
         <input_file_ref idref="fl-e"/>
      </object_component>
      <object_component id="oc-69">
         <name>.text:_MCBSP_start</name>
         <load_address>0x3940</load_address>
         <run_address>0x3940</run_address>
         <size>0x100</size>
         <input_file_ref idref="fl-f"/>
      </object_component>
      <object_component id="oc-62">
         <name>.text:__auto_init</name>
         <load_address>0x3a40</load_address>
         <run_address>0x3a40</run_address>
         <size>0x100</size>
         <input_file_ref idref="fl-8c"/>
      </object_component>
      <object_component id="oc-79">
         <name>.text:_EDMA_config</name>
         <load_address>0x3b40</load_address>
         <run_address>0x3b40</run_address>
         <size>0xe0</size>
         <input_file_ref idref="fl-d"/>
      </object_component>
      <object_component id="oc-68">
         <name>.text:_MCBSP_open</name>
         <load_address>0x3c20</load_address>
         <run_address>0x3c20</run_address>
         <size>0xe0</size>
         <input_file_ref idref="fl-f"/>
      </object_component>
      <object_component id="oc-67">
         <name>.text:__strasg</name>
         <load_address>0x3d00</load_address>
         <run_address>0x3d00</run_address>
         <size>0xe0</size>
         <input_file_ref idref="fl-8a"/>
      </object_component>
      <object_component id="oc-64">
         <name>.text:_exit</name>
         <load_address>0x3de0</load_address>
         <run_address>0x3de0</run_address>
         <size>0xe0</size>
         <input_file_ref idref="fl-89"/>
      </object_component>
      <object_component id="oc-76">
         <name>.text:_EDMA_clearPram</name>
         <load_address>0x3ec0</load_address>
         <run_address>0x3ec0</run_address>
         <size>0xc0</size>
         <input_file_ref idref="fl-d"/>
      </object_component>
      <object_component id="oc-6a">
         <name>.text:_copy_in</name>
         <load_address>0x3f80</load_address>
         <run_address>0x3f80</run_address>
         <size>0xc0</size>
         <input_file_ref idref="fl-8e"/>
      </object_component>
      <object_component id="oc-8b">
         <name>.text:_getMux</name>
         <load_address>0x4040</load_address>
         <run_address>0x4040</run_address>
         <size>0xc0</size>
         <input_file_ref idref="fl-e"/>
      </object_component>
      <object_component id="oc-87">
         <name>.text:_setMux</name>
         <load_address>0x4100</load_address>
         <run_address>0x4100</run_address>
         <size>0xa0</size>
         <input_file_ref idref="fl-e"/>
      </object_component>
      <object_component id="oc-83">
         <name>.text:__IRQ_init</name>
         <load_address>0x41a0</load_address>
         <run_address>0x41a0</run_address>
         <size>0x80</size>
         <input_file_ref idref="fl-e"/>
      </object_component>
      <object_component id="oc-6c">
         <name>.text:___TI_cpp_init</name>
         <load_address>0x4220</load_address>
         <run_address>0x4220</run_address>
         <size>0x80</size>
         <input_file_ref idref="fl-8d"/>
      </object_component>
      <object_component id="oc-17">
         <name>.text:_c_int00</name>
         <load_address>0x42a0</load_address>
         <run_address>0x42a0</run_address>
         <size>0x80</size>
         <input_file_ref idref="fl-88"/>
      </object_component>
      <object_component id="oc-8a">
         <name>.text:_EDMA_disableChannel</name>
         <load_address>0x4320</load_address>
         <run_address>0x4320</run_address>
         <size>0x60</size>
         <input_file_ref idref="fl-d"/>
      </object_component>
      <object_component id="oc-7c">
         <name>.text:_EDMA_enableChannel</name>
         <load_address>0x4380</load_address>
         <run_address>0x4380</run_address>
         <size>0x60</size>
         <input_file_ref idref="fl-d"/>
      </object_component>
      <object_component id="oc-7a">
         <name>.text:_EDMA_intDisable</name>
         <load_address>0x43e0</load_address>
         <run_address>0x43e0</run_address>
         <size>0x60</size>
         <input_file_ref idref="fl-d"/>
      </object_component>
      <object_component id="oc-7b">
         <name>.text:_EDMA_intEnable</name>
         <load_address>0x4440</load_address>
         <run_address>0x4440</run_address>
         <size>0x60</size>
         <input_file_ref idref="fl-d"/>
      </object_component>
      <object_component id="oc-86">
         <name>.text:_EDMA_qdmaConfig</name>
         <load_address>0x44a0</load_address>
         <run_address>0x44a0</run_address>
         <size>0x60</size>
         <input_file_ref idref="fl-d"/>
      </object_component>
      <object_component id="oc-80">
         <name>.text:_IRQ_enable</name>
         <load_address>0x4500</load_address>
         <run_address>0x4500</run_address>
         <size>0x40</size>
         <input_file_ref idref="fl-e"/>
      </object_component>
      <object_component id="oc-7f">
         <name>.text:_IRQ_reset</name>
         <load_address>0x4540</load_address>
         <run_address>0x4540</run_address>
         <size>0x40</size>
         <input_file_ref idref="fl-e"/>
      </object_component>
      <object_component id="oc-63">
         <name>.text:__args_main</name>
         <load_address>0x4580</load_address>
         <run_address>0x4580</run_address>
         <size>0x40</size>
         <input_file_ref idref="fl-8b"/>
      </object_component>
      <object_component id="oc-70">
         <name>.text:_CSL6713_LIB_</name>
         <load_address>0x45c0</load_address>
         <run_address>0x45c0</run_address>
         <size>0x20</size>
         <input_file_ref idref="fl-c"/>
      </object_component>
      <object_component id="oc-66">
         <name>.text:_EDMA_intClear</name>
         <load_address>0x45e0</load_address>
         <run_address>0x45e0</run_address>
         <size>0x20</size>
         <input_file_ref idref="fl-d"/>
      </object_component>
      <object_component id="oc-65">
         <name>.text:_EDMA_intTest</name>
         <load_address>0x4600</load_address>
         <run_address>0x4600</run_address>
         <size>0x20</size>
         <input_file_ref idref="fl-d"/>
      </object_component>
      <object_component id="oc-75">
         <name>.text:_IRQ_globalDisable</name>
         <load_address>0x4620</load_address>
         <run_address>0x4620</run_address>
         <size>0x20</size>
         <input_file_ref idref="fl-e"/>
      </object_component>
      <object_component id="oc-81">
         <name>.text:_IRQ_globalEnable</name>
         <load_address>0x4640</load_address>
         <run_address>0x4640</run_address>
         <size>0x20</size>
         <input_file_ref idref="fl-e"/>
      </object_component>
      <object_component id="oc-82">
         <name>.text:_IRQ_nmiEnable</name>
         <load_address>0x4660</load_address>
         <run_address>0x4660</run_address>
         <size>0x20</size>
         <input_file_ref idref="fl-e"/>
      </object_component>
      <object_component id="oc-7d">
         <name>.text:_IRQ_setVecs</name>
         <load_address>0x4680</load_address>
         <run_address>0x4680</run_address>
         <size>0x20</size>
         <input_file_ref idref="fl-e"/>
      </object_component>
      <object_component id="oc-74">
         <name>.text:_MCBSP_read</name>
         <load_address>0x46a0</load_address>
         <run_address>0x46a0</run_address>
         <size>0x20</size>
         <input_file_ref idref="fl-f"/>
      </object_component>
      <object_component id="oc-73">
         <name>.text:_MCBSP_write</name>
         <load_address>0x46c0</load_address>
         <run_address>0x46c0</run_address>
         <size>0x20</size>
         <input_file_ref idref="fl-f"/>
      </object_component>
      <object_component id="oc-6e">
         <name>.text:_abort</name>
         <load_address>0x46e0</load_address>
         <run_address>0x46e0</run_address>
         <size>0x20</size>
         <input_file_ref idref="fl-89"/>
      </object_component>
      <object_component id="oc-3d">
         <name>.text</name>
         <load_address>0x4700</load_address>
         <run_address>0x4700</run_address>
         <size>0x20</size>
         <input_file_ref idref="fl-e"/>
      </object_component>
      <object_component id="oc-20">
         <name>.text</name>
         <load_address>0x4720</load_address>
         <run_address>0x4720</run_address>
         <size>0x20</size>
         <input_file_ref idref="fl-3"/>
      </object_component>
      <object_component id="oc-48">
         <name>.stack</name>
         <uninitialized>true</uninitialized>
         <run_address>0x4740</run_address>
         <size>0x8</size>
         <input_file_ref idref="fl-88"/>
      </object_component>
      <object_component id="oc-b0">
         <name>.stack</name>
         <uninitialized>true</uninitialized>
         <run_address>0x4740</run_address>
         <size>0x0</size>
      </object_component>
      <object_component id="oc-2d">
         <name>.const</name>
         <load_address>0x5e84</load_address>
         <run_address>0x5e84</run_address>
         <size>0x40</size>
         <input_file_ref idref="fl-a"/>
      </object_component>
      <object_component id="oc-27">
         <name>.const</name>
         <load_address>0x5ec4</load_address>
         <run_address>0x5ec4</run_address>
         <size>0x20</size>
         <input_file_ref idref="fl-9"/>
      </object_component>
      <object_component id="oc-72">
         <name>.switch:_forever_loop</name>
         <load_address>0x5e18</load_address>
         <run_address>0x5e18</run_address>
         <size>0x6c</size>
         <input_file_ref idref="fl-2"/>
      </object_component>
      <object_component id="oc-1a">
         <name>.far</name>
         <uninitialized>true</uninitialized>
         <run_address>0x5724</run_address>
         <size>0x4e8</size>
         <input_file_ref idref="fl-2"/>
      </object_component>
      <object_component id="oc-26">
         <name>.far</name>
         <uninitialized>true</uninitialized>
         <run_address>0x5e14</run_address>
         <size>0x2</size>
         <input_file_ref idref="fl-9"/>
      </object_component>
      <object_component id="oc-2c">
         <name>.far</name>
         <uninitialized>true</uninitialized>
         <run_address>0x5e0c</run_address>
         <size>0x8</size>
         <input_file_ref idref="fl-a"/>
      </object_component>
      <object_component id="oc-33">
         <name>.far</name>
         <uninitialized>true</uninitialized>
         <run_address>0x5db4</run_address>
         <size>0x28</size>
         <input_file_ref idref="fl-b"/>
      </object_component>
      <object_component id="oc-38">
         <name>.far</name>
         <uninitialized>true</uninitialized>
         <run_address>0x5d8c</run_address>
         <size>0x28</size>
         <input_file_ref idref="fl-c"/>
      </object_component>
      <object_component id="oc-3b">
         <name>.far</name>
         <uninitialized>true</uninitialized>
         <run_address>0x5d00</run_address>
         <size>0x54</size>
         <input_file_ref idref="fl-d"/>
      </object_component>
      <object_component id="oc-3f">
         <name>.far</name>
         <uninitialized>true</uninitialized>
         <run_address>0x5c0c</run_address>
         <size>0xf4</size>
         <input_file_ref idref="fl-e"/>
      </object_component>
      <object_component id="oc-42">
         <name>.far</name>
         <uninitialized>true</uninitialized>
         <run_address>0x5d54</run_address>
         <size>0x38</size>
         <input_file_ref idref="fl-f"/>
      </object_component>
      <object_component id="oc-45">
         <name>.far</name>
         <uninitialized>true</uninitialized>
         <run_address>0x5ddc</run_address>
         <size>0x24</size>
         <input_file_ref idref="fl-10"/>
      </object_component>
      <object_component id="oc-4d">
         <name>.far</name>
         <uninitialized>true</uninitialized>
         <run_address>0x5e00</run_address>
         <size>0xc</size>
         <input_file_ref idref="fl-89"/>
      </object_component>
      <object_component id="oc-19">
         <name>.cinit</name>
         <load_address>0x4f40</load_address>
         <run_address>0x4f40</run_address>
         <size>0x4f8</size>
         <input_file_ref idref="fl-2"/>
      </object_component>
      <object_component id="oc-3e">
         <name>.cinit</name>
         <load_address>0x5438</load_address>
         <run_address>0x5438</run_address>
         <size>0x12c</size>
         <input_file_ref idref="fl-e"/>
      </object_component>
      <object_component id="oc-3a">
         <name>.cinit</name>
         <load_address>0x5568</load_address>
         <run_address>0x5568</run_address>
         <size>0x70</size>
         <input_file_ref idref="fl-d"/>
      </object_component>
      <object_component id="oc-41">
         <name>.cinit</name>
         <load_address>0x55d8</load_address>
         <run_address>0x55d8</run_address>
         <size>0x54</size>
         <input_file_ref idref="fl-f"/>
      </object_component>
      <object_component id="oc-44">
         <name>.cinit</name>
         <load_address>0x5630</load_address>
         <run_address>0x5630</run_address>
         <size>0x4c</size>
         <input_file_ref idref="fl-10"/>
      </object_component>
      <object_component id="oc-37">
         <name>.cinit</name>
         <load_address>0x5680</load_address>
         <run_address>0x5680</run_address>
         <size>0x3c</size>
         <input_file_ref idref="fl-c"/>
      </object_component>
      <object_component id="oc-32">
         <name>.cinit</name>
         <load_address>0x56c0</load_address>
         <run_address>0x56c0</run_address>
         <size>0x30</size>
         <input_file_ref idref="fl-b"/>
      </object_component>
      <object_component id="oc-4c">
         <name>.cinit</name>
         <load_address>0x56f0</load_address>
         <run_address>0x56f0</run_address>
         <size>0x2c</size>
         <input_file_ref idref="fl-89"/>
      </object_component>
      <object_component id="oc-18">
         <name>.debug_info</name>
         <load_address>0x0</load_address>
         <run_address>0x0</run_address>
         <size>0x23fe</size>
         <input_file_ref idref="fl-2"/>
      </object_component>
      <object_component id="oc-22">
         <name>.debug_info</name>
         <load_address>0x23fe</load_address>
         <run_address>0x23fe</run_address>
         <size>0x10e</size>
         <input_file_ref idref="fl-3"/>
      </object_component>
      <object_component id="oc-29">
         <name>.debug_info</name>
         <load_address>0x250c</load_address>
         <run_address>0x250c</run_address>
         <size>0x8a7</size>
         <input_file_ref idref="fl-9"/>
      </object_component>
      <object_component id="oc-2f">
         <name>.debug_info</name>
         <load_address>0x2db3</load_address>
         <run_address>0x2db3</run_address>
         <size>0x89f</size>
         <input_file_ref idref="fl-a"/>
      </object_component>
      <object_component id="oc-35">
         <name>.debug_info</name>
         <load_address>0x3652</load_address>
         <run_address>0x3652</run_address>
         <size>0x929</size>
         <input_file_ref idref="fl-b"/>
      </object_component>
      <object_component id="oc-47">
         <name>.debug_info</name>
         <load_address>0x3f7b</load_address>
         <run_address>0x3f7b</run_address>
         <size>0x70b</size>
         <input_file_ref idref="fl-88"/>
      </object_component>
      <object_component id="oc-4b">
         <name>.debug_info</name>
         <load_address>0x4686</load_address>
         <run_address>0x4686</run_address>
         <size>0x7fe</size>
         <input_file_ref idref="fl-89"/>
      </object_component>
      <object_component id="oc-50">
         <name>.debug_info</name>
         <load_address>0x4e84</load_address>
         <run_address>0x4e84</run_address>
         <size>0xd6</size>
         <input_file_ref idref="fl-8a"/>
      </object_component>
      <object_component id="oc-53">
         <name>.debug_info</name>
         <load_address>0x4f5a</load_address>
         <run_address>0x4f5a</run_address>
         <size>0x6e1</size>
         <input_file_ref idref="fl-8b"/>
      </object_component>
      <object_component id="oc-56">
         <name>.debug_info</name>
         <load_address>0x563b</load_address>
         <run_address>0x563b</run_address>
         <size>0x870</size>
         <input_file_ref idref="fl-8c"/>
      </object_component>
      <object_component id="oc-59">
         <name>.debug_info</name>
         <load_address>0x5eab</load_address>
         <run_address>0x5eab</run_address>
         <size>0x6e8</size>
         <input_file_ref idref="fl-8d"/>
      </object_component>
      <object_component id="oc-5c">
         <name>.debug_info</name>
         <load_address>0x6593</load_address>
         <run_address>0x6593</run_address>
         <size>0x7de</size>
         <input_file_ref idref="fl-8e"/>
      </object_component>
      <object_component id="oc-5f">
         <name>.debug_info</name>
         <load_address>0x6d71</load_address>
         <run_address>0x6d71</run_address>
         <size>0x790</size>
         <input_file_ref idref="fl-8f"/>
      </object_component>
      <object_component id="oc-b1">
         <name>.debug_info</name>
         <load_address>0x7501</load_address>
         <run_address>0x7501</run_address>
         <size>0x6e</size>
      </object_component>
      <object_component id="oc-1b">
         <name>.buffers</name>
         <uninitialized>true</uninitialized>
         <run_address>0x5f00</run_address>
         <size>0xc00</size>
         <input_file_ref idref="fl-2"/>
      </object_component>
      <object_component id="oc-1d">
         <name>.debug_frame</name>
         <load_address>0x0</load_address>
         <run_address>0x0</run_address>
         <size>0x37c</size>
         <input_file_ref idref="fl-2"/>
      </object_component>
      <object_component id="oc-1e">
         <name>.debug_line</name>
         <load_address>0x0</load_address>
         <run_address>0x0</run_address>
         <size>0x506</size>
         <input_file_ref idref="fl-2"/>
      </object_component>
      <object_component id="oc-23">
         <name>.debug_line</name>
         <load_address>0x506</load_address>
         <run_address>0x506</run_address>
         <size>0xcd</size>
         <input_file_ref idref="fl-3"/>
      </object_component>
      <object_component id="oc-2a">
         <name>.debug_line</name>
         <load_address>0x5d3</load_address>
         <run_address>0x5d3</run_address>
         <size>0xb2</size>
         <input_file_ref idref="fl-9"/>
      </object_component>
      <object_component id="oc-30">
         <name>.debug_line</name>
         <load_address>0x685</load_address>
         <run_address>0x685</run_address>
         <size>0x4f</size>
         <input_file_ref idref="fl-a"/>
      </object_component>
      <object_component id="oc-36">
         <name>.debug_line</name>
         <load_address>0x6d4</load_address>
         <run_address>0x6d4</run_address>
         <size>0x7e</size>
         <input_file_ref idref="fl-b"/>
      </object_component>
      <object_component id="oc-49">
         <name>.debug_line</name>
         <load_address>0x752</load_address>
         <run_address>0x752</run_address>
         <size>0x3d</size>
         <input_file_ref idref="fl-88"/>
      </object_component>
      <object_component id="oc-4e">
         <name>.debug_line</name>
         <load_address>0x78f</load_address>
         <run_address>0x78f</run_address>
         <size>0x4f</size>
         <input_file_ref idref="fl-89"/>
      </object_component>
      <object_component id="oc-51">
         <name>.debug_line</name>
         <load_address>0x7de</load_address>
         <run_address>0x7de</run_address>
         <size>0x48</size>
         <input_file_ref idref="fl-8a"/>
      </object_component>
      <object_component id="oc-54">
         <name>.debug_line</name>
         <load_address>0x826</load_address>
         <run_address>0x826</run_address>
         <size>0x41</size>
         <input_file_ref idref="fl-8b"/>
      </object_component>
      <object_component id="oc-57">
         <name>.debug_line</name>
         <load_address>0x867</load_address>
         <run_address>0x867</run_address>
         <size>0x47</size>
         <input_file_ref idref="fl-8c"/>
      </object_component>
      <object_component id="oc-5a">
         <name>.debug_line</name>
         <load_address>0x8ae</load_address>
         <run_address>0x8ae</run_address>
         <size>0x45</size>
         <input_file_ref idref="fl-8d"/>
      </object_component>
      <object_component id="oc-5d">
         <name>.debug_line</name>
         <load_address>0x8f3</load_address>
         <run_address>0x8f3</run_address>
         <size>0x44</size>
         <input_file_ref idref="fl-8e"/>
      </object_component>
      <object_component id="oc-60">
         <name>.debug_line</name>
         <load_address>0x937</load_address>
         <run_address>0x937</run_address>
         <size>0x4e</size>
         <input_file_ref idref="fl-8f"/>
      </object_component>
      <object_component id="oc-1f">
         <name>.debug_abbrev</name>
         <load_address>0x0</load_address>
         <run_address>0x0</run_address>
         <size>0x262</size>
         <input_file_ref idref="fl-2"/>
      </object_component>
      <object_component id="oc-24">
         <name>.debug_abbrev</name>
         <load_address>0x262</load_address>
         <run_address>0x262</run_address>
         <size>0x21</size>
         <input_file_ref idref="fl-3"/>
      </object_component>
      <object_component id="oc-28">
         <name>.debug_abbrev</name>
         <load_address>0x283</load_address>
         <run_address>0x283</run_address>
         <size>0x196</size>
         <input_file_ref idref="fl-9"/>
      </object_component>
      <object_component id="oc-2e">
         <name>.debug_abbrev</name>
         <load_address>0x419</load_address>
         <run_address>0x419</run_address>
         <size>0x126</size>
         <input_file_ref idref="fl-a"/>
      </object_component>
      <object_component id="oc-34">
         <name>.debug_abbrev</name>
         <load_address>0x53f</load_address>
         <run_address>0x53f</run_address>
         <size>0x14e</size>
         <input_file_ref idref="fl-b"/>
      </object_component>
      <object_component id="oc-4a">
         <name>.debug_abbrev</name>
         <load_address>0x68d</load_address>
         <run_address>0x68d</run_address>
         <size>0xfe</size>
         <input_file_ref idref="fl-88"/>
      </object_component>
      <object_component id="oc-4f">
         <name>.debug_abbrev</name>
         <load_address>0x78b</load_address>
         <run_address>0x78b</run_address>
         <size>0x119</size>
         <input_file_ref idref="fl-89"/>
      </object_component>
      <object_component id="oc-52">
         <name>.debug_abbrev</name>
         <load_address>0x8a4</load_address>
         <run_address>0x8a4</run_address>
         <size>0x3b</size>
         <input_file_ref idref="fl-8a"/>
      </object_component>
      <object_component id="oc-55">
         <name>.debug_abbrev</name>
         <load_address>0x8df</load_address>
         <run_address>0x8df</run_address>
         <size>0xe1</size>
         <input_file_ref idref="fl-8b"/>
      </object_component>
      <object_component id="oc-58">
         <name>.debug_abbrev</name>
         <load_address>0x9c0</load_address>
         <run_address>0x9c0</run_address>
         <size>0x13f</size>
         <input_file_ref idref="fl-8c"/>
      </object_component>
      <object_component id="oc-5b">
         <name>.debug_abbrev</name>
         <load_address>0xaff</load_address>
         <run_address>0xaff</run_address>
         <size>0xdd</size>
         <input_file_ref idref="fl-8d"/>
      </object_component>
      <object_component id="oc-5e">
         <name>.debug_abbrev</name>
         <load_address>0xbdc</load_address>
         <run_address>0xbdc</run_address>
         <size>0x10c</size>
         <input_file_ref idref="fl-8e"/>
      </object_component>
      <object_component id="oc-61">
         <name>.debug_abbrev</name>
         <load_address>0xce8</load_address>
         <run_address>0xce8</run_address>
         <size>0xd5</size>
         <input_file_ref idref="fl-8f"/>
      </object_component>
      <object_component id="oc-b2">
         <name>.debug_abbrev</name>
         <load_address>0xdbd</load_address>
         <run_address>0xdbd</run_address>
         <size>0xd</size>
      </object_component>
      <object_component id="oc-21">
         <name>.vecs</name>
         <load_address>0x6c00</load_address>
         <run_address>0x6c00</run_address>
         <size>0x200</size>
         <input_file_ref idref="fl-3"/>
      </object_component>
      <object_component id="oc-39">
         <name>$BRID</name>
         <load_address>0x0</load_address>
         <run_address>0x0</run_address>
         <size>0x14</size>
         <input_file_ref idref="fl-c"/>
      </object_component>
      <object_component id="oc-3c">
         <name>$BRID</name>
         <load_address>0x14</load_address>
         <run_address>0x14</run_address>
         <size>0xe8</size>
         <input_file_ref idref="fl-d"/>
      </object_component>
      <object_component id="oc-40">
         <name>$BRID</name>
         <load_address>0xfc</load_address>
         <run_address>0xfc</run_address>
         <size>0x78</size>
         <input_file_ref idref="fl-e"/>
      </object_component>
      <object_component id="oc-43">
         <name>$BRID</name>
         <load_address>0x174</load_address>
         <run_address>0x174</run_address>
         <size>0x7c</size>
         <input_file_ref idref="fl-f"/>
      </object_component>
      <object_component id="oc-46">
         <name>$BRID</name>
         <load_address>0x1f0</load_address>
         <run_address>0x1f0</run_address>
         <size>0x60</size>
         <input_file_ref idref="fl-10"/>
      </object_component>
   </object_component_list>
   <logical_group_list>
      <logical_group id="lg-2">
         <name>.text</name>
         <load_address>0x0</load_address>
         <run_address>0x0</run_address>
         <size>0x4740</size>
         <contents>
            <object_component_ref idref="oc-6d"/>
            <object_component_ref idref="oc-25"/>
            <object_component_ref idref="oc-2b"/>
            <object_component_ref idref="oc-1c"/>
            <object_component_ref idref="oc-77"/>
            <object_component_ref idref="oc-6b"/>
            <object_component_ref idref="oc-78"/>
            <object_component_ref idref="oc-71"/>
            <object_component_ref idref="oc-7e"/>
            <object_component_ref idref="oc-6f"/>
            <object_component_ref idref="oc-84"/>
            <object_component_ref idref="oc-31"/>
            <object_component_ref idref="oc-85"/>
            <object_component_ref idref="oc-89"/>
            <object_component_ref idref="oc-88"/>
            <object_component_ref idref="oc-69"/>
            <object_component_ref idref="oc-62"/>
            <object_component_ref idref="oc-79"/>
            <object_component_ref idref="oc-68"/>
            <object_component_ref idref="oc-67"/>
            <object_component_ref idref="oc-64"/>
            <object_component_ref idref="oc-76"/>
            <object_component_ref idref="oc-6a"/>
            <object_component_ref idref="oc-8b"/>
            <object_component_ref idref="oc-87"/>
            <object_component_ref idref="oc-83"/>
            <object_component_ref idref="oc-6c"/>
            <object_component_ref idref="oc-17"/>
            <object_component_ref idref="oc-8a"/>
            <object_component_ref idref="oc-7c"/>
            <object_component_ref idref="oc-7a"/>
            <object_component_ref idref="oc-7b"/>
            <object_component_ref idref="oc-86"/>
            <object_component_ref idref="oc-80"/>
            <object_component_ref idref="oc-7f"/>
            <object_component_ref idref="oc-63"/>
            <object_component_ref idref="oc-70"/>
            <object_component_ref idref="oc-66"/>
            <object_component_ref idref="oc-65"/>
            <object_component_ref idref="oc-75"/>
            <object_component_ref idref="oc-81"/>
            <object_component_ref idref="oc-82"/>
            <object_component_ref idref="oc-7d"/>
            <object_component_ref idref="oc-74"/>
            <object_component_ref idref="oc-73"/>
            <object_component_ref idref="oc-6e"/>
            <object_component_ref idref="oc-3d"/>
            <object_component_ref idref="oc-20"/>
         </contents>
      </logical_group>
      <logical_group id="lg-3">
         <name>.stack</name>
         <run_address>0x4740</run_address>
         <size>0x800</size>
         <contents>
            <object_component_ref idref="oc-48"/>
            <object_component_ref idref="oc-b0"/>
         </contents>
      </logical_group>
      <logical_group id="lg-4">
         <name>.bss</name>
         <run_address>0x0</run_address>
         <size>0x0</size>
         <contents>
         </contents>
      </logical_group>
      <logical_group id="lg-5">
         <name>.cio</name>
         <run_address>0x0</run_address>
         <size>0x0</size>
         <contents>
         </contents>
      </logical_group>
      <logical_group id="lg-6">
         <name>.const</name>
         <load_address>0x5e84</load_address>
         <run_address>0x5e84</run_address>
         <size>0x60</size>
         <contents>
            <object_component_ref idref="oc-2d"/>
            <object_component_ref idref="oc-27"/>
         </contents>
      </logical_group>
      <logical_group id="lg-7">
         <name>.data</name>
         <run_address>0x0</run_address>
         <size>0x0</size>
         <contents>
         </contents>
      </logical_group>
      <logical_group id="lg-8">
         <name>.switch</name>
         <load_address>0x5e18</load_address>
         <run_address>0x5e18</run_address>
         <size>0x6c</size>
         <contents>
            <object_component_ref idref="oc-72"/>
         </contents>
      </logical_group>
      <logical_group id="lg-9">
         <name>.sysmem</name>
         <run_address>0x0</run_address>
         <size>0x0</size>
         <contents>
         </contents>
      </logical_group>
      <logical_group id="lg-a">
         <name>.far</name>
         <run_address>0x5724</run_address>
         <size>0x6f2</size>
         <contents>
            <object_component_ref idref="oc-1a"/>
            <object_component_ref idref="oc-26"/>
            <object_component_ref idref="oc-2c"/>
            <object_component_ref idref="oc-33"/>
            <object_component_ref idref="oc-38"/>
            <object_component_ref idref="oc-3b"/>
            <object_component_ref idref="oc-3f"/>
            <object_component_ref idref="oc-42"/>
            <object_component_ref idref="oc-45"/>
            <object_component_ref idref="oc-4d"/>
         </contents>
      </logical_group>
      <logical_group id="lg-b">
         <name>.args</name>
         <run_address>0x0</run_address>
         <size>0x0</size>
         <contents>
         </contents>
      </logical_group>
      <logical_group id="lg-c">
         <name>.ppinfo</name>
         <run_address>0x0</run_address>
         <size>0x0</size>
         <contents>
         </contents>
      </logical_group>
      <logical_group id="lg-d">
         <name>.ppdata</name>
         <run_address>0x0</run_address>
         <size>0x0</size>
         <contents>
         </contents>
      </logical_group>
      <logical_group id="lg-e">
         <name>.pinit</name>
         <run_address>0x0</run_address>
         <size>0x0</size>
         <contents>
         </contents>
      </logical_group>
      <logical_group id="lg-f">
         <name>.cinit</name>
         <load_address>0x4f40</load_address>
         <run_address>0x4f40</run_address>
         <size>0x7e4</size>
         <contents>
            <object_component_ref idref="oc-19"/>
            <object_component_ref idref="oc-3e"/>
            <object_component_ref idref="oc-3a"/>
            <object_component_ref idref="oc-41"/>
            <object_component_ref idref="oc-44"/>
            <object_component_ref idref="oc-37"/>
            <object_component_ref idref="oc-32"/>
            <object_component_ref idref="oc-4c"/>
         </contents>
      </logical_group>
      <logical_group id="lg-10">
         <name>.binit</name>
         <run_address>0x0</run_address>
         <size>0x0</size>
         <contents>
         </contents>
      </logical_group>
      <logical_group id="lg-11">
         <name>.init_array</name>
         <run_address>0x0</run_address>
         <size>0x0</size>
         <contents>
         </contents>
      </logical_group>
      <logical_group id="lg-12">
         <name>.neardata</name>
         <run_address>0x0</run_address>
         <size>0x0</size>
         <contents>
         </contents>
      </logical_group>
      <logical_group id="lg-13">
         <name>.fardata</name>
         <run_address>0x0</run_address>
         <size>0x0</size>
         <contents>
         </contents>
      </logical_group>
      <logical_group id="lg-14">
         <name>.rodata</name>
         <run_address>0x0</run_address>
         <size>0x0</size>
         <contents>
         </contents>
      </logical_group>
      <logical_group id="lg-15">
         <name>.c6xabi.exidx</name>
         <run_address>0x0</run_address>
         <size>0x0</size>
         <contents>
         </contents>
      </logical_group>
      <logical_group id="lg-16">
         <name>.c6xabi.extab</name>
         <run_address>0x0</run_address>
         <size>0x0</size>
         <contents>
         </contents>
      </logical_group>
      <logical_group id="lg-a1">
         <name>.debug_info</name>
         <load_address>0x0</load_address>
         <run_address>0x0</run_address>
         <size>0x756f</size>
         <contents>
            <object_component_ref idref="oc-18"/>
            <object_component_ref idref="oc-22"/>
            <object_component_ref idref="oc-29"/>
            <object_component_ref idref="oc-2f"/>
            <object_component_ref idref="oc-35"/>
            <object_component_ref idref="oc-47"/>
            <object_component_ref idref="oc-4b"/>
            <object_component_ref idref="oc-50"/>
            <object_component_ref idref="oc-53"/>
            <object_component_ref idref="oc-56"/>
            <object_component_ref idref="oc-59"/>
            <object_component_ref idref="oc-5c"/>
            <object_component_ref idref="oc-5f"/>
            <object_component_ref idref="oc-b1"/>
         </contents>
      </logical_group>
      <logical_group id="lg-a3">
         <name>.buffers</name>
         <run_address>0x5f00</run_address>
         <size>0xc00</size>
         <contents>
            <object_component_ref idref="oc-1b"/>
         </contents>
      </logical_group>
      <logical_group id="lg-a5">
         <name>.debug_frame</name>
         <load_address>0x0</load_address>
         <run_address>0x0</run_address>
         <size>0x37c</size>
         <contents>
            <object_component_ref idref="oc-1d"/>
         </contents>
      </logical_group>
      <logical_group id="lg-a7">
         <name>.debug_line</name>
         <load_address>0x0</load_address>
         <run_address>0x0</run_address>
         <size>0x985</size>
         <contents>
            <object_component_ref idref="oc-1e"/>
            <object_component_ref idref="oc-23"/>
            <object_component_ref idref="oc-2a"/>
            <object_component_ref idref="oc-30"/>
            <object_component_ref idref="oc-36"/>
            <object_component_ref idref="oc-49"/>
            <object_component_ref idref="oc-4e"/>
            <object_component_ref idref="oc-51"/>
            <object_component_ref idref="oc-54"/>
            <object_component_ref idref="oc-57"/>
            <object_component_ref idref="oc-5a"/>
            <object_component_ref idref="oc-5d"/>
            <object_component_ref idref="oc-60"/>
         </contents>
      </logical_group>
      <logical_group id="lg-a9">
         <name>.debug_abbrev</name>
         <load_address>0x0</load_address>
         <run_address>0x0</run_address>
         <size>0xdca</size>
         <contents>
            <object_component_ref idref="oc-1f"/>
            <object_component_ref idref="oc-24"/>
            <object_component_ref idref="oc-28"/>
            <object_component_ref idref="oc-2e"/>
            <object_component_ref idref="oc-34"/>
            <object_component_ref idref="oc-4a"/>
            <object_component_ref idref="oc-4f"/>
            <object_component_ref idref="oc-52"/>
            <object_component_ref idref="oc-55"/>
            <object_component_ref idref="oc-58"/>
            <object_component_ref idref="oc-5b"/>
            <object_component_ref idref="oc-5e"/>
            <object_component_ref idref="oc-61"/>
            <object_component_ref idref="oc-b2"/>
         </contents>
      </logical_group>
      <logical_group id="lg-ab">
         <name>.vecs</name>
         <load_address>0x6c00</load_address>
         <run_address>0x6c00</run_address>
         <size>0x200</size>
         <contents>
            <object_component_ref idref="oc-21"/>
         </contents>
      </logical_group>
      <logical_group id="lg-ad">
         <name>$BRID</name>
         <load_address>0x0</load_address>
         <run_address>0x0</run_address>
         <size>0x250</size>
         <contents>
            <object_component_ref idref="oc-39"/>
            <object_component_ref idref="oc-3c"/>
            <object_component_ref idref="oc-40"/>
            <object_component_ref idref="oc-43"/>
            <object_component_ref idref="oc-46"/>
         </contents>
      </logical_group>
   </logical_group_list>
   <placement_map>
      <memory_area>
         <name>IRAM</name>
         <page_id>0x0</page_id>
         <origin>0x0</origin>
         <length>0x30000</length>
         <used_space>0x6ce2</used_space>
         <unused_space>0x2931e</unused_space>
         <attributes>RWIX</attributes>
         <usage_details>
            <allocated_space>
               <start_address>0x0</start_address>
               <size>0x0</size>
               <logical_group_ref idref="lg-7"/>
            </allocated_space>
            <allocated_space>
               <start_address>0x0</start_address>
               <size>0x0</size>
               <logical_group_ref idref="lg-4"/>
            </allocated_space>
            <allocated_space>
               <start_address>0x0</start_address>
               <size>0x4740</size>
               <logical_group_ref idref="lg-2"/>
            </allocated_space>
            <allocated_space>
               <start_address>0x4740</start_address>
               <size>0x800</size>
               <logical_group_ref idref="lg-3"/>
            </allocated_space>
            <allocated_space>
               <start_address>0x4f40</start_address>
               <size>0x7e4</size>
               <logical_group_ref idref="lg-f"/>
            </allocated_space>
            <allocated_space>
               <start_address>0x5724</start_address>
               <size>0x6f2</size>
               <logical_group_ref idref="lg-a"/>
            </allocated_space>
            <available_space>
               <start_address>0x5e16</start_address>
               <size>0x2</size>
            </available_space>
            <allocated_space>
               <start_address>0x5e18</start_address>
               <size>0x6c</size>
               <logical_group_ref idref="lg-8"/>
            </allocated_space>
            <allocated_space>
               <start_address>0x5e84</start_address>
               <size>0x60</size>
               <logical_group_ref idref="lg-6"/>
            </allocated_space>
            <available_space>
               <start_address>0x5ee4</start_address>
               <size>0x1c</size>
            </available_space>
            <allocated_space>
               <start_address>0x5f00</start_address>
               <size>0xc00</size>
               <logical_group_ref idref="lg-a3"/>
            </allocated_space>
            <available_space>
               <start_address>0x6b00</start_address>
               <size>0x100</size>
            </available_space>
            <allocated_space>
               <start_address>0x6c00</start_address>
               <size>0x200</size>
               <logical_group_ref idref="lg-ab"/>
            </allocated_space>
            <available_space>
               <start_address>0x6e00</start_address>
               <size>0x29200</size>
            </available_space>
         </usage_details>
      </memory_area>
      <memory_area>
         <name>L2RAM</name>
         <page_id>0x0</page_id>
         <origin>0x30000</origin>
         <length>0x10000</length>
         <used_space>0x0</used_space>
         <unused_space>0x10000</unused_space>
         <attributes>RWIX</attributes>
         <usage_details>
         </usage_details>
      </memory_area>
      <memory_area>
         <name>EMIFCE0</name>
         <page_id>0x0</page_id>
         <origin>0x80000000</origin>
         <length>0x10000000</length>
         <used_space>0x0</used_space>
         <unused_space>0x10000000</unused_space>
         <attributes>RWIX</attributes>
         <usage_details>
         </usage_details>
      </memory_area>
      <memory_area>
         <name>EMIFCE1</name>
         <page_id>0x0</page_id>
         <origin>0x90000000</origin>
         <length>0x10000000</length>
         <used_space>0x0</used_space>
         <unused_space>0x10000000</unused_space>
         <attributes>RWIX</attributes>
         <usage_details>
         </usage_details>
      </memory_area>
      <memory_area>
         <name>EMIFCE2</name>
         <page_id>0x0</page_id>
         <origin>0xa0000000</origin>
         <length>0x10000000</length>
         <used_space>0x0</used_space>
         <unused_space>0x10000000</unused_space>
         <attributes>RWIX</attributes>
         <usage_details>
         </usage_details>
      </memory_area>
      <memory_area>
         <name>EMIFCE3</name>
         <page_id>0x0</page_id>
         <origin>0xb0000000</origin>
         <length>0x10000000</length>
         <used_space>0x0</used_space>
         <unused_space>0x10000000</unused_space>
         <attributes>RWIX</attributes>
         <usage_details>
         </usage_details>
      </memory_area>
   </placement_map>
   <symbol_table>
      <symbol id="sm-0">
         <name>cinit</name>
         <value>0x4f40</value>
      </symbol>
      <symbol id="sm-1">
         <name>___cinit__</name>
         <value>0x4f40</value>
      </symbol>
      <symbol id="sm-2">
         <name>pinit</name>
         <value>0xffffffff</value>
      </symbol>
      <symbol id="sm-3">
         <name>___pinit__</name>
         <value>0xffffffff</value>
      </symbol>
      <symbol id="sm-4">
         <name>binit</name>
         <value>0xffffffff</value>
      </symbol>
      <symbol id="sm-5">
         <name>___binit__</name>
         <value>0xffffffff</value>
      </symbol>
      <symbol id="sm-6">
         <name>__STACK_SIZE</name>
         <value>0x800</value>
      </symbol>
      <symbol id="sm-7">
         <name>__STACK_END</name>
         <value>0x4f40</value>
      </symbol>
      <symbol id="sm-8">
         <name>___c_args__</name>
         <value>0xffffffff</value>
      </symbol>
      <symbol id="sm-9">
         <name>.text</name>
         <value>0x0</value>
      </symbol>
      <symbol id="sm-a">
         <name>___text__</name>
         <value>0x0</value>
      </symbol>
      <symbol id="sm-b">
         <name>etext</name>
         <value>0x4740</value>
      </symbol>
      <symbol id="sm-c">
         <name>___etext__</name>
         <value>0x4740</value>
      </symbol>
      <symbol id="sm-d">
         <name>.data</name>
         <value>0x0</value>
      </symbol>
      <symbol id="sm-e">
         <name>___data__</name>
         <value>0x0</value>
      </symbol>
      <symbol id="sm-f">
         <name>edata</name>
         <value>0x0</value>
      </symbol>
      <symbol id="sm-10">
         <name>___edata__</name>
         <value>0x0</value>
      </symbol>
      <symbol id="sm-11">
         <name>.bss</name>
         <value>0x0</value>
      </symbol>
      <symbol id="sm-12">
         <name>___bss__</name>
         <value>0x0</value>
      </symbol>
      <symbol id="sm-13">
         <name>end</name>
         <value>0x0</value>
      </symbol>
      <symbol id="sm-14">
         <name>___end__</name>
         <value>0x0</value>
      </symbol>
      <symbol id="sm-15">
         <name>___TI_pprof_out_hndl</name>
         <value>0xffffffff</value>
      </symbol>
      <symbol id="sm-16">
         <name>___TI_prof_data_start</name>
         <value>0xffffffff</value>
      </symbol>
      <symbol id="sm-17">
         <name>___TI_prof_data_size</name>
         <value>0xffffffff</value>
      </symbol>
      <symbol id="sm-18">
         <name>$bss</name>
         <value>0x0</value>
      </symbol>
      <symbol id="sm-191">
         <name>_main</name>
         <value>0x48</value>
         <object_component_ref idref="oc-6d"/>
      </symbol>
      <symbol id="sm-192">
         <name>_tx_ping</name>
         <value>0x6500</value>
         <object_component_ref idref="oc-1b"/>
      </symbol>
      <symbol id="sm-193">
         <name>_Glo</name>
         <value>0x5b20</value>
         <object_component_ref idref="oc-1a"/>
      </symbol>
      <symbol id="sm-194">
         <name>_highPass</name>
         <value>0x59dc</value>
         <object_component_ref idref="oc-1a"/>
      </symbol>
      <symbol id="sm-195">
         <name>_init</name>
         <value>0x14a8</value>
         <object_component_ref idref="oc-6d"/>
      </symbol>
      <symbol id="sm-196">
         <name>_output_sample</name>
         <value>0x1400</value>
         <object_component_ref idref="oc-6d"/>
      </symbol>
      <symbol id="sm-197">
         <name>_cfgEdmaPang_rx</name>
         <value>0x5bac</value>
         <object_component_ref idref="oc-1a"/>
      </symbol>
      <symbol id="sm-198">
         <name>_cfgEdmaPing_rx</name>
         <value>0x5b7c</value>
         <object_component_ref idref="oc-1a"/>
      </symbol>
      <symbol id="sm-199">
         <name>_cfgEdmaPong_rx</name>
         <value>0x5b94</value>
         <object_component_ref idref="oc-1a"/>
      </symbol>
      <symbol id="sm-19a">
         <name>_cfgEdmaPang_tx</name>
         <value>0x5bf4</value>
         <object_component_ref idref="oc-1a"/>
      </symbol>
      <symbol id="sm-19b">
         <name>_cfgEdmaPing_tx</name>
         <value>0x5bc4</value>
         <object_component_ref idref="oc-1a"/>
      </symbol>
      <symbol id="sm-19c">
         <name>_bandPass</name>
         <value>0x5898</value>
         <object_component_ref idref="oc-1a"/>
      </symbol>
      <symbol id="sm-19d">
         <name>_cfgEdmaPong_tx</name>
         <value>0x5bdc</value>
         <object_component_ref idref="oc-1a"/>
      </symbol>
      <symbol id="sm-19e">
         <name>_forever_loop</name>
         <value>0x7c</value>
         <object_component_ref idref="oc-6d"/>
      </symbol>
      <symbol id="sm-19f">
         <name>_c_int8</name>
         <value>0x2500</value>
         <object_component_ref idref="oc-1c"/>
      </symbol>
      <symbol id="sm-1a0">
         <name>_hCodec</name>
         <value>0x574c</value>
         <object_component_ref idref="oc-1a"/>
      </symbol>
      <symbol id="sm-1a1">
         <name>_rx_pong</name>
         <value>0x6100</value>
         <object_component_ref idref="oc-1b"/>
      </symbol>
      <symbol id="sm-1a2">
         <name>_rx_pang</name>
         <value>0x6300</value>
         <object_component_ref idref="oc-1b"/>
      </symbol>
      <symbol id="sm-1a3">
         <name>_config1</name>
         <value>0x5724</value>
         <object_component_ref idref="oc-1a"/>
      </symbol>
      <symbol id="sm-1a4">
         <name>_AIC_data</name>
         <value>0x5750</value>
         <object_component_ref idref="oc-1a"/>
      </symbol>
      <symbol id="sm-1a5">
         <name>_tx_pong</name>
         <value>0x6700</value>
         <object_component_ref idref="oc-1b"/>
      </symbol>
      <symbol id="sm-1a6">
         <name>_hEdmaPong_rx</name>
         <value>0x5b34</value>
         <object_component_ref idref="oc-1a"/>
      </symbol>
      <symbol id="sm-1a7">
         <name>_hEdmaPing_rx</name>
         <value>0x5b30</value>
         <object_component_ref idref="oc-1a"/>
      </symbol>
      <symbol id="sm-1a8">
         <name>_hEdmaPang_rx</name>
         <value>0x5b38</value>
         <object_component_ref idref="oc-1a"/>
      </symbol>
      <symbol id="sm-1a9">
         <name>_rx_ping</name>
         <value>0x5f00</value>
         <object_component_ref idref="oc-1b"/>
      </symbol>
      <symbol id="sm-1aa">
         <name>_lowPass</name>
         <value>0x5754</value>
         <object_component_ref idref="oc-1a"/>
      </symbol>
      <symbol id="sm-1ab">
         <name>_input_sample</name>
         <value>0x1458</value>
         <object_component_ref idref="oc-6d"/>
      </symbol>
      <symbol id="sm-1ac">
         <name>_hEdma_rx</name>
         <value>0x5b2c</value>
         <object_component_ref idref="oc-1a"/>
      </symbol>
      <symbol id="sm-1ad">
         <name>_tx_pang</name>
         <value>0x6900</value>
         <object_component_ref idref="oc-1b"/>
      </symbol>
      <symbol id="sm-1ae">
         <name>_hEdmaPong_tx</name>
         <value>0x5b5c</value>
         <object_component_ref idref="oc-1a"/>
      </symbol>
      <symbol id="sm-1af">
         <name>_hEdmaPing_tx</name>
         <value>0x5b58</value>
         <object_component_ref idref="oc-1a"/>
      </symbol>
      <symbol id="sm-1b0">
         <name>_hEdmaPang_tx</name>
         <value>0x5b60</value>
         <object_component_ref idref="oc-1a"/>
      </symbol>
      <symbol id="sm-1b1">
         <name>_hEdma_tx</name>
         <value>0x5b54</value>
         <object_component_ref idref="oc-1a"/>
      </symbol>
      <symbol id="sm-1b2">
         <name>_cfgEdma_tx</name>
         <value>0x5b64</value>
         <object_component_ref idref="oc-1a"/>
      </symbol>
      <symbol id="sm-1b3">
         <name>_cfgEdma_rx</name>
         <value>0x5b3c</value>
         <object_component_ref idref="oc-1a"/>
      </symbol>
      <symbol id="sm-1c0">
         <name>_vector10</name>
         <value>0x6d40</value>
         <object_component_ref idref="oc-21"/>
      </symbol>
      <symbol id="sm-1c1">
         <name>_vector11</name>
         <value>0x6d60</value>
         <object_component_ref idref="oc-21"/>
      </symbol>
      <symbol id="sm-1c2">
         <name>_vector12</name>
         <value>0x6d80</value>
         <object_component_ref idref="oc-21"/>
      </symbol>
      <symbol id="sm-1c3">
         <name>_vector13</name>
         <value>0x6da0</value>
         <object_component_ref idref="oc-21"/>
      </symbol>
      <symbol id="sm-1c4">
         <name>_vector14</name>
         <value>0x6dc0</value>
         <object_component_ref idref="oc-21"/>
      </symbol>
      <symbol id="sm-1c5">
         <name>_vector15</name>
         <value>0x6de0</value>
         <object_component_ref idref="oc-21"/>
      </symbol>
      <symbol id="sm-1c6">
         <name>_vectors</name>
         <value>0x6c00</value>
         <object_component_ref idref="oc-21"/>
      </symbol>
      <symbol id="sm-1c7">
         <name>_vector1</name>
         <value>0x6c20</value>
         <object_component_ref idref="oc-21"/>
      </symbol>
      <symbol id="sm-1c8">
         <name>_vector3</name>
         <value>0x6c60</value>
         <object_component_ref idref="oc-21"/>
      </symbol>
      <symbol id="sm-1c9">
         <name>_vector2</name>
         <value>0x6c40</value>
         <object_component_ref idref="oc-21"/>
      </symbol>
      <symbol id="sm-1ca">
         <name>_vector5</name>
         <value>0x6ca0</value>
         <object_component_ref idref="oc-21"/>
      </symbol>
      <symbol id="sm-1cb">
         <name>_vector4</name>
         <value>0x6c80</value>
         <object_component_ref idref="oc-21"/>
      </symbol>
      <symbol id="sm-1cc">
         <name>_vector7</name>
         <value>0x6ce0</value>
         <object_component_ref idref="oc-21"/>
      </symbol>
      <symbol id="sm-1cd">
         <name>_vector6</name>
         <value>0x6cc0</value>
         <object_component_ref idref="oc-21"/>
      </symbol>
      <symbol id="sm-1ce">
         <name>_vector9</name>
         <value>0x6d20</value>
         <object_component_ref idref="oc-21"/>
      </symbol>
      <symbol id="sm-1dc">
         <name>_DSK6713_init</name>
         <value>0x1dcc</value>
         <object_component_ref idref="oc-25"/>
      </symbol>
      <symbol id="sm-1dd">
         <name>_DSK6713_version</name>
         <value>0x5e14</value>
         <object_component_ref idref="oc-26"/>
      </symbol>
      <symbol id="sm-1de">
         <name>_DSK6713_rget</name>
         <value>0x20e8</value>
         <object_component_ref idref="oc-25"/>
      </symbol>
      <symbol id="sm-1df">
         <name>_DSK6713_wait</name>
         <value>0x2110</value>
         <object_component_ref idref="oc-25"/>
      </symbol>
      <symbol id="sm-1e0">
         <name>_DSK6713_rset</name>
         <value>0x20fc</value>
         <object_component_ref idref="oc-25"/>
      </symbol>
      <symbol id="sm-1e1">
         <name>_DSK6713_waitusec</name>
         <value>0x2168</value>
         <object_component_ref idref="oc-25"/>
      </symbol>
      <symbol id="sm-1e2">
         <name>_DSK6713_getVersion</name>
         <value>0x2194</value>
         <object_component_ref idref="oc-25"/>
      </symbol>
      <symbol id="sm-1f0">
         <name>_DSK6713_AIC23_codeccontrolhandle</name>
         <value>0x5e0c</value>
         <object_component_ref idref="oc-2c"/>
      </symbol>
      <symbol id="sm-1f1">
         <name>_DSK6713_AIC23_codecdatahandle</name>
         <value>0x5e10</value>
         <object_component_ref idref="oc-2c"/>
      </symbol>
      <symbol id="sm-1f2">
         <name>_DSK6713_AIC23_openCodec</name>
         <value>0x2200</value>
         <object_component_ref idref="oc-2b"/>
      </symbol>
      <symbol id="sm-200">
         <name>_DSK6713_AIC23_config</name>
         <value>0x3560</value>
         <object_component_ref idref="oc-31"/>
      </symbol>
      <symbol id="sm-201">
         <name>_DSK6713_AIC23_rget</name>
         <value>0x3538</value>
         <object_component_ref idref="oc-31"/>
      </symbol>
      <symbol id="sm-202">
         <name>_DSK6713_AIC23_rset</name>
         <value>0x34a0</value>
         <object_component_ref idref="oc-31"/>
      </symbol>
      <symbol id="sm-20e">
         <name>_CSL6713_LIB_</name>
         <value>0x45c0</value>
         <object_component_ref idref="oc-70"/>
      </symbol>
      <symbol id="sm-20f">
         <name>__CSL_init</name>
         <value>0x2e60</value>
         <object_component_ref idref="oc-71"/>
      </symbol>
      <symbol id="sm-22f">
         <name>_EDMA_intClear</name>
         <value>0x45e0</value>
         <object_component_ref idref="oc-66"/>
      </symbol>
      <symbol id="sm-230">
         <name>_EDMA_enableChannel</name>
         <value>0x4380</value>
         <object_component_ref idref="oc-7c"/>
      </symbol>
      <symbol id="sm-231">
         <name>_EDMA_intDisable</name>
         <value>0x43e0</value>
         <object_component_ref idref="oc-7a"/>
      </symbol>
      <symbol id="sm-232">
         <name>_EDMA_config</name>
         <value>0x3b40</value>
         <object_component_ref idref="oc-79"/>
      </symbol>
      <symbol id="sm-233">
         <name>_EDMA_clearPram</name>
         <value>0x3ec0</value>
         <object_component_ref idref="oc-76"/>
      </symbol>
      <symbol id="sm-234">
         <name>_EDMA_reset</name>
         <value>0x35e0</value>
         <object_component_ref idref="oc-85"/>
      </symbol>
      <symbol id="sm-235">
         <name>_tccAllocTable</name>
         <value>0x5d14</value>
         <object_component_ref idref="oc-3b"/>
      </symbol>
      <symbol id="sm-236">
         <name>_EDMA_open</name>
         <value>0x27c0</value>
         <object_component_ref idref="oc-77"/>
      </symbol>
      <symbol id="sm-237">
         <name>_EDMA_intTest</name>
         <value>0x4600</value>
         <object_component_ref idref="oc-65"/>
      </symbol>
      <symbol id="sm-238">
         <name>_EDMA_qdmaConfig</name>
         <value>0x44a0</value>
         <object_component_ref idref="oc-86"/>
      </symbol>
      <symbol id="sm-239">
         <name>_EDMA_disableChannel</name>
         <value>0x4320</value>
         <object_component_ref idref="oc-8a"/>
      </symbol>
      <symbol id="sm-23a">
         <name>_EDMA_intEnable</name>
         <value>0x4440</value>
         <object_component_ref idref="oc-7b"/>
      </symbol>
      <symbol id="sm-23b">
         <name>_EDMA_allocTable</name>
         <value>0x2c60</value>
         <object_component_ref idref="oc-78"/>
      </symbol>
      <symbol id="sm-25b">
         <name>_IRQ_setVecs</name>
         <value>0x4680</value>
         <object_component_ref idref="oc-7d"/>
      </symbol>
      <symbol id="sm-25c">
         <name>__IRQ_eventTable</name>
         <value>0x5c34</value>
         <object_component_ref idref="oc-3f"/>
      </symbol>
      <symbol id="sm-25d">
         <name>_IRQ_nmiEnable</name>
         <value>0x4660</value>
         <object_component_ref idref="oc-82"/>
      </symbol>
      <symbol id="sm-25e">
         <name>_IRQ_reset</name>
         <value>0x4540</value>
         <object_component_ref idref="oc-7f"/>
      </symbol>
      <symbol id="sm-25f">
         <name>__IRQ_intTable</name>
         <value>0x5cb8</value>
         <object_component_ref idref="oc-3f"/>
      </symbol>
      <symbol id="sm-260">
         <name>_IRQ_globalEnable</name>
         <value>0x4640</value>
         <object_component_ref idref="oc-81"/>
      </symbol>
      <symbol id="sm-261">
         <name>_IRQ_globalDisable</name>
         <value>0x4620</value>
         <object_component_ref idref="oc-75"/>
      </symbol>
      <symbol id="sm-262">
         <name>_IRQ_map</name>
         <value>0x3020</value>
         <object_component_ref idref="oc-7e"/>
      </symbol>
      <symbol id="sm-263">
         <name>__IRQ_init</name>
         <value>0x41a0</value>
         <object_component_ref idref="oc-83"/>
      </symbol>
      <symbol id="sm-264">
         <name>_IRQ_enable</name>
         <value>0x4500</value>
         <object_component_ref idref="oc-80"/>
      </symbol>
      <symbol id="sm-265">
         <name>__IRQ_dispatchTable</name>
         <value>0x5cf8</value>
         <object_component_ref idref="oc-3f"/>
      </symbol>
      <symbol id="sm-266">
         <name>__IRQ_hookFetchPacket</name>
         <value>0x4700</value>
         <object_component_ref idref="oc-3d"/>
      </symbol>
      <symbol id="sm-278">
         <name>_MCBSP_reset</name>
         <value>0x31c0</value>
         <object_component_ref idref="oc-6f"/>
      </symbol>
      <symbol id="sm-279">
         <name>_MCBSP_read</name>
         <value>0x46a0</value>
         <object_component_ref idref="oc-74"/>
      </symbol>
      <symbol id="sm-27a">
         <name>_MCBSP_open</name>
         <value>0x3c20</value>
         <object_component_ref idref="oc-68"/>
      </symbol>
      <symbol id="sm-27b">
         <name>__MCBSP_hDev0</name>
         <value>0x5d84</value>
         <object_component_ref idref="oc-42"/>
      </symbol>
      <symbol id="sm-27c">
         <name>__MCBSP_hDev1</name>
         <value>0x5d88</value>
         <object_component_ref idref="oc-42"/>
      </symbol>
      <symbol id="sm-27d">
         <name>_MCBSP_start</name>
         <value>0x3940</value>
         <object_component_ref idref="oc-69"/>
      </symbol>
      <symbol id="sm-27e">
         <name>_MCBSP_write</name>
         <value>0x46c0</value>
         <object_component_ref idref="oc-73"/>
      </symbol>
      <symbol id="sm-28a">
         <name>_TIMER_reset</name>
         <value>0x3700</value>
         <object_component_ref idref="oc-89"/>
      </symbol>
      <symbol id="sm-28b">
         <name>_TIMER_open</name>
         <value>0x3340</value>
         <object_component_ref idref="oc-84"/>
      </symbol>
      <symbol id="sm-28c">
         <name>__TIMER_hDev0</name>
         <value>0x5df4</value>
         <object_component_ref idref="oc-45"/>
      </symbol>
      <symbol id="sm-28d">
         <name>__TIMER_hDev1</name>
         <value>0x5df8</value>
         <object_component_ref idref="oc-45"/>
      </symbol>
      <symbol id="sm-28e">
         <name>__TIMER_hBios</name>
         <value>0x5dfc</value>
         <object_component_ref idref="oc-45"/>
      </symbol>
      <symbol id="sm-28f">
         <name>__TIMER_deviceTable</name>
         <value>0x5ddc</value>
         <object_component_ref idref="oc-45"/>
      </symbol>
      <symbol id="sm-29b">
         <name>_c_int00</name>
         <value>0x42a0</value>
         <object_component_ref idref="oc-17"/>
      </symbol>
      <symbol id="sm-29c">
         <name>__stack</name>
         <value>0x4740</value>
         <object_component_ref idref="oc-48"/>
      </symbol>
      <symbol id="sm-2ac">
         <name>C$$EXIT</name>
         <value>0x46e0</value>
         <object_component_ref idref="oc-6e"/>
      </symbol>
      <symbol id="sm-2ad">
         <name>_exit</name>
         <value>0x3de0</value>
         <object_component_ref idref="oc-64"/>
      </symbol>
      <symbol id="sm-2ae">
         <name>___TI_enable_exit_profile_output</name>
         <value>0x5e08</value>
         <object_component_ref idref="oc-4d"/>
      </symbol>
      <symbol id="sm-2af">
         <name>_abort</name>
         <value>0x46e0</value>
         <object_component_ref idref="oc-6e"/>
      </symbol>
      <symbol id="sm-2b0">
         <name>__cleanup_ptr</name>
         <value>0x5e00</value>
         <object_component_ref idref="oc-4d"/>
      </symbol>
      <symbol id="sm-2b1">
         <name>__dtors_ptr</name>
         <value>0x5e04</value>
         <object_component_ref idref="oc-4d"/>
      </symbol>
      <symbol id="sm-2b9">
         <name>__strasg</name>
         <value>0x3d00</value>
         <object_component_ref idref="oc-67"/>
      </symbol>
      <symbol id="sm-2c3">
         <name>__args_main</name>
         <value>0x4580</value>
         <object_component_ref idref="oc-63"/>
      </symbol>
      <symbol id="sm-2c4">
         <name>__TI_args_main</name>
         <value>0x1</value>
      </symbol>
      <symbol id="sm-2ce">
         <name>__auto_init</name>
         <value>0x3a40</value>
         <object_component_ref idref="oc-62"/>
      </symbol>
      <symbol id="sm-2d8">
         <name>___TI_cpp_init</name>
         <value>0x4220</value>
         <object_component_ref idref="oc-6c"/>
      </symbol>
      <symbol id="sm-2e2">
         <name>_copy_in</name>
         <value>0x3f80</value>
         <object_component_ref idref="oc-6a"/>
      </symbol>
      <symbol id="sm-2ec">
         <name>_memcpy</name>
         <value>0x2a20</value>
         <object_component_ref idref="oc-6b"/>
      </symbol>
   </symbol_table>
</link_info>
