<?xml version="1.0"?>
<link_info>
   <banner>TMS320C6x Linker PC v7.4.7</banner>
   <copyright>Copyright (c) 1996-2014 Texas Instruments Incorporated</copyright>
   <link_time>0x5dd86337</link_time>
   <output_file>HW8_KoleHey_BradWard.out</output_file>
   <entry_point>
      <name>_c_int00</name>
      <address>0xbfe0</address>
   </entry_point>
   <input_file_list>
      <input_file id="fl-2">
         <path>.\</path>
         <kind>object</kind>
         <file>HW8_KoleHey_BradWardcfg.obj</file>
         <name>HW8_KoleHey_BradWardcfg.obj</name>
      </input_file>
      <input_file id="fl-3">
         <path>.\</path>
         <kind>object</kind>
         <file>HW8_KoleHey_BradWardcfg_c.obj</file>
         <name>HW8_KoleHey_BradWardcfg_c.obj</name>
      </input_file>
      <input_file id="fl-4">
         <path>.\</path>
         <kind>object</kind>
         <file>main.obj</file>
         <name>main.obj</name>
      </input_file>
      <input_file id="fl-8a">
         <path>C:\ti\bios_5_42_01_09\packages\ti\bios\lib\</path>
         <kind>archive</kind>
         <file>biosC6000.a67</file>
         <name>clk_htime.o67</name>
      </input_file>
      <input_file id="fl-8b">
         <path>C:\ti\bios_5_42_01_09\packages\ti\bios\lib\</path>
         <kind>archive</kind>
         <file>bios.a67</file>
         <name>biosdata.o67</name>
      </input_file>
      <input_file id="fl-8c">
         <path>C:\ti\bios_5_42_01_09\packages\ti\bios\lib\</path>
         <kind>archive</kind>
         <file>bios.a67</file>
         <name>hwi_disp_asm.o67</name>
      </input_file>
      <input_file id="fl-8d">
         <path>C:\ti\bios_5_42_01_09\packages\ti\bios\lib\</path>
         <kind>archive</kind>
         <file>lnkrtdx.a67</file>
         <name>rtdx.o67</name>
      </input_file>
      <input_file id="fl-8e">
         <path>C:\ti\bios_5_42_01_09\packages\ti\bios\lib\</path>
         <kind>archive</kind>
         <file>bios.a67</file>
         <name>swi.o67</name>
      </input_file>
      <input_file id="fl-8f">
         <path>C:\ti\bios_5_42_01_09\packages\ti\bios\lib\</path>
         <kind>archive</kind>
         <file>bios.a67</file>
         <name>fxn_c.o67</name>
      </input_file>
      <input_file id="fl-90">
         <path>C:\ti\bios_5_42_01_09\packages\ti\bios\lib\</path>
         <kind>archive</kind>
         <file>bios.a67</file>
         <name>gbl_cslpllinit62.o67</name>
      </input_file>
      <input_file id="fl-91">
         <path>C:\ti\bios_5_42_01_09\packages\ti\bios\lib\</path>
         <kind>archive</kind>
         <file>bios.a67</file>
         <name>knl_tick.o67</name>
      </input_file>
      <input_file id="fl-92">
         <path>C:\ti\bios_5_42_01_09\packages\ti\bios\lib\</path>
         <kind>archive</kind>
         <file>bios.a67</file>
         <name>utl_doab.o67</name>
      </input_file>
      <input_file id="fl-93">
         <path>C:\ti\bios_5_42_01_09\packages\ti\bios\lib\</path>
         <kind>archive</kind>
         <file>bios.a67</file>
         <name>utl_doer.o67</name>
      </input_file>
      <input_file id="fl-94">
         <path>C:\ti\bios_5_42_01_09\packages\ti\bios\lib\</path>
         <kind>archive</kind>
         <file>bios.a67</file>
         <name>utl_putc.o67</name>
      </input_file>
      <input_file id="fl-95">
         <path>C:\ti\bios_5_42_01_09\packages\ti\bios\lib\</path>
         <kind>archive</kind>
         <file>bios.a67</file>
         <name>utl_halt.o67</name>
      </input_file>
      <input_file id="fl-96">
         <path>C:\ti\bios_5_42_01_09\packages\ti\bios\lib\</path>
         <kind>archive</kind>
         <file>biosC6000.a67</file>
         <name>clk.o67</name>
      </input_file>
      <input_file id="fl-97">
         <path>C:\ti\bios_5_42_01_09\packages\ti\bios\lib\</path>
         <kind>archive</kind>
         <file>bios.a67</file>
         <name>fxn.o67</name>
      </input_file>
      <input_file id="fl-98">
         <path>C:\ti\bios_5_42_01_09\packages\ti\bios\lib\</path>
         <kind>archive</kind>
         <file>bios.a67</file>
         <name>boot.o67</name>
      </input_file>
      <input_file id="fl-99">
         <path>C:\ti\bios_5_42_01_09\packages\ti\bios\lib\</path>
         <kind>archive</kind>
         <file>bios.a67</file>
         <name>trc.o67</name>
      </input_file>
      <input_file id="fl-9a">
         <path>C:\ti\bios_5_42_01_09\packages\ti\bios\lib\</path>
         <kind>archive</kind>
         <file>bios.a67</file>
         <name>hwi.o67</name>
      </input_file>
      <input_file id="fl-9b">
         <path>C:\ti\bios_5_42_01_09\packages\ti\bios\lib\</path>
         <kind>archive</kind>
         <file>bios.a67</file>
         <name>idl.o67</name>
      </input_file>
      <input_file id="fl-9c">
         <path>C:\ti\bios_5_42_01_09\packages\ti\bios\lib\</path>
         <kind>archive</kind>
         <file>bios.a67</file>
         <name>knl_swit.o67</name>
      </input_file>
      <input_file id="fl-9d">
         <path>C:\ti\bios_5_42_01_09\packages\ti\bios\lib\</path>
         <kind>archive</kind>
         <file>bios.a67</file>
         <name>log.o67</name>
      </input_file>
      <input_file id="fl-9e">
         <path>C:\ti\bios_5_42_01_09\packages\ti\bios\lib\</path>
         <kind>archive</kind>
         <file>bios.a67</file>
         <name>pip.o67</name>
      </input_file>
      <input_file id="fl-9f">
         <path>C:\ti\bios_5_42_01_09\packages\ti\bios\lib\</path>
         <kind>archive</kind>
         <file>bios.a67</file>
         <name>prd.o67</name>
      </input_file>
      <input_file id="fl-a0">
         <path>C:\ti\bios_5_42_01_09\packages\ti\bios\lib\</path>
         <kind>archive</kind>
         <file>bios.a67</file>
         <name>sts.o67</name>
      </input_file>
      <input_file id="fl-a1">
         <path>C:\ti\bios_5_42_01_09\packages\ti\bios\lib\</path>
         <kind>archive</kind>
         <file>bios.a67</file>
         <name>clk_data.o67</name>
      </input_file>
      <input_file id="fl-a2">
         <path>C:\ti\bios_5_42_01_09\packages\ti\bios\lib\</path>
         <kind>archive</kind>
         <file>bios.a67</file>
         <name>clk_data2.o67</name>
      </input_file>
      <input_file id="fl-a3">
         <path>C:\ti\bios_5_42_01_09\packages\ti\bios\lib\</path>
         <kind>archive</kind>
         <file>biosC6000.a67</file>
         <name>clk_start.o67</name>
      </input_file>
      <input_file id="fl-a4">
         <path>C:\ti\bios_5_42_01_09\packages\ti\bios\lib\</path>
         <kind>archive</kind>
         <file>biosC6000.a67</file>
         <name>clk_stop.o67</name>
      </input_file>
      <input_file id="fl-a5">
         <path>C:\Users\bradlwar\Documents\DSK6713\c6000\bios\lib\</path>
         <kind>archive</kind>
         <file>csl6713.lib</file>
         <name>csl.obj</name>
      </input_file>
      <input_file id="fl-a6">
         <path>C:\Users\bradlwar\Documents\DSK6713\c6000\dsk6713\lib\</path>
         <kind>archive</kind>
         <file>dsk6713bsl.lib</file>
         <name>dsk6713_aic23_opencodec.obj</name>
      </input_file>
      <input_file id="fl-a7">
         <path>C:\Users\bradlwar\Documents\DSK6713\c6000\dsk6713\lib\</path>
         <kind>archive</kind>
         <file>dsk6713bsl.lib</file>
         <name>dsk6713_aic23_registers.obj</name>
      </input_file>
      <input_file id="fl-a8">
         <path>C:\Users\bradlwar\Documents\DSK6713\c6000\dsk6713\lib\</path>
         <kind>archive</kind>
         <file>dsk6713bsl.lib</file>
         <name>dsk6713.obj</name>
      </input_file>
      <input_file id="fl-a9">
         <path>C:\Users\bradlwar\Documents\DSK6713\c6000\bios\lib\</path>
         <kind>archive</kind>
         <file>csl6713.lib</file>
         <name>csl_edma.obj</name>
      </input_file>
      <input_file id="fl-aa">
         <path>C:\ti\bios_5_42_01_09\packages\ti\bios\lib\</path>
         <kind>archive</kind>
         <file>bios.a67</file>
         <name>gbl_cslcacheinit.o67</name>
      </input_file>
      <input_file id="fl-ab">
         <path>C:\ti\bios_5_42_01_09\packages\ti\bios\lib\</path>
         <kind>archive</kind>
         <file>bios.a67</file>
         <name>gbl_vers.o67</name>
      </input_file>
      <input_file id="fl-ac">
         <path>C:\ti\bios_5_42_01_09\packages\ti\bios\lib\</path>
         <kind>archive</kind>
         <file>bios.a67</file>
         <name>hwi_c.o67</name>
      </input_file>
      <input_file id="fl-ad">
         <path>C:\Users\bradlwar\Documents\DSK6713\c6000\bios\lib\</path>
         <kind>archive</kind>
         <file>csl6713.lib</file>
         <name>csl_irq.obj</name>
      </input_file>
      <input_file id="fl-ae">
         <path>C:\ti\bios_5_42_01_09\packages\ti\bios\lib\</path>
         <kind>archive</kind>
         <file>bios.a67</file>
         <name>knl.o67</name>
      </input_file>
      <input_file id="fl-af">
         <path>C:\ti\bios_5_42_01_09\packages\ti\bios\lib\</path>
         <kind>archive</kind>
         <file>bios.a67</file>
         <name>knl_exit.o67</name>
      </input_file>
      <input_file id="fl-b0">
         <path>C:\ti\bios_5_42_01_09\packages\ti\bios\lib\</path>
         <kind>archive</kind>
         <file>bios.a67</file>
         <name>knl_chec.o67</name>
      </input_file>
      <input_file id="fl-b1">
         <path>C:\ti\bios_5_42_01_09\packages\ti\bios\lib\</path>
         <kind>archive</kind>
         <file>bios.a67</file>
         <name>knl_post.o67</name>
      </input_file>
      <input_file id="fl-b2">
         <path>C:\ti\bios_5_42_01_09\packages\ti\bios\lib\</path>
         <kind>archive</kind>
         <file>bios.a67</file>
         <name>knl_ipos.o67</name>
      </input_file>
      <input_file id="fl-b3">
         <path>C:\ti\bios_5_42_01_09\packages\ti\bios\lib\</path>
         <kind>archive</kind>
         <file>bios.a67</file>
         <name>knl_run.o67</name>
      </input_file>
      <input_file id="fl-b4">
         <path>C:\Users\bradlwar\Documents\DSK6713\c6000\bios\lib\</path>
         <kind>archive</kind>
         <file>csl6713.lib</file>
         <name>csl_mcbsp.obj</name>
      </input_file>
      <input_file id="fl-b5">
         <path>C:\ti\bios_5_42_01_09\packages\ti\bios\lib\</path>
         <kind>archive</kind>
         <file>bios.a67</file>
         <name>obj_init.o67</name>
      </input_file>
      <input_file id="fl-b6">
         <path>C:\ti\bios_5_42_01_09\packages\ti\rtdx\lib\c6000\</path>
         <kind>archive</kind>
         <file>rtdx.lib</file>
         <name>buffer2.o62</name>
      </input_file>
      <input_file id="fl-b7">
         <path>C:\ti\bios_5_42_01_09\packages\ti\rtdx\lib\c6000\</path>
         <kind>archive</kind>
         <file>rtdx.lib</file>
         <name>buffer1.o62</name>
      </input_file>
      <input_file id="fl-b8">
         <path>C:\ti\bios_5_42_01_09\packages\ti\rtdx\lib\c6000\</path>
         <kind>archive</kind>
         <file>rtdx.lib</file>
         <name>intr_tgt.o62</name>
      </input_file>
      <input_file id="fl-b9">
         <path>C:\ti\bios_5_42_01_09\packages\ti\rtdx\lib\c6000\</path>
         <kind>archive</kind>
         <file>rtdx.lib</file>
         <name>rtdx_mon.o62</name>
      </input_file>
      <input_file id="fl-ba">
         <path>C:\ti\bios_5_42_01_09\packages\ti\bios\lib\</path>
         <kind>archive</kind>
         <file>bios.a67</file>
         <name>sts_set.o67</name>
      </input_file>
      <input_file id="fl-bb">
         <path>C:\Users\bradlwar\Documents\DSK6713\c6000\bios\lib\</path>
         <kind>archive</kind>
         <file>csl6713.lib</file>
         <name>csl_timer.obj</name>
      </input_file>
      <input_file id="fl-bc">
         <path>C:\ti\bios_5_42_01_09\packages\ti\bios\lib\</path>
         <kind>archive</kind>
         <file>bios.a67</file>
         <name>tsk.o67</name>
      </input_file>
      <input_file id="fl-bd">
         <path>C:\ti\bios_5_42_01_09\packages\ti\bios\lib\</path>
         <kind>archive</kind>
         <file>bios.a67</file>
         <name>tsk_exit.o67</name>
      </input_file>
      <input_file id="fl-be">
         <path>C:\ti\bios_5_42_01_09\packages\ti\bios\lib\</path>
         <kind>archive</kind>
         <file>bios.a67</file>
         <name>sys_exit.o67</name>
      </input_file>
      <input_file id="fl-bf">
         <path>C:\ti\bios_5_42_01_09\packages\ti\bios\lib\</path>
         <kind>archive</kind>
         <file>bios.a67</file>
         <name>sys.o67</name>
      </input_file>
      <input_file id="fl-c0">
         <path>C:\ti\bios_5_42_01_09\packages\ti\bios\lib\</path>
         <kind>archive</kind>
         <file>bios.a67</file>
         <name>tsk_init.o67</name>
      </input_file>
      <input_file id="fl-c1">
         <path>C:\ti\bios_5_42_01_09\packages\ti\bios\lib\</path>
         <kind>archive</kind>
         <file>bios.a67</file>
         <name>tsk_setu.o67</name>
      </input_file>
      <input_file id="fl-c2">
         <path>C:\ti\bios_5_42_01_09\packages\ti\bios\lib\</path>
         <kind>archive</kind>
         <file>bios.a67</file>
         <name>tsk_stup.o67</name>
      </input_file>
      <input_file id="fl-c3">
         <path>C:\ti\bios_5_42_01_09\packages\ti\bios\lib\</path>
         <kind>archive</kind>
         <file>bios.a67</file>
         <name>lck.o67</name>
      </input_file>
      <input_file id="fl-c4">
         <path>C:\ti\bios_5_42_01_09\packages\ti\bios\lib\</path>
         <kind>archive</kind>
         <file>bios.a67</file>
         <name>sem_pend_counting.o67</name>
      </input_file>
      <input_file id="fl-c5">
         <path>C:\ti\bios_5_42_01_09\packages\ti\bios\lib\</path>
         <kind>archive</kind>
         <file>bios.a67</file>
         <name>sem_pend.o67</name>
      </input_file>
      <input_file id="fl-c6">
         <path>C:\ti\bios_5_42_01_09\packages\ti\bios\lib\</path>
         <kind>archive</kind>
         <file>bios.a67</file>
         <name>sem_post_asm.o67</name>
      </input_file>
      <input_file id="fl-c7">
         <path>C:\ti\bios_5_42_01_09\packages\ti\bios\lib\</path>
         <kind>archive</kind>
         <file>bios.a67</file>
         <name>sem_post.o67</name>
      </input_file>
      <input_file id="fl-c8">
         <path>C:\ti\bios_5_42_01_09\packages\ti\bios\lib\</path>
         <kind>archive</kind>
         <file>bios.a67</file>
         <name>sys_abor.o67</name>
      </input_file>
      <input_file id="fl-c9">
         <path>C:\ti\bios_5_42_01_09\packages\ti\bios\lib\</path>
         <kind>archive</kind>
         <file>bios.a67</file>
         <name>gbl_setL2CacheMode.o67</name>
      </input_file>
      <input_file id="fl-ca">
         <path>C:\ti\bios_5_42_01_09\packages\ti\bios\lib\</path>
         <kind>archive</kind>
         <file>bios.a67</file>
         <name>sem_dopo.o67</name>
      </input_file>
      <input_file id="fl-cb">
         <path>C:\ti\bios_5_42_01_09\packages\ti\bios\lib\</path>
         <kind>archive</kind>
         <file>bios.a67</file>
         <name>autoinit.o67</name>
      </input_file>
      <input_file id="fl-cc">
         <path>C:\ti2\ccsv6\tools\compiler\c6000_7.4.7\lib\</path>
         <kind>archive</kind>
         <file>rts6700.lib</file>
         <name>_lock.obj</name>
      </input_file>
      <input_file id="fl-cd">
         <path>C:\ti2\ccsv6\tools\compiler\c6000_7.4.7\lib\</path>
         <kind>archive</kind>
         <file>rts6700.lib</file>
         <name>strasg.obj</name>
      </input_file>
      <input_file id="fl-ce">
         <path>C:\ti2\ccsv6\tools\compiler\c6000_7.4.7\lib\</path>
         <kind>archive</kind>
         <file>rts6700.lib</file>
         <name>atexit.obj</name>
      </input_file>
      <input_file id="fl-cf">
         <path>C:\ti2\ccsv6\tools\compiler\c6000_7.4.7\lib\</path>
         <kind>archive</kind>
         <file>rts6700.lib</file>
         <name>sinit.obj</name>
      </input_file>
      <input_file id="fl-d0">
         <path>C:\ti2\ccsv6\tools\compiler\c6000_7.4.7\lib\</path>
         <kind>archive</kind>
         <file>rts6700.lib</file>
         <name>exit.obj</name>
      </input_file>
      <input_file id="fl-d1">
         <path>C:\ti2\ccsv6\tools\compiler\c6000_7.4.7\lib\</path>
         <kind>archive</kind>
         <file>rts6700.lib</file>
         <name>memcpy62.obj</name>
      </input_file>
   </input_file_list>
   <object_component_list>
      <object_component id="oc-56">
         <name>.vers</name>
         <load_address>0x0</load_address>
         <run_address>0x0</run_address>
         <size>0x4c</size>
         <input_file_ref idref="fl-2"/>
      </object_component>
      <object_component id="oc-49">
         <name>.clk</name>
         <uninitialized>true</uninitialized>
         <run_address>0xca44</run_address>
         <size>0x8</size>
         <input_file_ref idref="fl-2"/>
      </object_component>
      <object_component id="oc-4a">
         <name>.prd</name>
         <uninitialized>true</uninitialized>
         <run_address>0xc6dc</run_address>
         <size>0x20</size>
         <input_file_ref idref="fl-2"/>
      </object_component>
      <object_component id="oc-7">
         <name>HWI_A_VECS</name>
         <load_address>0x0</load_address>
         <run_address>0x0</run_address>
         <size>0x0</size>
      </object_component>
      <object_component id="oc-4d">
         <name>.hwi_vec</name>
         <load_address>0x0</load_address>
         <run_address>0x0</run_address>
         <size>0x200</size>
         <input_file_ref idref="fl-2"/>
      </object_component>
      <object_component id="oc-4e">
         <name>.swi</name>
         <uninitialized>true</uninitialized>
         <run_address>0xc8fc</run_address>
         <size>0xdc</size>
         <input_file_ref idref="fl-2"/>
      </object_component>
      <object_component id="oc-4f">
         <name>.tsk</name>
         <uninitialized>true</uninitialized>
         <run_address>0xc9d8</run_address>
         <size>0x60</size>
         <input_file_ref idref="fl-2"/>
      </object_component>
      <object_component id="oc-55">
         <name>.idl</name>
         <uninitialized>true</uninitialized>
         <run_address>0xbd9c</run_address>
         <size>0x4</size>
         <input_file_ref idref="fl-2"/>
      </object_component>
      <object_component id="oc-54">
         <name>.idlcal</name>
         <uninitialized>true</uninitialized>
         <run_address>0xc6fc</run_address>
         <size>0x4</size>
         <input_file_ref idref="fl-2"/>
      </object_component>
      <object_component id="oc-66">
         <name>.bss</name>
         <uninitialized>true</uninitialized>
         <run_address>0xc240</run_address>
         <size>0xcc</size>
         <input_file_ref idref="fl-8b"/>
      </object_component>
      <object_component id="oc-68">
         <name>.bss</name>
         <uninitialized>true</uninitialized>
         <run_address>0xc140</run_address>
         <size>0x100</size>
         <input_file_ref idref="fl-8c"/>
      </object_component>
      <object_component id="oc-6c">
         <name>.bss</name>
         <uninitialized>true</uninitialized>
         <run_address>0xc408</run_address>
         <size>0x18</size>
         <input_file_ref idref="fl-8d"/>
      </object_component>
      <object_component id="oc-72">
         <name>.bss</name>
         <uninitialized>true</uninitialized>
         <run_address>0xc30c</run_address>
         <size>0x9c</size>
         <input_file_ref idref="fl-8e"/>
      </object_component>
      <object_component id="oc-a0">
         <name>.bss</name>
         <uninitialized>true</uninitialized>
         <run_address>0xc3f0</run_address>
         <size>0x18</size>
         <input_file_ref idref="fl-9a"/>
      </object_component>
      <object_component id="oc-bb">
         <name>.bss</name>
         <uninitialized>true</uninitialized>
         <run_address>0xc43c</run_address>
         <size>0x8</size>
         <input_file_ref idref="fl-a1"/>
      </object_component>
      <object_component id="oc-be">
         <name>.bss</name>
         <uninitialized>true</uninitialized>
         <run_address>0xc44c</run_address>
         <size>0x4</size>
         <input_file_ref idref="fl-a2"/>
      </object_component>
      <object_component id="oc-f1">
         <name>.bss</name>
         <uninitialized>true</uninitialized>
         <run_address>0xc3a8</run_address>
         <size>0x48</size>
         <input_file_ref idref="fl-ae"/>
      </object_component>
      <object_component id="oc-116">
         <name>.bss</name>
         <uninitialized>true</uninitialized>
         <run_address>0xc420</run_address>
         <size>0x10</size>
         <input_file_ref idref="fl-b7"/>
      </object_component>
      <object_component id="oc-12d">
         <name>.bss</name>
         <uninitialized>true</uninitialized>
         <run_address>0xc430</run_address>
         <size>0xc</size>
         <input_file_ref idref="fl-bc"/>
      </object_component>
      <object_component id="oc-13b">
         <name>.bss</name>
         <uninitialized>true</uninitialized>
         <run_address>0xc444</run_address>
         <size>0x8</size>
         <input_file_ref idref="fl-bf"/>
      </object_component>
      <object_component id="oc-168">
         <name>.bss</name>
         <uninitialized>true</uninitialized>
         <run_address>0xc450</run_address>
         <size>0x4</size>
         <input_file_ref idref="fl-c9"/>
      </object_component>
      <object_component id="oc-5e">
         <name>.far</name>
         <uninitialized>true</uninitialized>
         <run_address>0xa880</run_address>
         <size>0x310</size>
         <input_file_ref idref="fl-4"/>
      </object_component>
      <object_component id="oc-7f">
         <name>.far</name>
         <uninitialized>true</uninitialized>
         <run_address>0xb104</run_address>
         <size>0x10</size>
         <input_file_ref idref="fl-91"/>
      </object_component>
      <object_component id="oc-8c">
         <name>.far</name>
         <uninitialized>true</uninitialized>
         <run_address>0xb114</run_address>
         <size>0xc</size>
         <input_file_ref idref="fl-94"/>
      </object_component>
      <object_component id="oc-ca">
         <name>.far</name>
         <uninitialized>true</uninitialized>
         <run_address>0xb070</run_address>
         <size>0x28</size>
         <input_file_ref idref="fl-a5"/>
      </object_component>
      <object_component id="oc-cd">
         <name>.far</name>
         <uninitialized>true</uninitialized>
         <run_address>0xb12c</run_address>
         <size>0x8</size>
         <input_file_ref idref="fl-a6"/>
      </object_component>
      <object_component id="oc-d4">
         <name>.far</name>
         <uninitialized>true</uninitialized>
         <run_address>0xb098</run_address>
         <size>0x28</size>
         <input_file_ref idref="fl-a7"/>
      </object_component>
      <object_component id="oc-d9">
         <name>.far</name>
         <uninitialized>true</uninitialized>
         <run_address>0xb140</run_address>
         <size>0x2</size>
         <input_file_ref idref="fl-a8"/>
      </object_component>
      <object_component id="oc-df">
         <name>.far</name>
         <uninitialized>true</uninitialized>
         <run_address>0xaf94</run_address>
         <size>0x54</size>
         <input_file_ref idref="fl-a9"/>
      </object_component>
      <object_component id="oc-ef">
         <name>.far</name>
         <uninitialized>true</uninitialized>
         <run_address>0xad18</run_address>
         <size>0xf4</size>
         <input_file_ref idref="fl-ad"/>
      </object_component>
      <object_component id="oc-f4">
         <name>.far</name>
         <uninitialized>true</uninitialized>
         <run_address>0xae0c</run_address>
         <size>0xd8</size>
         <input_file_ref idref="fl-ae"/>
      </object_component>
      <object_component id="oc-10b">
         <name>.far</name>
         <uninitialized>true</uninitialized>
         <run_address>0xb038</run_address>
         <size>0x38</size>
         <input_file_ref idref="fl-b4"/>
      </object_component>
      <object_component id="oc-10f">
         <name>.far</name>
         <uninitialized>true</uninitialized>
         <run_address>0xaf40</run_address>
         <size>0x54</size>
         <input_file_ref idref="fl-b5"/>
      </object_component>
      <object_component id="oc-12b">
         <name>.far</name>
         <uninitialized>true</uninitialized>
         <run_address>0xb0c0</run_address>
         <size>0x24</size>
         <input_file_ref idref="fl-bb"/>
      </object_component>
      <object_component id="oc-130">
         <name>.far</name>
         <uninitialized>true</uninitialized>
         <run_address>0xaee4</run_address>
         <size>0x5c</size>
         <input_file_ref idref="fl-bc"/>
      </object_component>
      <object_component id="oc-13e">
         <name>.far</name>
         <uninitialized>true</uninitialized>
         <run_address>0xb0e4</run_address>
         <size>0x20</size>
         <input_file_ref idref="fl-bf"/>
      </object_component>
      <object_component id="oc-14b">
         <name>.far</name>
         <uninitialized>true</uninitialized>
         <run_address>0xafe8</run_address>
         <size>0x50</size>
         <input_file_ref idref="fl-c2"/>
      </object_component>
      <object_component id="oc-178">
         <name>.far</name>
         <uninitialized>true</uninitialized>
         <run_address>0xb134</run_address>
         <size>0x8</size>
         <input_file_ref idref="fl-cc"/>
      </object_component>
      <object_component id="oc-180">
         <name>.far</name>
         <uninitialized>true</uninitialized>
         <run_address>0xab90</run_address>
         <size>0x188</size>
         <input_file_ref idref="fl-ce"/>
      </object_component>
      <object_component id="oc-185">
         <name>.far</name>
         <uninitialized>true</uninitialized>
         <run_address>0xb13c</run_address>
         <size>0x4</size>
         <input_file_ref idref="fl-cf"/>
      </object_component>
      <object_component id="oc-18a">
         <name>.far</name>
         <uninitialized>true</uninitialized>
         <run_address>0xb120</run_address>
         <size>0xc</size>
         <input_file_ref idref="fl-d0"/>
      </object_component>
      <object_component id="oc-5f">
         <name>.sysdata</name>
         <uninitialized>true</uninitialized>
         <run_address>0x9c80</run_address>
         <size>0xc00</size>
         <input_file_ref idref="fl-4"/>
      </object_component>
      <object_component id="oc-6e">
         <name>.bios</name>
         <load_address>0x3ec0</load_address>
         <run_address>0x3ec0</run_address>
         <size>0x600</size>
         <input_file_ref idref="fl-8d"/>
      </object_component>
      <object_component id="oc-16b">
         <name>.bios</name>
         <load_address>0x44c0</load_address>
         <run_address>0x44c0</run_address>
         <size>0x5e0</size>
         <input_file_ref idref="fl-c9"/>
      </object_component>
      <object_component id="oc-3d">
         <name>.bios</name>
         <load_address>0x4aa0</load_address>
         <run_address>0x4aa0</run_address>
         <size>0x540</size>
         <input_file_ref idref="fl-8e"/>
      </object_component>
      <object_component id="oc-3e">
         <name>.bios</name>
         <load_address>0x4fe0</load_address>
         <run_address>0x4fe0</run_address>
         <size>0x460</size>
         <input_file_ref idref="fl-8c"/>
      </object_component>
      <object_component id="oc-b3">
         <name>.bios</name>
         <load_address>0x5440</load_address>
         <run_address>0x5440</run_address>
         <size>0x3a0</size>
         <input_file_ref idref="fl-9f"/>
      </object_component>
      <object_component id="oc-107">
         <name>.bios</name>
         <load_address>0x57e0</load_address>
         <run_address>0x57e0</run_address>
         <size>0x2c0</size>
         <input_file_ref idref="fl-b3"/>
      </object_component>
      <object_component id="oc-159">
         <name>.bios</name>
         <load_address>0x5aa0</load_address>
         <run_address>0x5aa0</run_address>
         <size>0x2c0</size>
         <input_file_ref idref="fl-c5"/>
      </object_component>
      <object_component id="oc-41">
         <name>.bios</name>
         <load_address>0x5d60</load_address>
         <run_address>0x5d60</run_address>
         <size>0x260</size>
         <input_file_ref idref="fl-91"/>
      </object_component>
      <object_component id="oc-af">
         <name>.bios</name>
         <load_address>0x5fc0</load_address>
         <run_address>0x5fc0</run_address>
         <size>0x240</size>
         <input_file_ref idref="fl-9e"/>
      </object_component>
      <object_component id="oc-16f">
         <name>.bios</name>
         <load_address>0x6200</load_address>
         <run_address>0x6200</run_address>
         <size>0x220</size>
         <input_file_ref idref="fl-ca"/>
      </object_component>
      <object_component id="oc-145">
         <name>.bios</name>
         <load_address>0x6420</load_address>
         <run_address>0x6420</run_address>
         <size>0x200</size>
         <input_file_ref idref="fl-c1"/>
      </object_component>
      <object_component id="oc-a7">
         <name>.bios</name>
         <load_address>0x6620</load_address>
         <run_address>0x6620</run_address>
         <size>0x1c0</size>
         <input_file_ref idref="fl-9c"/>
      </object_component>
      <object_component id="oc-92">
         <name>.bios</name>
         <load_address>0x67e0</load_address>
         <run_address>0x67e0</run_address>
         <size>0x1c0</size>
         <input_file_ref idref="fl-96"/>
      </object_component>
      <object_component id="oc-134">
         <name>.bios</name>
         <load_address>0x69a0</load_address>
         <run_address>0x69a0</run_address>
         <size>0x1a0</size>
         <input_file_ref idref="fl-bd"/>
      </object_component>
      <object_component id="oc-173">
         <name>.bios</name>
         <load_address>0x6b40</load_address>
         <run_address>0x6b40</run_address>
         <size>0x180</size>
         <input_file_ref idref="fl-cb"/>
      </object_component>
      <object_component id="oc-14c">
         <name>.bios</name>
         <load_address>0x6cc0</load_address>
         <run_address>0x6cc0</run_address>
         <size>0x180</size>
         <input_file_ref idref="fl-c2"/>
      </object_component>
      <object_component id="oc-fa">
         <name>.bios</name>
         <load_address>0x6e40</load_address>
         <run_address>0x6e40</run_address>
         <size>0x140</size>
         <input_file_ref idref="fl-b0"/>
      </object_component>
      <object_component id="oc-e2">
         <name>.bios</name>
         <load_address>0x6f80</load_address>
         <run_address>0x6f80</run_address>
         <size>0xe0</size>
         <input_file_ref idref="fl-aa"/>
      </object_component>
      <object_component id="oc-f7">
         <name>.bios</name>
         <load_address>0x7060</load_address>
         <run_address>0x7060</run_address>
         <size>0xe0</size>
         <input_file_ref idref="fl-af"/>
      </object_component>
      <object_component id="oc-161">
         <name>.bios</name>
         <load_address>0x7140</load_address>
         <run_address>0x7140</run_address>
         <size>0xe0</size>
         <input_file_ref idref="fl-c7"/>
      </object_component>
      <object_component id="oc-15c">
         <name>.bios</name>
         <load_address>0x7220</load_address>
         <run_address>0x7220</run_address>
         <size>0xe0</size>
         <input_file_ref idref="fl-c6"/>
      </object_component>
      <object_component id="oc-103">
         <name>.bios</name>
         <load_address>0x7300</load_address>
         <run_address>0x7300</run_address>
         <size>0xc0</size>
         <input_file_ref idref="fl-b2"/>
      </object_component>
      <object_component id="oc-ff">
         <name>.bios</name>
         <load_address>0x73c0</load_address>
         <run_address>0x73c0</run_address>
         <size>0xc0</size>
         <input_file_ref idref="fl-b1"/>
      </object_component>
      <object_component id="oc-151">
         <name>.bios</name>
         <load_address>0x7480</load_address>
         <run_address>0x7480</run_address>
         <size>0xc0</size>
         <input_file_ref idref="fl-c3"/>
      </object_component>
      <object_component id="oc-138">
         <name>.bios</name>
         <load_address>0x7540</load_address>
         <run_address>0x7540</run_address>
         <size>0xc0</size>
         <input_file_ref idref="fl-be"/>
      </object_component>
      <object_component id="oc-3f">
         <name>.bios</name>
         <load_address>0x7600</load_address>
         <run_address>0x7600</run_address>
         <size>0xc0</size>
         <input_file_ref idref="fl-8a"/>
      </object_component>
      <object_component id="oc-96">
         <name>.bios</name>
         <load_address>0x76c0</load_address>
         <run_address>0x76c0</run_address>
         <size>0x80</size>
         <input_file_ref idref="fl-97"/>
      </object_component>
      <object_component id="oc-ab">
         <name>.bios</name>
         <load_address>0x7740</load_address>
         <run_address>0x7740</run_address>
         <size>0x80</size>
         <input_file_ref idref="fl-9d"/>
      </object_component>
      <object_component id="oc-b7">
         <name>.bios</name>
         <load_address>0x77c0</load_address>
         <run_address>0x77c0</run_address>
         <size>0x80</size>
         <input_file_ref idref="fl-a0"/>
      </object_component>
      <object_component id="oc-e9">
         <name>.bios</name>
         <load_address>0x7840</load_address>
         <run_address>0x7840</run_address>
         <size>0x60</size>
         <input_file_ref idref="fl-ac"/>
      </object_component>
      <object_component id="oc-154">
         <name>.bios</name>
         <load_address>0x78a0</load_address>
         <run_address>0x78a0</run_address>
         <size>0x60</size>
         <input_file_ref idref="fl-c4"/>
      </object_component>
      <object_component id="oc-165">
         <name>.bios</name>
         <load_address>0x7900</load_address>
         <run_address>0x7900</run_address>
         <size>0x60</size>
         <input_file_ref idref="fl-c8"/>
      </object_component>
      <object_component id="oc-40">
         <name>.bios</name>
         <load_address>0x7960</load_address>
         <run_address>0x7960</run_address>
         <size>0x60</size>
         <input_file_ref idref="fl-94"/>
      </object_component>
      <object_component id="oc-c1">
         <name>.bios</name>
         <load_address>0x79c0</load_address>
         <run_address>0x79c0</run_address>
         <size>0x60</size>
         <input_file_ref idref="fl-a3"/>
      </object_component>
      <object_component id="oc-3a">
         <name>.bios</name>
         <load_address>0x7a20</load_address>
         <run_address>0x7a20</run_address>
         <size>0x40</size>
         <input_file_ref idref="fl-92"/>
      </object_component>
      <object_component id="oc-c5">
         <name>.bios</name>
         <load_address>0x7a60</load_address>
         <run_address>0x7a60</run_address>
         <size>0x40</size>
         <input_file_ref idref="fl-a4"/>
      </object_component>
      <object_component id="oc-44">
         <name>.bios</name>
         <load_address>0x7aa0</load_address>
         <run_address>0x7aa0</run_address>
         <size>0x20</size>
         <input_file_ref idref="fl-8f"/>
      </object_component>
      <object_component id="oc-e5">
         <name>.bios</name>
         <load_address>0x7ac0</load_address>
         <run_address>0x7ac0</run_address>
         <size>0x20</size>
         <input_file_ref idref="fl-ab"/>
      </object_component>
      <object_component id="oc-a2">
         <name>.bios</name>
         <load_address>0x7ae0</load_address>
         <run_address>0x7ae0</run_address>
         <size>0x20</size>
         <input_file_ref idref="fl-9b"/>
      </object_component>
      <object_component id="oc-126">
         <name>.bios</name>
         <load_address>0x7b00</load_address>
         <run_address>0x7b00</run_address>
         <size>0x20</size>
         <input_file_ref idref="fl-ba"/>
      </object_component>
      <object_component id="oc-43">
         <name>.bios</name>
         <load_address>0x7b20</load_address>
         <run_address>0x7b20</run_address>
         <size>0x20</size>
         <input_file_ref idref="fl-93"/>
      </object_component>
      <object_component id="oc-42">
         <name>.bios</name>
         <load_address>0x7b40</load_address>
         <run_address>0x7b40</run_address>
         <size>0x20</size>
         <input_file_ref idref="fl-95"/>
      </object_component>
      <object_component id="oc-11a">
         <name>.pinit</name>
         <load_address>0xbd90</load_address>
         <run_address>0xbd90</run_address>
         <size>0x4</size>
         <input_file_ref idref="fl-b7"/>
      </object_component>
      <object_component id="oc-123">
         <name>.pinit</name>
         <load_address>0xbd94</load_address>
         <run_address>0xbd94</run_address>
         <size>0x4</size>
         <input_file_ref idref="fl-b9"/>
      </object_component>
      <object_component id="oc-48">
         <name>.sys</name>
         <uninitialized>true</uninitialized>
         <run_address>0x8d8c</run_address>
         <size>0x10</size>
         <input_file_ref idref="fl-2"/>
      </object_component>
      <object_component id="oc-190">
         <name>.text</name>
         <load_address>0x200</load_address>
         <run_address>0x200</run_address>
         <size>0x1780</size>
         <input_file_ref idref="fl-4"/>
      </object_component>
      <object_component id="oc-d8">
         <name>.text</name>
         <load_address>0x1980</load_address>
         <run_address>0x1980</run_address>
         <size>0x480</size>
         <input_file_ref idref="fl-a8"/>
      </object_component>
      <object_component id="oc-cc">
         <name>.text</name>
         <load_address>0x1e00</load_address>
         <run_address>0x1e00</run_address>
         <size>0x300</size>
         <input_file_ref idref="fl-a6"/>
      </object_component>
      <object_component id="oc-1a0">
         <name>.text:_EDMA_open</name>
         <load_address>0x2100</load_address>
         <run_address>0x2100</run_address>
         <size>0x260</size>
         <input_file_ref idref="fl-a9"/>
      </object_component>
      <object_component id="oc-19b">
         <name>.text:_memcpy</name>
         <load_address>0x2360</load_address>
         <run_address>0x2360</run_address>
         <size>0x240</size>
         <input_file_ref idref="fl-d1"/>
      </object_component>
      <object_component id="oc-1a1">
         <name>.text:_EDMA_allocTable</name>
         <load_address>0x25a0</load_address>
         <run_address>0x25a0</run_address>
         <size>0x200</size>
         <input_file_ref idref="fl-a9"/>
      </object_component>
      <object_component id="oc-19e">
         <name>.text:__CSL_init</name>
         <load_address>0x27a0</load_address>
         <run_address>0x27a0</run_address>
         <size>0x1c0</size>
         <input_file_ref idref="fl-a5"/>
      </object_component>
      <object_component id="oc-1b0">
         <name>.text:_MCBSP_reset</name>
         <load_address>0x2960</load_address>
         <run_address>0x2960</run_address>
         <size>0x180</size>
         <input_file_ref idref="fl-b4"/>
      </object_component>
      <object_component id="oc-3b">
         <name>.text</name>
         <load_address>0x2ae0</load_address>
         <run_address>0x2ae0</run_address>
         <size>0x180</size>
         <input_file_ref idref="fl-90"/>
      </object_component>
      <object_component id="oc-1b4">
         <name>.text:_TIMER_open</name>
         <load_address>0x2c60</load_address>
         <run_address>0x2c60</run_address>
         <size>0x160</size>
         <input_file_ref idref="fl-bb"/>
      </object_component>
      <object_component id="oc-1bf">
         <name>.text:_call_dtors</name>
         <load_address>0x2dc0</load_address>
         <run_address>0x2dc0</run_address>
         <size>0x160</size>
         <input_file_ref idref="fl-cf"/>
      </object_component>
      <object_component id="oc-d2">
         <name>.text</name>
         <load_address>0x2f20</load_address>
         <run_address>0x2f20</run_address>
         <size>0x140</size>
         <input_file_ref idref="fl-a7"/>
      </object_component>
      <object_component id="oc-1b5">
         <name>.text:_EDMA_reset</name>
         <load_address>0x3060</load_address>
         <run_address>0x3060</run_address>
         <size>0x120</size>
         <input_file_ref idref="fl-a9"/>
      </object_component>
      <object_component id="oc-1bd">
         <name>.text:_TIMER_reset</name>
         <load_address>0x3180</load_address>
         <run_address>0x3180</run_address>
         <size>0x120</size>
         <input_file_ref idref="fl-bb"/>
      </object_component>
      <object_component id="oc-1bc">
         <name>.text:_mux2Tables</name>
         <load_address>0x32a0</load_address>
         <run_address>0x32a0</run_address>
         <size>0x120</size>
         <input_file_ref idref="fl-ad"/>
      </object_component>
      <object_component id="oc-196">
         <name>.text:_MCBSP_start</name>
         <load_address>0x33c0</load_address>
         <run_address>0x33c0</run_address>
         <size>0x100</size>
         <input_file_ref idref="fl-b4"/>
      </object_component>
      <object_component id="oc-1a2">
         <name>.text:_EDMA_config</name>
         <load_address>0x34c0</load_address>
         <run_address>0x34c0</run_address>
         <size>0xe0</size>
         <input_file_ref idref="fl-a9"/>
      </object_component>
      <object_component id="oc-195">
         <name>.text:_MCBSP_open</name>
         <load_address>0x35a0</load_address>
         <run_address>0x35a0</run_address>
         <size>0xe0</size>
         <input_file_ref idref="fl-b4"/>
      </object_component>
      <object_component id="oc-194">
         <name>.text:__strasg</name>
         <load_address>0x3680</load_address>
         <run_address>0x3680</run_address>
         <size>0xe0</size>
         <input_file_ref idref="fl-cd"/>
      </object_component>
      <object_component id="oc-1b1">
         <name>.text:_atexit</name>
         <load_address>0x3760</load_address>
         <run_address>0x3760</run_address>
         <size>0xe0</size>
         <input_file_ref idref="fl-ce"/>
      </object_component>
      <object_component id="oc-19f">
         <name>.text:_EDMA_clearPram</name>
         <load_address>0x3840</load_address>
         <run_address>0x3840</run_address>
         <size>0xc0</size>
         <input_file_ref idref="fl-a9"/>
      </object_component>
      <object_component id="oc-1c0">
         <name>.text:_getMux</name>
         <load_address>0x3900</load_address>
         <run_address>0x3900</run_address>
         <size>0xc0</size>
         <input_file_ref idref="fl-ad"/>
      </object_component>
      <object_component id="oc-148">
         <name>.text</name>
         <load_address>0x39c0</load_address>
         <run_address>0x39c0</run_address>
         <size>0xc0</size>
         <input_file_ref idref="fl-c2"/>
      </object_component>
      <object_component id="oc-1b3">
         <name>.text:__IRQ_init</name>
         <load_address>0x3a80</load_address>
         <run_address>0x3a80</run_address>
         <size>0x80</size>
         <input_file_ref idref="fl-ad"/>
      </object_component>
      <object_component id="oc-1be">
         <name>.text:_EDMA_disableChannel</name>
         <load_address>0x3b00</load_address>
         <run_address>0x3b00</run_address>
         <size>0x60</size>
         <input_file_ref idref="fl-a9"/>
      </object_component>
      <object_component id="oc-1a6">
         <name>.text:_EDMA_enableChannel</name>
         <load_address>0x3b60</load_address>
         <run_address>0x3b60</run_address>
         <size>0x60</size>
         <input_file_ref idref="fl-a9"/>
      </object_component>
      <object_component id="oc-1a3">
         <name>.text:_EDMA_intDisable</name>
         <load_address>0x3bc0</load_address>
         <run_address>0x3bc0</run_address>
         <size>0x60</size>
         <input_file_ref idref="fl-a9"/>
      </object_component>
      <object_component id="oc-1a5">
         <name>.text:_EDMA_intEnable</name>
         <load_address>0x3c20</load_address>
         <run_address>0x3c20</run_address>
         <size>0x60</size>
         <input_file_ref idref="fl-a9"/>
      </object_component>
      <object_component id="oc-1b6">
         <name>.text:_EDMA_qdmaConfig</name>
         <load_address>0x3c80</load_address>
         <run_address>0x3c80</run_address>
         <size>0x60</size>
         <input_file_ref idref="fl-a9"/>
      </object_component>
      <object_component id="oc-1a8">
         <name>.text:_IRQ_enable</name>
         <load_address>0x3ce0</load_address>
         <run_address>0x3ce0</run_address>
         <size>0x40</size>
         <input_file_ref idref="fl-ad"/>
      </object_component>
      <object_component id="oc-1a7">
         <name>.text:_IRQ_reset</name>
         <load_address>0x3d20</load_address>
         <run_address>0x3d20</run_address>
         <size>0x40</size>
         <input_file_ref idref="fl-ad"/>
      </object_component>
      <object_component id="oc-1bb">
         <name>.text:___add_dtor</name>
         <load_address>0x3d60</load_address>
         <run_address>0x3d60</run_address>
         <size>0x40</size>
         <input_file_ref idref="fl-cf"/>
      </object_component>
      <object_component id="oc-19d">
         <name>.text:_CSL6713_LIB_</name>
         <load_address>0x3da0</load_address>
         <run_address>0x3da0</run_address>
         <size>0x20</size>
         <input_file_ref idref="fl-a5"/>
      </object_component>
      <object_component id="oc-1a4">
         <name>.text:_EDMA_intClear</name>
         <load_address>0x3dc0</load_address>
         <run_address>0x3dc0</run_address>
         <size>0x20</size>
         <input_file_ref idref="fl-a9"/>
      </object_component>
      <object_component id="oc-1ab">
         <name>.text:_EDMA_intTest</name>
         <load_address>0x3de0</load_address>
         <run_address>0x3de0</run_address>
         <size>0x20</size>
         <input_file_ref idref="fl-a9"/>
      </object_component>
      <object_component id="oc-1aa">
         <name>.text:_MCBSP_read</name>
         <load_address>0x3e00</load_address>
         <run_address>0x3e00</run_address>
         <size>0x20</size>
         <input_file_ref idref="fl-b4"/>
      </object_component>
      <object_component id="oc-1a9">
         <name>.text:_MCBSP_write</name>
         <load_address>0x3e20</load_address>
         <run_address>0x3e20</run_address>
         <size>0x20</size>
         <input_file_ref idref="fl-b4"/>
      </object_component>
      <object_component id="oc-19c">
         <name>.text:__nop</name>
         <load_address>0x3e40</load_address>
         <run_address>0x3e40</run_address>
         <size>0x20</size>
         <input_file_ref idref="fl-cc"/>
      </object_component>
      <object_component id="oc-199">
         <name>.text:__register_lock</name>
         <load_address>0x3e60</load_address>
         <run_address>0x3e60</run_address>
         <size>0x20</size>
         <input_file_ref idref="fl-cc"/>
      </object_component>
      <object_component id="oc-19a">
         <name>.text:__register_unlock</name>
         <load_address>0x3e80</load_address>
         <run_address>0x3e80</run_address>
         <size>0x20</size>
         <input_file_ref idref="fl-cc"/>
      </object_component>
      <object_component id="oc-ed">
         <name>.text</name>
         <load_address>0x3ea0</load_address>
         <run_address>0x3ea0</run_address>
         <size>0x20</size>
         <input_file_ref idref="fl-ad"/>
      </object_component>
      <object_component id="oc-46">
         <name>.cinit</name>
         <load_address>0x7b60</load_address>
         <run_address>0x7b60</run_address>
         <size>0x4ac</size>
         <input_file_ref idref="fl-2"/>
      </object_component>
      <object_component id="oc-5d">
         <name>.cinit</name>
         <load_address>0x8010</load_address>
         <run_address>0x8010</run_address>
         <size>0x300</size>
         <input_file_ref idref="fl-4"/>
      </object_component>
      <object_component id="oc-67">
         <name>.cinit</name>
         <load_address>0x8310</load_address>
         <run_address>0x8310</run_address>
         <size>0x26c</size>
         <input_file_ref idref="fl-8b"/>
      </object_component>
      <object_component id="oc-f3">
         <name>.cinit</name>
         <load_address>0x8580</load_address>
         <run_address>0x8580</run_address>
         <size>0x1a4</size>
         <input_file_ref idref="fl-ae"/>
      </object_component>
      <object_component id="oc-ee">
         <name>.cinit</name>
         <load_address>0x8728</load_address>
         <run_address>0x8728</run_address>
         <size>0x12c</size>
         <input_file_ref idref="fl-ad"/>
      </object_component>
      <object_component id="oc-73">
         <name>.cinit</name>
         <load_address>0x8858</load_address>
         <run_address>0x8858</run_address>
         <size>0xb0</size>
         <input_file_ref idref="fl-8e"/>
      </object_component>
      <object_component id="oc-12f">
         <name>.cinit</name>
         <load_address>0x8908</load_address>
         <run_address>0x8908</run_address>
         <size>0x80</size>
         <input_file_ref idref="fl-bc"/>
      </object_component>
      <object_component id="oc-de">
         <name>.cinit</name>
         <load_address>0x8988</load_address>
         <run_address>0x8988</run_address>
         <size>0x70</size>
         <input_file_ref idref="fl-a9"/>
      </object_component>
      <object_component id="oc-14a">
         <name>.cinit</name>
         <load_address>0x89f8</load_address>
         <run_address>0x89f8</run_address>
         <size>0x60</size>
         <input_file_ref idref="fl-c2"/>
      </object_component>
      <object_component id="oc-6d">
         <name>.cinit</name>
         <load_address>0x8a58</load_address>
         <run_address>0x8a58</run_address>
         <size>0x5c</size>
         <input_file_ref idref="fl-8d"/>
      </object_component>
      <object_component id="oc-10a">
         <name>.cinit</name>
         <load_address>0x8ab8</load_address>
         <run_address>0x8ab8</run_address>
         <size>0x54</size>
         <input_file_ref idref="fl-b4"/>
      </object_component>
      <object_component id="oc-12a">
         <name>.cinit</name>
         <load_address>0x8b10</load_address>
         <run_address>0x8b10</run_address>
         <size>0x4c</size>
         <input_file_ref idref="fl-bb"/>
      </object_component>
      <object_component id="oc-118">
         <name>.cinit</name>
         <load_address>0x8b60</load_address>
         <run_address>0x8b60</run_address>
         <size>0x4c</size>
         <input_file_ref idref="fl-b7"/>
      </object_component>
      <object_component id="oc-c9">
         <name>.cinit</name>
         <load_address>0x8bb0</load_address>
         <run_address>0x8bb0</run_address>
         <size>0x3c</size>
         <input_file_ref idref="fl-a5"/>
      </object_component>
      <object_component id="oc-a1">
         <name>.cinit</name>
         <load_address>0x8bf0</load_address>
         <run_address>0x8bf0</run_address>
         <size>0x34</size>
         <input_file_ref idref="fl-9a"/>
      </object_component>
      <object_component id="oc-d3">
         <name>.cinit</name>
         <load_address>0x8c28</load_address>
         <run_address>0x8c28</run_address>
         <size>0x30</size>
         <input_file_ref idref="fl-a7"/>
      </object_component>
      <object_component id="oc-8b">
         <name>.cinit</name>
         <load_address>0x8c58</load_address>
         <run_address>0x8c58</run_address>
         <size>0x2c</size>
         <input_file_ref idref="fl-94"/>
      </object_component>
      <object_component id="oc-189">
         <name>.cinit</name>
         <load_address>0x8c88</load_address>
         <run_address>0x8c88</run_address>
         <size>0x2c</size>
         <input_file_ref idref="fl-d0"/>
      </object_component>
      <object_component id="oc-10e">
         <name>.cinit</name>
         <load_address>0x8cb8</load_address>
         <run_address>0x8cb8</run_address>
         <size>0x24</size>
         <input_file_ref idref="fl-b5"/>
      </object_component>
      <object_component id="oc-13d">
         <name>.cinit</name>
         <load_address>0x8ce0</load_address>
         <run_address>0x8ce0</run_address>
         <size>0x1c</size>
         <input_file_ref idref="fl-bf"/>
      </object_component>
      <object_component id="oc-177">
         <name>.cinit</name>
         <load_address>0x8d00</load_address>
         <run_address>0x8d00</run_address>
         <size>0x1c</size>
         <input_file_ref idref="fl-cc"/>
      </object_component>
      <object_component id="oc-17f">
         <name>.cinit</name>
         <load_address>0x8d20</load_address>
         <run_address>0x8d20</run_address>
         <size>0x1c</size>
         <input_file_ref idref="fl-ce"/>
      </object_component>
      <object_component id="oc-7e">
         <name>.cinit</name>
         <load_address>0x8d40</load_address>
         <run_address>0x8d40</run_address>
         <size>0x18</size>
         <input_file_ref idref="fl-91"/>
      </object_component>
      <object_component id="oc-16a">
         <name>.cinit</name>
         <load_address>0x8d58</load_address>
         <run_address>0x8d58</run_address>
         <size>0xc</size>
         <input_file_ref idref="fl-c9"/>
      </object_component>
      <object_component id="oc-a6">
         <name>.cinit</name>
         <load_address>0x8d68</load_address>
         <run_address>0x8d68</run_address>
         <size>0xc</size>
         <input_file_ref idref="fl-9c"/>
      </object_component>
      <object_component id="oc-184">
         <name>.cinit</name>
         <load_address>0x8d78</load_address>
         <run_address>0x8d78</run_address>
         <size>0xc</size>
         <input_file_ref idref="fl-cf"/>
      </object_component>
      <object_component id="oc-1ad">
         <name>.switch</name>
         <load_address>0xc6b4</load_address>
         <run_address>0xc6b4</run_address>
         <size>0x28</size>
         <input_file_ref idref="fl-b9"/>
      </object_component>
      <object_component id="oc-45">
         <name>.gblinit</name>
         <load_address>0x9c40</load_address>
         <run_address>0x9c40</run_address>
         <size>0x28</size>
         <input_file_ref idref="fl-2"/>
      </object_component>
      <object_component id="oc-53">
         <name>.sysinit</name>
         <load_address>0xbda0</load_address>
         <run_address>0xbda0</run_address>
         <size>0x240</size>
         <input_file_ref idref="fl-2"/>
      </object_component>
      <object_component id="oc-3c">
         <name>.sysinit</name>
         <load_address>0xbfe0</load_address>
         <run_address>0xbfe0</run_address>
         <size>0xc0</size>
         <input_file_ref idref="fl-98"/>
      </object_component>
      <object_component id="oc-141">
         <name>.sysinit</name>
         <load_address>0xc0a0</load_address>
         <run_address>0xc0a0</run_address>
         <size>0x80</size>
         <input_file_ref idref="fl-c0"/>
      </object_component>
      <object_component id="oc-110">
         <name>.sysinit</name>
         <load_address>0xc120</load_address>
         <run_address>0xc120</run_address>
         <size>0x20</size>
         <input_file_ref idref="fl-b5"/>
      </object_component>
      <object_component id="oc-9f">
         <name>.trcdata</name>
         <load_address>0xca38</load_address>
         <run_address>0xca38</run_address>
         <size>0xc</size>
         <input_file_ref idref="fl-99"/>
      </object_component>
      <object_component id="oc-47">
         <name>.rtdx_data</name>
         <uninitialized>true</uninitialized>
         <run_address>0xb144</run_address>
         <size>0x410</size>
         <input_file_ref idref="fl-2"/>
      </object_component>
      <object_component id="oc-119">
         <name>.rtdx_data</name>
         <uninitialized>true</uninitialized>
         <run_address>0xb554</run_address>
         <size>0x20</size>
         <input_file_ref idref="fl-b7"/>
      </object_component>
      <object_component id="oc-122">
         <name>.rtdx_data</name>
         <uninitialized>true</uninitialized>
         <run_address>0xb574</run_address>
         <size>0x1c</size>
         <input_file_ref idref="fl-b9"/>
      </object_component>
      <object_component id="oc-191">
         <name>.rtdx_text:_RTDX_Poll</name>
         <load_address>0x8da0</load_address>
         <run_address>0x8da0</run_address>
         <size>0x400</size>
         <input_file_ref idref="fl-b9"/>
      </object_component>
      <object_component id="oc-1af">
         <name>.rtdx_text:_RTDX_Buffer_WriteCB</name>
         <load_address>0x91a0</load_address>
         <run_address>0x91a0</run_address>
         <size>0x340</size>
         <input_file_ref idref="fl-b7"/>
      </object_component>
      <object_component id="oc-1b9">
         <name>.rtdx_text:_RTDX_write_next</name>
         <load_address>0x94e0</load_address>
         <run_address>0x94e0</run_address>
         <size>0x300</size>
         <input_file_ref idref="fl-b7"/>
      </object_component>
      <object_component id="oc-1ba">
         <name>.rtdx_text:_RTDX_Mon_Queue</name>
         <load_address>0x97e0</load_address>
         <run_address>0x97e0</run_address>
         <size>0x140</size>
         <input_file_ref idref="fl-b9"/>
      </object_component>
      <object_component id="oc-1b8">
         <name>.rtdx_text:_claim</name>
         <load_address>0x9920</load_address>
         <run_address>0x9920</run_address>
         <size>0xe0</size>
         <input_file_ref idref="fl-b7"/>
      </object_component>
      <object_component id="oc-198">
         <name>.rtdx_text:_RTDX_Init_RT_Monitor</name>
         <load_address>0x9a00</load_address>
         <run_address>0x9a00</run_address>
         <size>0x80</size>
         <input_file_ref idref="fl-b9"/>
      </object_component>
      <object_component id="oc-197">
         <name>.rtdx_text:_RTDX_Buffer_Initialize</name>
         <load_address>0x9a80</load_address>
         <run_address>0x9a80</run_address>
         <size>0x60</size>
         <input_file_ref idref="fl-b7"/>
      </object_component>
      <object_component id="oc-1ae">
         <name>.rtdx_text:_RTDX_Buffer_ReadCB</name>
         <load_address>0x9ae0</load_address>
         <run_address>0x9ae0</run_address>
         <size>0x60</size>
         <input_file_ref idref="fl-b6"/>
      </object_component>
      <object_component id="oc-1b7">
         <name>.rtdx_text:_RTDX_Buffer_Size</name>
         <load_address>0x9b40</load_address>
         <run_address>0x9b40</run_address>
         <size>0x40</size>
         <input_file_ref idref="fl-b7"/>
      </object_component>
      <object_component id="oc-1b2">
         <name>.rtdx_text:_RTDX_Final_RT_Monitor</name>
         <load_address>0x9b80</load_address>
         <run_address>0x9b80</run_address>
         <size>0x40</size>
         <input_file_ref idref="fl-b9"/>
      </object_component>
      <object_component id="oc-192">
         <name>.rtdx_text:_RTDX_Buffer_Read</name>
         <load_address>0x9bc0</load_address>
         <run_address>0x9bc0</run_address>
         <size>0x20</size>
         <input_file_ref idref="fl-b6"/>
      </object_component>
      <object_component id="oc-193">
         <name>.rtdx_text:_RTDX_Buffer_Write</name>
         <load_address>0x9be0</load_address>
         <run_address>0x9be0</run_address>
         <size>0x20</size>
         <input_file_ref idref="fl-b7"/>
      </object_component>
      <object_component id="oc-1ac">
         <name>.rtdx_text:_RTDX_checksum</name>
         <load_address>0x9c00</load_address>
         <run_address>0x9c00</run_address>
         <size>0x20</size>
         <input_file_ref idref="fl-b9"/>
      </object_component>
      <object_component id="oc-11e">
         <name>.rtdx_text</name>
         <load_address>0x9c20</load_address>
         <run_address>0x9c20</run_address>
         <size>0x20</size>
         <input_file_ref idref="fl-b8"/>
      </object_component>
      <object_component id="oc-50">
         <name>.TSK_idle$stk</name>
         <uninitialized>true</uninitialized>
         <run_address>0xb590</run_address>
         <size>0x400</size>
         <input_file_ref idref="fl-2"/>
      </object_component>
      <object_component id="oc-51">
         <name>.LOG_system$buf</name>
         <uninitialized>true</uninitialized>
         <run_address>0xc700</run_address>
         <size>0x100</size>
         <input_file_ref idref="fl-2"/>
      </object_component>
      <object_component id="oc-14d">
         <name>.const</name>
         <load_address>0xc800</load_address>
         <run_address>0xc800</run_address>
         <size>0x4e</size>
         <input_file_ref idref="fl-c2"/>
      </object_component>
      <object_component id="oc-ce">
         <name>.const</name>
         <load_address>0xc850</load_address>
         <run_address>0xc850</run_address>
         <size>0x40</size>
         <input_file_ref idref="fl-a6"/>
      </object_component>
      <object_component id="oc-83">
         <name>.const</name>
         <load_address>0xc890</load_address>
         <run_address>0xc890</run_address>
         <size>0x23</size>
         <input_file_ref idref="fl-92"/>
      </object_component>
      <object_component id="oc-87">
         <name>.const</name>
         <load_address>0xc8b3</load_address>
         <run_address>0xc8b3</run_address>
         <size>0x22</size>
         <input_file_ref idref="fl-93"/>
      </object_component>
      <object_component id="oc-da">
         <name>.const</name>
         <load_address>0xc8d8</load_address>
         <run_address>0xc8d8</run_address>
         <size>0x20</size>
         <input_file_ref idref="fl-a8"/>
      </object_component>
      <object_component id="oc-131">
         <name>.const</name>
         <load_address>0xc8f8</load_address>
         <run_address>0xc8f8</run_address>
         <size>0x1</size>
         <input_file_ref idref="fl-bc"/>
      </object_component>
      <object_component id="oc-4b">
         <name>.printf</name>
         <load_address>0xc8f9</load_address>
         <run_address>0xc8f9</run_address>
         <size>0x9f</size>
         <input_file_ref idref="fl-2"/>
      </object_component>
      <object_component id="oc-9b">
         <name>.args</name>
         <load_address>0x8d9c</load_address>
         <run_address>0x8d9c</run_address>
         <size>0x0</size>
         <input_file_ref idref="fl-98"/>
      </object_component>
      <object_component id="oc-30">
         <name>_SYS_PUTCBEG</name>
         <load_address>0xc454</load_address>
         <run_address>0xc454</run_address>
         <size>0x0</size>
      </object_component>
      <object_component id="oc-32">
         <name>_SYS_PUTCEND</name>
         <load_address>0xc654</load_address>
         <run_address>0xc654</run_address>
         <size>0x0</size>
      </object_component>
      <object_component id="oc-52">
         <name>.log</name>
         <load_address>0x9c68</load_address>
         <run_address>0x9c68</run_address>
         <size>0x18</size>
         <input_file_ref idref="fl-2"/>
      </object_component>
      <object_component id="oc-4c">
         <name>.sts</name>
         <load_address>0xc654</load_address>
         <run_address>0xc654</run_address>
         <size>0x60</size>
         <input_file_ref idref="fl-2"/>
      </object_component>
      <object_component id="oc-38">
         <name>GBL_stackbeg</name>
         <uninitialized>true</uninitialized>
         <run_address>0xb990</run_address>
         <size>0x0</size>
      </object_component>
      <object_component id="oc-9c">
         <name>.stack</name>
         <uninitialized>true</uninitialized>
         <run_address>0xb990</run_address>
         <size>0x0</size>
         <input_file_ref idref="fl-98"/>
      </object_component>
      <object_component id="oc-1f6">
         <name>.stack</name>
         <uninitialized>true</uninitialized>
         <run_address>0xb990</run_address>
         <size>0x0</size>
      </object_component>
      <object_component id="oc-57">
         <name>.debug_info</name>
         <load_address>0x0</load_address>
         <run_address>0x0</run_address>
         <size>0x442</size>
         <input_file_ref idref="fl-2"/>
      </object_component>
      <object_component id="oc-5a">
         <name>.debug_info</name>
         <load_address>0x442</load_address>
         <run_address>0x442</run_address>
         <size>0x5e4</size>
         <input_file_ref idref="fl-3"/>
      </object_component>
      <object_component id="oc-5c">
         <name>.debug_info</name>
         <load_address>0xa26</load_address>
         <run_address>0xa26</run_address>
         <size>0x2504</size>
         <input_file_ref idref="fl-4"/>
      </object_component>
      <object_component id="oc-63">
         <name>.debug_info</name>
         <load_address>0x2f2a</load_address>
         <run_address>0x2f2a</run_address>
         <size>0xf8</size>
         <input_file_ref idref="fl-8a"/>
      </object_component>
      <object_component id="oc-69">
         <name>.debug_info</name>
         <load_address>0x3022</load_address>
         <run_address>0x3022</run_address>
         <size>0xb9</size>
         <input_file_ref idref="fl-8c"/>
      </object_component>
      <object_component id="oc-6f">
         <name>.debug_info</name>
         <load_address>0x30db</load_address>
         <run_address>0x30db</run_address>
         <size>0x1a5</size>
         <input_file_ref idref="fl-8d"/>
      </object_component>
      <object_component id="oc-74">
         <name>.debug_info</name>
         <load_address>0x3280</load_address>
         <run_address>0x3280</run_address>
         <size>0x13c</size>
         <input_file_ref idref="fl-8e"/>
      </object_component>
      <object_component id="oc-77">
         <name>.debug_info</name>
         <load_address>0x33bc</load_address>
         <run_address>0x33bc</run_address>
         <size>0x607</size>
         <input_file_ref idref="fl-8f"/>
      </object_component>
      <object_component id="oc-7a">
         <name>.debug_info</name>
         <load_address>0x39c3</load_address>
         <run_address>0x39c3</run_address>
         <size>0x6f0</size>
         <input_file_ref idref="fl-90"/>
      </object_component>
      <object_component id="oc-7d">
         <name>.debug_info</name>
         <load_address>0x40b3</load_address>
         <run_address>0x40b3</run_address>
         <size>0xf1f</size>
         <input_file_ref idref="fl-91"/>
      </object_component>
      <object_component id="oc-82">
         <name>.debug_info</name>
         <load_address>0x4fd2</load_address>
         <run_address>0x4fd2</run_address>
         <size>0x7fd</size>
         <input_file_ref idref="fl-92"/>
      </object_component>
      <object_component id="oc-86">
         <name>.debug_info</name>
         <load_address>0x57cf</load_address>
         <run_address>0x57cf</run_address>
         <size>0x7ea</size>
         <input_file_ref idref="fl-93"/>
      </object_component>
      <object_component id="oc-8a">
         <name>.debug_info</name>
         <load_address>0x5fb9</load_address>
         <run_address>0x5fb9</run_address>
         <size>0x6d9</size>
         <input_file_ref idref="fl-94"/>
      </object_component>
      <object_component id="oc-8f">
         <name>.debug_info</name>
         <load_address>0x6692</load_address>
         <run_address>0x6692</run_address>
         <size>0x690</size>
         <input_file_ref idref="fl-95"/>
      </object_component>
      <object_component id="oc-93">
         <name>.debug_info</name>
         <load_address>0x6d22</load_address>
         <run_address>0x6d22</run_address>
         <size>0x112</size>
         <input_file_ref idref="fl-96"/>
      </object_component>
      <object_component id="oc-97">
         <name>.debug_info</name>
         <load_address>0x6e34</load_address>
         <run_address>0x6e34</run_address>
         <size>0x106</size>
         <input_file_ref idref="fl-97"/>
      </object_component>
      <object_component id="oc-9a">
         <name>.debug_info</name>
         <load_address>0x6f3a</load_address>
         <run_address>0x6f3a</run_address>
         <size>0x65a</size>
         <input_file_ref idref="fl-98"/>
      </object_component>
      <object_component id="oc-a3">
         <name>.debug_info</name>
         <load_address>0x7594</load_address>
         <run_address>0x7594</run_address>
         <size>0xaa</size>
         <input_file_ref idref="fl-9b"/>
      </object_component>
      <object_component id="oc-a8">
         <name>.debug_info</name>
         <load_address>0x763e</load_address>
         <run_address>0x763e</run_address>
         <size>0x11b</size>
         <input_file_ref idref="fl-9c"/>
      </object_component>
      <object_component id="oc-ac">
         <name>.debug_info</name>
         <load_address>0x7759</load_address>
         <run_address>0x7759</run_address>
         <size>0xaa</size>
         <input_file_ref idref="fl-9d"/>
      </object_component>
      <object_component id="oc-b0">
         <name>.debug_info</name>
         <load_address>0x7803</load_address>
         <run_address>0x7803</run_address>
         <size>0x10c</size>
         <input_file_ref idref="fl-9e"/>
      </object_component>
      <object_component id="oc-b4">
         <name>.debug_info</name>
         <load_address>0x790f</load_address>
         <run_address>0x790f</run_address>
         <size>0xd8</size>
         <input_file_ref idref="fl-9f"/>
      </object_component>
      <object_component id="oc-b8">
         <name>.debug_info</name>
         <load_address>0x79e7</load_address>
         <run_address>0x79e7</run_address>
         <size>0x106</size>
         <input_file_ref idref="fl-a0"/>
      </object_component>
      <object_component id="oc-bc">
         <name>.debug_info</name>
         <load_address>0x7aed</load_address>
         <run_address>0x7aed</run_address>
         <size>0x60b</size>
         <input_file_ref idref="fl-a1"/>
      </object_component>
      <object_component id="oc-bf">
         <name>.debug_info</name>
         <load_address>0x80f8</load_address>
         <run_address>0x80f8</run_address>
         <size>0x5e5</size>
         <input_file_ref idref="fl-a2"/>
      </object_component>
      <object_component id="oc-c2">
         <name>.debug_info</name>
         <load_address>0x86dd</load_address>
         <run_address>0x86dd</run_address>
         <size>0xb4</size>
         <input_file_ref idref="fl-a3"/>
      </object_component>
      <object_component id="oc-c6">
         <name>.debug_info</name>
         <load_address>0x8791</load_address>
         <run_address>0x8791</run_address>
         <size>0xb1</size>
         <input_file_ref idref="fl-a4"/>
      </object_component>
      <object_component id="oc-d0">
         <name>.debug_info</name>
         <load_address>0x8842</load_address>
         <run_address>0x8842</run_address>
         <size>0x89f</size>
         <input_file_ref idref="fl-a6"/>
      </object_component>
      <object_component id="oc-d6">
         <name>.debug_info</name>
         <load_address>0x90e1</load_address>
         <run_address>0x90e1</run_address>
         <size>0x929</size>
         <input_file_ref idref="fl-a7"/>
      </object_component>
      <object_component id="oc-dc">
         <name>.debug_info</name>
         <load_address>0x9a0a</load_address>
         <run_address>0x9a0a</run_address>
         <size>0x8a7</size>
         <input_file_ref idref="fl-a8"/>
      </object_component>
      <object_component id="oc-e1">
         <name>.debug_info</name>
         <load_address>0xa2b1</load_address>
         <run_address>0xa2b1</run_address>
         <size>0x7ee</size>
         <input_file_ref idref="fl-aa"/>
      </object_component>
      <object_component id="oc-e6">
         <name>.debug_info</name>
         <load_address>0xaa9f</load_address>
         <run_address>0xaa9f</run_address>
         <size>0xb9</size>
         <input_file_ref idref="fl-ab"/>
      </object_component>
      <object_component id="oc-ea">
         <name>.debug_info</name>
         <load_address>0xab58</load_address>
         <run_address>0xab58</run_address>
         <size>0x116</size>
         <input_file_ref idref="fl-ac"/>
      </object_component>
      <object_component id="oc-f2">
         <name>.debug_info</name>
         <load_address>0xac6e</load_address>
         <run_address>0xac6e</run_address>
         <size>0xbd9</size>
         <input_file_ref idref="fl-ae"/>
      </object_component>
      <object_component id="oc-f6">
         <name>.debug_info</name>
         <load_address>0xb847</load_address>
         <run_address>0xb847</run_address>
         <size>0xbb1</size>
         <input_file_ref idref="fl-af"/>
      </object_component>
      <object_component id="oc-fb">
         <name>.debug_info</name>
         <load_address>0xc3f8</load_address>
         <run_address>0xc3f8</run_address>
         <size>0x109</size>
         <input_file_ref idref="fl-b0"/>
      </object_component>
      <object_component id="oc-fe">
         <name>.debug_info</name>
         <load_address>0xc501</load_address>
         <run_address>0xc501</run_address>
         <size>0x8c8</size>
         <input_file_ref idref="fl-b1"/>
      </object_component>
      <object_component id="oc-102">
         <name>.debug_info</name>
         <load_address>0xcdc9</load_address>
         <run_address>0xcdc9</run_address>
         <size>0x981</size>
         <input_file_ref idref="fl-b2"/>
      </object_component>
      <object_component id="oc-106">
         <name>.debug_info</name>
         <load_address>0xd74a</load_address>
         <run_address>0xd74a</run_address>
         <size>0xe4a</size>
         <input_file_ref idref="fl-b3"/>
      </object_component>
      <object_component id="oc-10d">
         <name>.debug_info</name>
         <load_address>0xe594</load_address>
         <run_address>0xe594</run_address>
         <size>0x6b8</size>
         <input_file_ref idref="fl-b5"/>
      </object_component>
      <object_component id="oc-113">
         <name>.debug_info</name>
         <load_address>0xec4c</load_address>
         <run_address>0xec4c</run_address>
         <size>0xa7f</size>
         <input_file_ref idref="fl-b6"/>
      </object_component>
      <object_component id="oc-117">
         <name>.debug_info</name>
         <load_address>0xf6cb</load_address>
         <run_address>0xf6cb</run_address>
         <size>0x1201</size>
         <input_file_ref idref="fl-b7"/>
      </object_component>
      <object_component id="oc-11d">
         <name>.debug_info</name>
         <load_address>0x108cc</load_address>
         <run_address>0x108cc</run_address>
         <size>0x5c1</size>
         <input_file_ref idref="fl-b8"/>
      </object_component>
      <object_component id="oc-121">
         <name>.debug_info</name>
         <load_address>0x10e8d</load_address>
         <run_address>0x10e8d</run_address>
         <size>0xc80</size>
         <input_file_ref idref="fl-b9"/>
      </object_component>
      <object_component id="oc-127">
         <name>.debug_info</name>
         <load_address>0x11b0d</load_address>
         <run_address>0x11b0d</run_address>
         <size>0xaa</size>
         <input_file_ref idref="fl-ba"/>
      </object_component>
      <object_component id="oc-12e">
         <name>.debug_info</name>
         <load_address>0x11bb7</load_address>
         <run_address>0x11bb7</run_address>
         <size>0xa57</size>
         <input_file_ref idref="fl-bc"/>
      </object_component>
      <object_component id="oc-133">
         <name>.debug_info</name>
         <load_address>0x1260e</load_address>
         <run_address>0x1260e</run_address>
         <size>0xda7</size>
         <input_file_ref idref="fl-bd"/>
      </object_component>
      <object_component id="oc-137">
         <name>.debug_info</name>
         <load_address>0x133b5</load_address>
         <run_address>0x133b5</run_address>
         <size>0x7a6</size>
         <input_file_ref idref="fl-be"/>
      </object_component>
      <object_component id="oc-13c">
         <name>.debug_info</name>
         <load_address>0x13b5b</load_address>
         <run_address>0x13b5b</run_address>
         <size>0x659</size>
         <input_file_ref idref="fl-bf"/>
      </object_component>
      <object_component id="oc-140">
         <name>.debug_info</name>
         <load_address>0x141b4</load_address>
         <run_address>0x141b4</run_address>
         <size>0x970</size>
         <input_file_ref idref="fl-c0"/>
      </object_component>
      <object_component id="oc-144">
         <name>.debug_info</name>
         <load_address>0x14b24</load_address>
         <run_address>0x14b24</run_address>
         <size>0xcf1</size>
         <input_file_ref idref="fl-c1"/>
      </object_component>
      <object_component id="oc-149">
         <name>.debug_info</name>
         <load_address>0x15815</load_address>
         <run_address>0x15815</run_address>
         <size>0xfe5</size>
         <input_file_ref idref="fl-c2"/>
      </object_component>
      <object_component id="oc-150">
         <name>.debug_info</name>
         <load_address>0x167fa</load_address>
         <run_address>0x167fa</run_address>
         <size>0xbb3</size>
         <input_file_ref idref="fl-c3"/>
      </object_component>
      <object_component id="oc-155">
         <name>.debug_info</name>
         <load_address>0x173ad</load_address>
         <run_address>0x173ad</run_address>
         <size>0xb6</size>
         <input_file_ref idref="fl-c4"/>
      </object_component>
      <object_component id="oc-158">
         <name>.debug_info</name>
         <load_address>0x17463</load_address>
         <run_address>0x17463</run_address>
         <size>0x1032</size>
         <input_file_ref idref="fl-c5"/>
      </object_component>
      <object_component id="oc-15d">
         <name>.debug_info</name>
         <load_address>0x18495</load_address>
         <run_address>0x18495</run_address>
         <size>0xbd</size>
         <input_file_ref idref="fl-c6"/>
      </object_component>
      <object_component id="oc-160">
         <name>.debug_info</name>
         <load_address>0x18552</load_address>
         <run_address>0x18552</run_address>
         <size>0xc5e</size>
         <input_file_ref idref="fl-c7"/>
      </object_component>
      <object_component id="oc-164">
         <name>.debug_info</name>
         <load_address>0x191b0</load_address>
         <run_address>0x191b0</run_address>
         <size>0x723</size>
         <input_file_ref idref="fl-c8"/>
      </object_component>
      <object_component id="oc-169">
         <name>.debug_info</name>
         <load_address>0x198d3</load_address>
         <run_address>0x198d3</run_address>
         <size>0xdd7</size>
[...]
         <value>0x3060</value>
         <object_component_ref idref="oc-1b5"/>
      </symbol>
      <symbol id="sm-52b">
         <name>_tccAllocTable</name>
         <value>0xafa8</value>
         <object_component_ref idref="oc-df"/>
      </symbol>
      <symbol id="sm-52c">
         <name>_EDMA_open</name>
         <value>0x2100</value>
         <object_component_ref idref="oc-1a0"/>
      </symbol>
      <symbol id="sm-52d">
         <name>_EDMA_intTest</name>
         <value>0x3de0</value>
         <object_component_ref idref="oc-1ab"/>
      </symbol>
      <symbol id="sm-52e">
         <name>_EDMA_qdmaConfig</name>
         <value>0x3c80</value>
         <object_component_ref idref="oc-1b6"/>
      </symbol>
      <symbol id="sm-52f">
         <name>_EDMA_disableChannel</name>
         <value>0x3b00</value>
         <object_component_ref idref="oc-1be"/>
      </symbol>
      <symbol id="sm-530">
         <name>_EDMA_intEnable</name>
         <value>0x3c20</value>
         <object_component_ref idref="oc-1a5"/>
      </symbol>
      <symbol id="sm-531">
         <name>_EDMA_allocTable</name>
         <value>0x25a0</value>
         <object_component_ref idref="oc-1a1"/>
      </symbol>
      <symbol id="sm-53b">
         <name>_GBL_cslCacheInit</name>
         <value>0x6f80</value>
         <object_component_ref idref="oc-e2"/>
      </symbol>
      <symbol id="sm-543">
         <name>GBL_A_VERSION</name>
         <value>0x5205</value>
      </symbol>
      <symbol id="sm-544">
         <name>_GBL_getVersion</name>
         <value>0x7ac0</value>
         <object_component_ref idref="oc-e5"/>
      </symbol>
      <symbol id="sm-54c">
         <name>_HWI_restore</name>
         <value>0x786c</value>
         <object_component_ref idref="oc-e9"/>
      </symbol>
      <symbol id="sm-54d">
         <name>_HWI_enable</name>
         <value>0x7858</value>
         <object_component_ref idref="oc-e9"/>
      </symbol>
      <symbol id="sm-54e">
         <name>_HWI_disable</name>
         <value>0x7840</value>
         <object_component_ref idref="oc-e9"/>
      </symbol>
      <symbol id="sm-562">
         <name>__IRQ_eventTable</name>
         <value>0xad40</value>
         <object_component_ref idref="oc-ef"/>
      </symbol>
      <symbol id="sm-563">
         <name>_IRQ_reset</name>
         <value>0x3d20</value>
         <object_component_ref idref="oc-1a7"/>
      </symbol>
      <symbol id="sm-564">
         <name>__IRQ_intTable</name>
         <value>0xadc4</value>
         <object_component_ref idref="oc-ef"/>
      </symbol>
      <symbol id="sm-565">
         <name>__IRQ_init</name>
         <value>0x3a80</value>
         <object_component_ref idref="oc-1b3"/>
      </symbol>
      <symbol id="sm-566">
         <name>_IRQ_enable</name>
         <value>0x3ce0</value>
         <object_component_ref idref="oc-1a8"/>
      </symbol>
      <symbol id="sm-567">
         <name>__IRQ_dispatchTable</name>
         <value>0xae04</value>
         <object_component_ref idref="oc-ef"/>
      </symbol>
      <symbol id="sm-568">
         <name>__IRQ_hookFetchPacket</name>
         <value>0x3ea0</value>
         <object_component_ref idref="oc-ed"/>
      </symbol>
      <symbol id="sm-574">
         <name>_KNL_maxqueue</name>
         <value>0xc3d8</value>
         <object_component_ref idref="oc-f1"/>
      </symbol>
      <symbol id="sm-575">
         <name>_KNL_inactive</name>
         <value>0xc3b8</value>
         <object_component_ref idref="oc-f1"/>
      </symbol>
      <symbol id="sm-576">
         <name>_KNL_tswitchfxn</name>
         <value>0xc3dc</value>
         <object_component_ref idref="oc-f1"/>
      </symbol>
      <symbol id="sm-577">
         <name>_KNL_setpri</name>
         <value>0xc3b4</value>
         <object_component_ref idref="oc-f1"/>
      </symbol>
      <symbol id="sm-578">
         <name>_KNL_swiptr</name>
         <value>0xc3d0</value>
         <object_component_ref idref="oc-f1"/>
      </symbol>
      <symbol id="sm-579">
         <name>_KNL_dummy</name>
         <value>0xaeac</value>
         <object_component_ref idref="oc-f4"/>
      </symbol>
      <symbol id="sm-57a">
         <name>_KNL_curtask</name>
         <value>0xc3c4</value>
         <object_component_ref idref="oc-f1"/>
      </symbol>
      <symbol id="sm-57b">
         <name>_KNL_curqueue</name>
         <value>0xc3d4</value>
         <object_component_ref idref="oc-f1"/>
      </symbol>
      <symbol id="sm-57c">
         <name>_KNL_wList</name>
         <value>0xc3ac</value>
         <object_component_ref idref="oc-f1"/>
      </symbol>
      <symbol id="sm-57d">
         <name>_KNL_curtime</name>
         <value>0xc3cc</value>
         <object_component_ref idref="oc-f1"/>
      </symbol>
      <symbol id="sm-57e">
         <name>_KNL_set</name>
         <value>0xc3c0</value>
         <object_component_ref idref="oc-f1"/>
      </symbol>
      <symbol id="sm-57f">
         <name>_KNL_alarm</name>
         <value>0xc3b0</value>
         <object_component_ref idref="oc-f1"/>
      </symbol>
      <symbol id="sm-580">
         <name>_KNL_prevtask</name>
         <value>0xc3c8</value>
         <object_component_ref idref="oc-f1"/>
      </symbol>
      <symbol id="sm-581">
         <name>_KNL_queues</name>
         <value>0xae0c</value>
         <object_component_ref idref="oc-f4"/>
      </symbol>
      <symbol id="sm-582">
         <name>_KNL_idlefxn</name>
         <value>0xc3ec</value>
         <object_component_ref idref="oc-f1"/>
      </symbol>
      <symbol id="sm-583">
         <name>_KNL_priority</name>
         <value>0xc3bc</value>
         <object_component_ref idref="oc-f1"/>
      </symbol>
      <symbol id="sm-584">
         <name>_KNL_treadyfxn</name>
         <value>0xc3e8</value>
         <object_component_ref idref="oc-f1"/>
      </symbol>
      <symbol id="sm-585">
         <name>_KNL_tcreatefxn</name>
         <value>0xc3e0</value>
         <object_component_ref idref="oc-f1"/>
      </symbol>
      <symbol id="sm-586">
         <name>_KNL_wFlag</name>
         <value>0xc3a8</value>
         <object_component_ref idref="oc-f1"/>
      </symbol>
      <symbol id="sm-587">
         <name>_KNL_tdeletefxn</name>
         <value>0xc3e4</value>
         <object_component_ref idref="oc-f1"/>
      </symbol>
      <symbol id="sm-591">
         <name>_KNL_exit</name>
         <value>0x7060</value>
         <object_component_ref idref="oc-f7"/>
      </symbol>
      <symbol id="sm-592">
         <name>_KNL_enter</name>
         <value>0x70b4</value>
         <object_component_ref idref="oc-f7"/>
      </symbol>
      <symbol id="sm-59a">
         <name>__KNL_lat1beg</name>
         <value>0x6e90</value>
         <object_component_ref idref="oc-fa"/>
      </symbol>
      <symbol id="sm-59b">
         <name>__KNL_lat1end</name>
         <value>0x6f18</value>
         <object_component_ref idref="oc-fa"/>
      </symbol>
      <symbol id="sm-59c">
         <name>_KNL_max</name>
         <value>0x6f3c</value>
         <object_component_ref idref="oc-fa"/>
      </symbol>
      <symbol id="sm-59d">
         <name>_KNL_check</name>
         <value>0x6e40</value>
         <object_component_ref idref="oc-fa"/>
      </symbol>
      <symbol id="sm-59e">
         <name>_KNL_idle</name>
         <value>0x6f18</value>
         <object_component_ref idref="oc-fa"/>
      </symbol>
      <symbol id="sm-5a8">
         <name>_KNL_post</name>
         <value>0x73c0</value>
         <object_component_ref idref="oc-ff"/>
      </symbol>
      <symbol id="sm-5b2">
         <name>_KNL_ipost</name>
         <value>0x7300</value>
         <object_component_ref idref="oc-103"/>
      </symbol>
      <symbol id="sm-5bc">
         <name>_KNL_run</name>
         <value>0x57e0</value>
         <object_component_ref idref="oc-107"/>
      </symbol>
      <symbol id="sm-5ce">
         <name>_MCBSP_reset</name>
         <value>0x2960</value>
         <object_component_ref idref="oc-1b0"/>
      </symbol>
      <symbol id="sm-5cf">
         <name>_MCBSP_read</name>
         <value>0x3e00</value>
         <object_component_ref idref="oc-1aa"/>
      </symbol>
      <symbol id="sm-5d0">
         <name>_MCBSP_open</name>
         <value>0x35a0</value>
         <object_component_ref idref="oc-195"/>
      </symbol>
      <symbol id="sm-5d1">
         <name>__MCBSP_hDev0</name>
         <value>0xb068</value>
         <object_component_ref idref="oc-10b"/>
      </symbol>
      <symbol id="sm-5d2">
         <name>__MCBSP_hDev1</name>
         <value>0xb06c</value>
         <object_component_ref idref="oc-10b"/>
      </symbol>
      <symbol id="sm-5d3">
         <name>_MCBSP_start</name>
         <value>0x33c0</value>
         <object_component_ref idref="oc-196"/>
      </symbol>
      <symbol id="sm-5d4">
         <name>_MCBSP_write</name>
         <value>0x3e20</value>
         <object_component_ref idref="oc-1a9"/>
      </symbol>
      <symbol id="sm-5e2">
         <name>_OBJ_table</name>
         <value>0xaf40</value>
         <object_component_ref idref="oc-10f"/>
      </symbol>
      <symbol id="sm-5e3">
         <name>_OBJ_init</name>
         <value>0xc120</value>
         <object_component_ref idref="oc-110"/>
      </symbol>
      <symbol id="sm-5e4">
         <name>_OBJ_segtab</name>
         <value>0xaf78</value>
         <object_component_ref idref="oc-10f"/>
      </symbol>
      <symbol id="sm-5f0">
         <name>_RTDX_Buffer_ReadCB</name>
         <value>0x9ae0</value>
         <object_component_ref idref="oc-1ae"/>
      </symbol>
      <symbol id="sm-5f1">
         <name>RTDX_NORMALIZED_HDR</name>
         <value>0x1</value>
      </symbol>
      <symbol id="sm-5f2">
         <name>_RTDX_Buffer_Read</name>
         <value>0x9bc0</value>
         <object_component_ref idref="oc-192"/>
      </symbol>
      <symbol id="sm-60e">
         <name>_rtdx_buffer_state</name>
         <value>0xb554</value>
         <object_component_ref idref="oc-119"/>
      </symbol>
      <symbol id="sm-60f">
         <name>_RTDX_Buffer_WriteCB</name>
         <value>0x91a0</value>
         <object_component_ref idref="oc-1af"/>
      </symbol>
      <symbol id="sm-610">
         <name>_rtdxNullChanCnt</name>
         <value>0xc428</value>
         <object_component_ref idref="oc-116"/>
      </symbol>
      <symbol id="sm-611">
         <name>_RTDX_writing</name>
         <value>0xb560</value>
         <object_component_ref idref="oc-119"/>
      </symbol>
      <symbol id="sm-612">
         <name>_RTDX_Buffer_Initialize</name>
         <value>0x9a80</value>
         <object_component_ref idref="oc-197"/>
      </symbol>
      <symbol id="sm-613">
         <name>_RTDX_Buffer_Write</name>
         <value>0x9be0</value>
         <object_component_ref idref="oc-193"/>
      </symbol>
      <symbol id="sm-614">
         <name>_rtdxNullFuncCnt</name>
         <value>0xc42c</value>
         <object_component_ref idref="oc-116"/>
      </symbol>
      <symbol id="sm-615">
         <name>_RTDX_Buffer_Size</name>
         <value>0x9b40</value>
         <object_component_ref idref="oc-1b7"/>
      </symbol>
      <symbol id="sm-61f">
         <name>_RTDX_Mask_IER</name>
         <value>0x9c20</value>
         <object_component_ref idref="oc-11e"/>
      </symbol>
      <symbol id="sm-637">
         <name>_RTDX_Mon_Queue</name>
         <value>0x97e0</value>
         <object_component_ref idref="oc-1ba"/>
      </symbol>
      <symbol id="sm-638">
         <name>_rtdx_mon_state</name>
         <value>0xb574</value>
         <object_component_ref idref="oc-122"/>
      </symbol>
      <symbol id="sm-639">
         <name>_RTDX_JTAGONLY</name>
         <value>0x2</value>
      </symbol>
      <symbol id="sm-63a">
         <name>_RTDX_Final_RT_Monitor</name>
         <value>0x9b80</value>
         <object_component_ref idref="oc-1b2"/>
      </symbol>
      <symbol id="sm-63b">
         <name>_RTDX_Poll</name>
         <value>0x8da0</value>
         <object_component_ref idref="oc-191"/>
      </symbol>
      <symbol id="sm-63c">
         <name>_RTDX_Init_RT_Monitor</name>
         <value>0x9a00</value>
         <object_component_ref idref="oc-198"/>
      </symbol>
      <symbol id="sm-644">
         <name>_STS_set</name>
         <value>0x7b00</value>
         <object_component_ref idref="oc-126"/>
      </symbol>
      <symbol id="sm-650">
         <name>_TIMER_reset</name>
         <value>0x3180</value>
         <object_component_ref idref="oc-1bd"/>
      </symbol>
      <symbol id="sm-651">
         <name>_TIMER_open</name>
         <value>0x2c60</value>
         <object_component_ref idref="oc-1b4"/>
      </symbol>
      <symbol id="sm-652">
         <name>__TIMER_hDev0</name>
         <value>0xb0d8</value>
         <object_component_ref idref="oc-12b"/>
      </symbol>
      <symbol id="sm-653">
         <name>__TIMER_hDev1</name>
         <value>0xb0dc</value>
         <object_component_ref idref="oc-12b"/>
      </symbol>
      <symbol id="sm-654">
         <name>__TIMER_hBios</name>
         <value>0xb0e0</value>
         <object_component_ref idref="oc-12b"/>
      </symbol>
      <symbol id="sm-655">
         <name>__TIMER_deviceTable</name>
         <value>0xb0c0</value>
         <object_component_ref idref="oc-12b"/>
      </symbol>
      <symbol id="sm-663">
         <name>_TSK_nTasks</name>
         <value>0xc430</value>
         <object_component_ref idref="oc-12d"/>
      </symbol>
      <symbol id="sm-664">
         <name>_TSK_config</name>
         <value>0xaf00</value>
         <object_component_ref idref="oc-130"/>
      </symbol>
      <symbol id="sm-665">
         <name>_TSK</name>
         <value>0xc438</value>
         <object_component_ref idref="oc-12d"/>
      </symbol>
      <symbol id="sm-666">
         <name>_TSK_timerSem</name>
         <value>0xaf20</value>
         <object_component_ref idref="oc-130"/>
      </symbol>
      <symbol id="sm-667">
         <name>_TSK_pid</name>
         <value>0xc434</value>
         <object_component_ref idref="oc-12d"/>
      </symbol>
      <symbol id="sm-668">
         <name>_TSK_ATTRS</name>
         <value>0xaee4</value>
         <object_component_ref idref="oc-130"/>
      </symbol>
      <symbol id="sm-672">
         <name>_TSK_exit</name>
         <value>0x69a0</value>
         <object_component_ref idref="oc-134"/>
      </symbol>
      <symbol id="sm-67c">
         <name>_SYS_exit</name>
         <value>0x7540</value>
         <object_component_ref idref="oc-138"/>
      </symbol>
      <symbol id="sm-688">
         <name>_SYS_exitStack</name>
         <value>0xb0e4</value>
         <object_component_ref idref="oc-13e"/>
      </symbol>
      <symbol id="sm-689">
         <name>_SYS_exitStackPtr</name>
         <value>0xc444</value>
         <object_component_ref idref="oc-13b"/>
      </symbol>
      <symbol id="sm-68a">
         <name>_SYS_exitStackTop</name>
         <value>0xc448</value>
         <object_component_ref idref="oc-13b"/>
      </symbol>
      <symbol id="sm-694">
         <name>_TSK_init</name>
         <value>0xc0a0</value>
         <object_component_ref idref="oc-141"/>
      </symbol>
      <symbol id="sm-69e">
         <name>_TSK_setup</name>
         <value>0x6420</value>
         <object_component_ref idref="oc-145"/>
      </symbol>
      <symbol id="sm-6b0">
         <name>__MEM_mutex</name>
         <value>0xb010</value>
         <object_component_ref idref="oc-14b"/>
      </symbol>
      <symbol id="sm-6b1">
         <name>_TSK_startup</name>
         <value>0x6d80</value>
         <object_component_ref idref="oc-14c"/>
      </symbol>
      <symbol id="sm-6b2">
         <name>__TSK_mutex</name>
         <value>0xafe8</value>
         <object_component_ref idref="oc-14b"/>
      </symbol>
      <symbol id="sm-6bc">
         <name>_LCK_pend</name>
         <value>0x74b0</value>
         <object_component_ref idref="oc-151"/>
      </symbol>
      <symbol id="sm-6bd">
         <name>_LCK_post</name>
         <value>0x7480</value>
         <object_component_ref idref="oc-151"/>
      </symbol>
      <symbol id="sm-6c5">
         <name>_SEM_pend</name>
         <value>0x78a0</value>
         <object_component_ref idref="oc-154"/>
      </symbol>
      <symbol id="sm-6cf">
         <name>_SEM_pendEnterKnl</name>
         <value>0x5aa0</value>
         <object_component_ref idref="oc-159"/>
      </symbol>
      <symbol id="sm-6d7">
         <name>_SEM_postBinary</name>
         <value>0x7220</value>
         <object_component_ref idref="oc-15c"/>
      </symbol>
      <symbol id="sm-6d8">
         <name>_SEM_post</name>
         <value>0x7220</value>
         <object_component_ref idref="oc-15c"/>
      </symbol>
      <symbol id="sm-6e2">
         <name>_SEM_postEnterKnl</name>
         <value>0x7140</value>
         <object_component_ref idref="oc-161"/>
      </symbol>
      <symbol id="sm-6ec">
         <name>_SYS_abort</name>
         <value>0x7900</value>
         <object_component_ref idref="oc-165"/>
      </symbol>
      <symbol id="sm-6fa">
         <name>__GBL_setL2CacheMode</name>
         <value>0x48f4</value>
         <object_component_ref idref="oc-16b"/>
      </symbol>
      <symbol id="sm-704">
         <name>__SEM_dopost</name>
         <value>0x6200</value>
         <object_component_ref idref="oc-16f"/>
      </symbol>
      <symbol id="sm-70e">
         <name>__auto_init</name>
         <value>0x6b40</value>
         <object_component_ref idref="oc-173"/>
      </symbol>
      <symbol id="sm-720">
         <name>__unlock</name>
         <value>0xb138</value>
         <object_component_ref idref="oc-178"/>
      </symbol>
      <symbol id="sm-721">
         <name>__lock</name>
         <value>0xb134</value>
         <object_component_ref idref="oc-178"/>
      </symbol>
      <symbol id="sm-722">
         <name>__register_lock</name>
         <value>0x3e60</value>
         <object_component_ref idref="oc-199"/>
      </symbol>
      <symbol id="sm-723">
         <name>__nop</name>
         <value>0x3e40</value>
         <object_component_ref idref="oc-19c"/>
      </symbol>
      <symbol id="sm-724">
         <name>__register_unlock</name>
         <value>0x3e80</value>
         <object_component_ref idref="oc-19a"/>
      </symbol>
      <symbol id="sm-72c">
         <name>__strasg</name>
         <value>0x3680</value>
         <object_component_ref idref="oc-194"/>
      </symbol>
      <symbol id="sm-73a">
         <name>_atexit</name>
         <value>0x3760</value>
         <object_component_ref idref="oc-1b1"/>
      </symbol>
      <symbol id="sm-73b">
         <name>___atexit_func_id__</name>
         <value>0xab90</value>
         <object_component_ref idref="oc-180"/>
      </symbol>
      <symbol id="sm-74b">
         <name>_dtors</name>
         <value>0xb13c</value>
         <object_component_ref idref="oc-185"/>
      </symbol>
      <symbol id="sm-74c">
         <name>_call_dtors</name>
         <value>0x2dc0</value>
         <object_component_ref idref="oc-1bf"/>
      </symbol>
      <symbol id="sm-74d">
         <name>___add_dtor</name>
         <value>0x3d60</value>
         <object_component_ref idref="oc-1bb"/>
      </symbol>
      <symbol id="sm-759">
         <name>___TI_enable_exit_profile_output</name>
         <value>0xb128</value>
         <object_component_ref idref="oc-18a"/>
      </symbol>
      <symbol id="sm-75a">
         <name>__cleanup_ptr</name>
         <value>0xb120</value>
         <object_component_ref idref="oc-18a"/>
      </symbol>
      <symbol id="sm-75b">
         <name>__dtors_ptr</name>
         <value>0xb124</value>
         <object_component_ref idref="oc-18a"/>
      </symbol>
      <symbol id="sm-765">
         <name>_memcpy</name>
         <value>0x2360</value>
         <object_component_ref idref="oc-19b"/>
      </symbol>
   </symbol_table>
</link_info>
