<?xml version="1.0"?>
<link_info>
   <banner>TMS320C6x Linker PC v7.4.7</banner>
   <copyright>Copyright (c) 1996-2014 Texas Instruments Incorporated</copyright>
   <link_time>0x5db8d427</link_time>
   <output_file>TEST.out</output_file>
   <entry_point>
      <name>_c_int00</name>
      <address>0x9520</address>
   </entry_point>
   <input_file_list>
      <input_file id="fl-2">
         <path>.\</path>
         <kind>object</kind>
         <file>DspBiosConfigurationcfg.obj</file>
         <name>DspBiosConfigurationcfg.obj</name>
      </input_file>
      <input_file id="fl-3">
         <path>.\</path>
         <kind>object</kind>
         <file>DspBiosConfigurationcfg_c.obj</file>
         <name>DspBiosConfigurationcfg_c.obj</name>
      </input_file>
      <input_file id="fl-4">
         <path>.\</path>
         <kind>object</kind>
         <file>main.obj</file>
         <name>main.obj</name>
      </input_file>
      <input_file id="fl-89">
         <path>C:\ti\bios_5_42_01_09\packages\ti\bios\lib\</path>
         <kind>archive</kind>
         <file>biosC6000.a67</file>
         <name>clk_htime.o67</name>
      </input_file>
      <input_file id="fl-8a">
         <path>C:\ti\bios_5_42_01_09\packages\ti\bios\lib\</path>
         <kind>archive</kind>
         <file>bios.a67</file>
         <name>biosdata.o67</name>
      </input_file>
      <input_file id="fl-8b">
         <path>C:\ti\bios_5_42_01_09\packages\ti\bios\lib\</path>
         <kind>archive</kind>
         <file>bios.a67</file>
         <name>hwi_disp_asm.o67</name>
      </input_file>
      <input_file id="fl-8c">
         <path>C:\ti\bios_5_42_01_09\packages\ti\bios\lib\</path>
         <kind>archive</kind>
         <file>lnkrtdx.a67</file>
         <name>rtdx.o67</name>
      </input_file>
      <input_file id="fl-8d">
         <path>C:\ti\bios_5_42_01_09\packages\ti\bios\lib\</path>
         <kind>archive</kind>
         <file>bios.a67</file>
         <name>swi.o67</name>
      </input_file>
      <input_file id="fl-8e">
         <path>C:\ti\bios_5_42_01_09\packages\ti\bios\lib\</path>
         <kind>archive</kind>
         <file>bios.a67</file>
         <name>fxn_c.o67</name>
      </input_file>
      <input_file id="fl-8f">
         <path>C:\ti\bios_5_42_01_09\packages\ti\bios\lib\</path>
         <kind>archive</kind>
         <file>bios.a67</file>
         <name>gbl_cslpllinit62.o67</name>
      </input_file>
      <input_file id="fl-90">
         <path>C:\ti\bios_5_42_01_09\packages\ti\bios\lib\</path>
         <kind>archive</kind>
         <file>bios.a67</file>
         <name>knl_tick.o67</name>
      </input_file>
      <input_file id="fl-91">
         <path>C:\ti\bios_5_42_01_09\packages\ti\bios\lib\</path>
         <kind>archive</kind>
         <file>bios.a67</file>
         <name>utl_doab.o67</name>
      </input_file>
      <input_file id="fl-92">
         <path>C:\ti\bios_5_42_01_09\packages\ti\bios\lib\</path>
         <kind>archive</kind>
         <file>bios.a67</file>
         <name>utl_doer.o67</name>
      </input_file>
      <input_file id="fl-93">
         <path>C:\ti\bios_5_42_01_09\packages\ti\bios\lib\</path>
         <kind>archive</kind>
         <file>bios.a67</file>
         <name>utl_putc.o67</name>
      </input_file>
      <input_file id="fl-94">
         <path>C:\ti\bios_5_42_01_09\packages\ti\bios\lib\</path>
         <kind>archive</kind>
         <file>bios.a67</file>
         <name>utl_halt.o67</name>
      </input_file>
      <input_file id="fl-95">
         <path>C:\ti\bios_5_42_01_09\packages\ti\bios\lib\</path>
         <kind>archive</kind>
         <file>biosC6000.a67</file>
         <name>clk.o67</name>
      </input_file>
      <input_file id="fl-96">
         <path>C:\ti\bios_5_42_01_09\packages\ti\bios\lib\</path>
         <kind>archive</kind>
         <file>bios.a67</file>
         <name>fxn.o67</name>
      </input_file>
      <input_file id="fl-97">
         <path>C:\ti\bios_5_42_01_09\packages\ti\bios\lib\</path>
         <kind>archive</kind>
         <file>bios.a67</file>
         <name>boot.o67</name>
      </input_file>
      <input_file id="fl-98">
         <path>C:\ti\bios_5_42_01_09\packages\ti\bios\lib\</path>
         <kind>archive</kind>
         <file>bios.a67</file>
         <name>trc.o67</name>
      </input_file>
      <input_file id="fl-99">
         <path>C:\ti\bios_5_42_01_09\packages\ti\bios\lib\</path>
         <kind>archive</kind>
         <file>bios.a67</file>
         <name>hwi.o67</name>
      </input_file>
      <input_file id="fl-9a">
         <path>C:\ti\bios_5_42_01_09\packages\ti\bios\lib\</path>
         <kind>archive</kind>
         <file>bios.a67</file>
         <name>idl.o67</name>
      </input_file>
      <input_file id="fl-9b">
         <path>C:\ti\bios_5_42_01_09\packages\ti\bios\lib\</path>
         <kind>archive</kind>
         <file>bios.a67</file>
         <name>knl_swit.o67</name>
      </input_file>
      <input_file id="fl-9c">
         <path>C:\ti\bios_5_42_01_09\packages\ti\bios\lib\</path>
         <kind>archive</kind>
         <file>bios.a67</file>
         <name>log.o67</name>
      </input_file>
      <input_file id="fl-9d">
         <path>C:\ti\bios_5_42_01_09\packages\ti\bios\lib\</path>
         <kind>archive</kind>
         <file>bios.a67</file>
         <name>pip.o67</name>
      </input_file>
      <input_file id="fl-9e">
         <path>C:\ti\bios_5_42_01_09\packages\ti\bios\lib\</path>
         <kind>archive</kind>
         <file>bios.a67</file>
         <name>prd.o67</name>
      </input_file>
      <input_file id="fl-9f">
         <path>C:\ti\bios_5_42_01_09\packages\ti\bios\lib\</path>
         <kind>archive</kind>
         <file>bios.a67</file>
         <name>sts.o67</name>
      </input_file>
      <input_file id="fl-a0">
         <path>C:\ti\bios_5_42_01_09\packages\ti\bios\lib\</path>
         <kind>archive</kind>
         <file>bios.a67</file>
         <name>clk_data.o67</name>
      </input_file>
      <input_file id="fl-a1">
         <path>C:\ti\bios_5_42_01_09\packages\ti\bios\lib\</path>
         <kind>archive</kind>
         <file>bios.a67</file>
         <name>clk_data2.o67</name>
      </input_file>
      <input_file id="fl-a2">
         <path>C:\ti\bios_5_42_01_09\packages\ti\bios\lib\</path>
         <kind>archive</kind>
         <file>biosC6000.a67</file>
         <name>clk_start.o67</name>
      </input_file>
      <input_file id="fl-a3">
         <path>C:\ti\bios_5_42_01_09\packages\ti\bios\lib\</path>
         <kind>archive</kind>
         <file>biosC6000.a67</file>
         <name>clk_stop.o67</name>
      </input_file>
      <input_file id="fl-a4">
         <path>C:\Users\khey\Documents\DSK6713\c6000\bios\lib\</path>
         <kind>archive</kind>
         <file>csl6713.lib</file>
         <name>csl.obj</name>
      </input_file>
      <input_file id="fl-a5">
         <path>C:\Users\khey\Documents\DSK6713\c6000\dsk6713\lib\</path>
         <kind>archive</kind>
         <file>dsk6713bsl.lib</file>
         <name>dsk6713_dip.obj</name>
      </input_file>
      <input_file id="fl-a6">
         <path>C:\Users\khey\Documents\DSK6713\c6000\dsk6713\lib\</path>
         <kind>archive</kind>
         <file>dsk6713bsl.lib</file>
         <name>dsk6713_led.obj</name>
      </input_file>
      <input_file id="fl-a7">
         <path>C:\Users\khey\Documents\DSK6713\c6000\dsk6713\lib\</path>
         <kind>archive</kind>
         <file>dsk6713bsl.lib</file>
         <name>dsk6713.obj</name>
      </input_file>
      <input_file id="fl-a8">
         <path>C:\ti\bios_5_42_01_09\packages\ti\bios\lib\</path>
         <kind>archive</kind>
         <file>bios.a67</file>
         <name>gbl_cslcacheinit.o67</name>
      </input_file>
      <input_file id="fl-a9">
         <path>C:\ti\bios_5_42_01_09\packages\ti\bios\lib\</path>
         <kind>archive</kind>
         <file>bios.a67</file>
         <name>gbl_vers.o67</name>
      </input_file>
      <input_file id="fl-aa">
         <path>C:\ti\bios_5_42_01_09\packages\ti\bios\lib\</path>
         <kind>archive</kind>
         <file>bios.a67</file>
         <name>hwi_c.o67</name>
      </input_file>
      <input_file id="fl-ab">
         <path>C:\ti\bios_5_42_01_09\packages\ti\bios\lib\</path>
         <kind>archive</kind>
         <file>bios.a67</file>
         <name>knl.o67</name>
      </input_file>
      <input_file id="fl-ac">
         <path>C:\ti\bios_5_42_01_09\packages\ti\bios\lib\</path>
         <kind>archive</kind>
         <file>bios.a67</file>
         <name>knl_exit.o67</name>
      </input_file>
      <input_file id="fl-ad">
         <path>C:\ti\bios_5_42_01_09\packages\ti\bios\lib\</path>
         <kind>archive</kind>
         <file>bios.a67</file>
         <name>knl_chec.o67</name>
      </input_file>
      <input_file id="fl-ae">
         <path>C:\ti\bios_5_42_01_09\packages\ti\bios\lib\</path>
         <kind>archive</kind>
         <file>bios.a67</file>
         <name>knl_post.o67</name>
      </input_file>
      <input_file id="fl-af">
         <path>C:\ti\bios_5_42_01_09\packages\ti\bios\lib\</path>
         <kind>archive</kind>
         <file>bios.a67</file>
         <name>knl_ipos.o67</name>
      </input_file>
      <input_file id="fl-b0">
         <path>C:\ti\bios_5_42_01_09\packages\ti\bios\lib\</path>
         <kind>archive</kind>
         <file>bios.a67</file>
         <name>knl_run.o67</name>
      </input_file>
      <input_file id="fl-b1">
         <path>C:\ti\bios_5_42_01_09\packages\ti\bios\lib\</path>
         <kind>archive</kind>
         <file>bios.a67</file>
         <name>obj_init.o67</name>
      </input_file>
      <input_file id="fl-b2">
         <path>C:\ti\bios_5_42_01_09\packages\ti\rtdx\lib\c6000\</path>
         <kind>archive</kind>
         <file>rtdx.lib</file>
         <name>buffer2.o62</name>
      </input_file>
      <input_file id="fl-b3">
         <path>C:\ti\bios_5_42_01_09\packages\ti\rtdx\lib\c6000\</path>
         <kind>archive</kind>
         <file>rtdx.lib</file>
         <name>buffer1.o62</name>
      </input_file>
      <input_file id="fl-b4">
         <path>C:\ti\bios_5_42_01_09\packages\ti\rtdx\lib\c6000\</path>
         <kind>archive</kind>
         <file>rtdx.lib</file>
         <name>intr_tgt.o62</name>
      </input_file>
      <input_file id="fl-b5">
         <path>C:\ti\bios_5_42_01_09\packages\ti\rtdx\lib\c6000\</path>
         <kind>archive</kind>
         <file>rtdx.lib</file>
         <name>rtdx_mon.o62</name>
      </input_file>
      <input_file id="fl-b6">
         <path>C:\ti\bios_5_42_01_09\packages\ti\bios\lib\</path>
         <kind>archive</kind>
         <file>bios.a67</file>
         <name>sem_pend_binary.o67</name>
      </input_file>
      <input_file id="fl-b7">
         <path>C:\ti\bios_5_42_01_09\packages\ti\bios\lib\</path>
         <kind>archive</kind>
         <file>bios.a67</file>
         <name>sem_pend.o67</name>
      </input_file>
      <input_file id="fl-b8">
         <path>C:\ti\bios_5_42_01_09\packages\ti\bios\lib\</path>
         <kind>archive</kind>
         <file>bios.a67</file>
         <name>sem_post_asm.o67</name>
      </input_file>
      <input_file id="fl-b9">
         <path>C:\ti\bios_5_42_01_09\packages\ti\bios\lib\</path>
         <kind>archive</kind>
         <file>bios.a67</file>
         <name>sem_post.o67</name>
      </input_file>
      <input_file id="fl-ba">
         <path>C:\ti\bios_5_42_01_09\packages\ti\bios\lib\</path>
         <kind>archive</kind>
         <file>bios.a67</file>
         <name>sts_set.o67</name>
      </input_file>
      <input_file id="fl-bb">
         <path>C:\Users\khey\Documents\DSK6713\c6000\bios\lib\</path>
         <kind>archive</kind>
         <file>csl6713.lib</file>
         <name>csl_timer.obj</name>
      </input_file>
      <input_file id="fl-bc">
         <path>C:\ti\bios_5_42_01_09\packages\ti\bios\lib\</path>
         <kind>archive</kind>
         <file>bios.a67</file>
         <name>tsk.o67</name>
      </input_file>
      <input_file id="fl-bd">
         <path>C:\ti\bios_5_42_01_09\packages\ti\bios\lib\</path>
         <kind>archive</kind>
         <file>bios.a67</file>
         <name>tsk_exit.o67</name>
      </input_file>
      <input_file id="fl-be">
         <path>C:\ti\bios_5_42_01_09\packages\ti\bios\lib\</path>
         <kind>archive</kind>
         <file>bios.a67</file>
         <name>sys_exit.o67</name>
      </input_file>
      <input_file id="fl-bf">
         <path>C:\ti\bios_5_42_01_09\packages\ti\bios\lib\</path>
         <kind>archive</kind>
         <file>bios.a67</file>
         <name>sys.o67</name>
      </input_file>
      <input_file id="fl-c0">
         <path>C:\ti\bios_5_42_01_09\packages\ti\bios\lib\</path>
         <kind>archive</kind>
         <file>bios.a67</file>
         <name>tsk_init.o67</name>
      </input_file>
      <input_file id="fl-c1">
         <path>C:\ti\bios_5_42_01_09\packages\ti\bios\lib\</path>
         <kind>archive</kind>
         <file>bios.a67</file>
         <name>tsk_setu.o67</name>
      </input_file>
      <input_file id="fl-c2">
         <path>C:\ti\bios_5_42_01_09\packages\ti\bios\lib\</path>
         <kind>archive</kind>
         <file>bios.a67</file>
         <name>tsk_stup.o67</name>
      </input_file>
      <input_file id="fl-c3">
         <path>C:\ti\bios_5_42_01_09\packages\ti\bios\lib\</path>
         <kind>archive</kind>
         <file>bios.a67</file>
         <name>lck.o67</name>
      </input_file>
      <input_file id="fl-c4">
         <path>C:\ti\bios_5_42_01_09\packages\ti\bios\lib\</path>
         <kind>archive</kind>
         <file>bios.a67</file>
         <name>sem_pend_counting.o67</name>
      </input_file>
      <input_file id="fl-c5">
         <path>C:\ti\bios_5_42_01_09\packages\ti\bios\lib\</path>
         <kind>archive</kind>
         <file>bios.a67</file>
         <name>sys_abor.o67</name>
      </input_file>
      <input_file id="fl-c6">
         <path>C:\ti\bios_5_42_01_09\packages\ti\bios\lib\</path>
         <kind>archive</kind>
         <file>bios.a67</file>
         <name>gbl_setL2CacheMode.o67</name>
      </input_file>
      <input_file id="fl-c7">
         <path>C:\Users\khey\Documents\DSK6713\c6000\bios\lib\</path>
         <kind>archive</kind>
         <file>csl6713.lib</file>
         <name>csl_irq.obj</name>
      </input_file>
      <input_file id="fl-c8">
         <path>C:\ti\bios_5_42_01_09\packages\ti\bios\lib\</path>
         <kind>archive</kind>
         <file>bios.a67</file>
         <name>sem_dopo.o67</name>
      </input_file>
      <input_file id="fl-c9">
         <path>C:\ti\bios_5_42_01_09\packages\ti\bios\lib\</path>
         <kind>archive</kind>
         <file>bios.a67</file>
         <name>autoinit.o67</name>
      </input_file>
      <input_file id="fl-ca">
         <path>C:\ti\ccsv6\tools\compiler\c6000_7.4.7\lib\</path>
         <kind>archive</kind>
         <file>rts6700.lib</file>
         <name>_lock.obj</name>
      </input_file>
      <input_file id="fl-cb">
         <path>C:\ti\ccsv6\tools\compiler\c6000_7.4.7\lib\</path>
         <kind>archive</kind>
         <file>rts6700.lib</file>
         <name>strasg.obj</name>
      </input_file>
      <input_file id="fl-cc">
         <path>C:\ti\ccsv6\tools\compiler\c6000_7.4.7\lib\</path>
         <kind>archive</kind>
         <file>rts6700.lib</file>
         <name>atexit.obj</name>
      </input_file>
      <input_file id="fl-cd">
         <path>C:\ti\ccsv6\tools\compiler\c6000_7.4.7\lib\</path>
         <kind>archive</kind>
         <file>rts6700.lib</file>
         <name>sinit.obj</name>
      </input_file>
      <input_file id="fl-ce">
         <path>C:\ti\ccsv6\tools\compiler\c6000_7.4.7\lib\</path>
         <kind>archive</kind>
         <file>rts6700.lib</file>
         <name>exit.obj</name>
      </input_file>
      <input_file id="fl-cf">
         <path>C:\ti\ccsv6\tools\compiler\c6000_7.4.7\lib\</path>
         <kind>archive</kind>
         <file>rts6700.lib</file>
         <name>memcpy62.obj</name>
      </input_file>
   </input_file_list>
   <object_component_list>
      <object_component id="oc-60">
         <name>.vers</name>
         <load_address>0x0</load_address>
         <run_address>0x0</run_address>
         <size>0x4c</size>
         <input_file_ref idref="fl-2"/>
      </object_component>
      <object_component id="oc-50">
         <name>.clk</name>
         <uninitialized>true</uninitialized>
         <run_address>0x9fd8</run_address>
         <size>0x8</size>
         <input_file_ref idref="fl-2"/>
      </object_component>
      <object_component id="oc-7">
         <name>HWI_A_VECS</name>
         <load_address>0x0</load_address>
         <run_address>0x0</run_address>
         <size>0x0</size>
      </object_component>
      <object_component id="oc-51">
         <name>.hwi_vec</name>
         <load_address>0x0</load_address>
         <run_address>0x0</run_address>
         <size>0x200</size>
         <input_file_ref idref="fl-2"/>
      </object_component>
      <object_component id="oc-52">
         <name>.swi</name>
         <uninitialized>true</uninitialized>
         <run_address>0x9f4c</run_address>
         <size>0x2c</size>
         <input_file_ref idref="fl-2"/>
      </object_component>
      <object_component id="oc-55">
         <name>.tsk</name>
         <uninitialized>true</uninitialized>
         <run_address>0x9b94</run_address>
         <size>0x180</size>
         <input_file_ref idref="fl-2"/>
      </object_component>
      <object_component id="oc-5f">
         <name>.idl</name>
         <uninitialized>true</uninitialized>
         <run_address>0x9d14</run_address>
         <size>0x4</size>
         <input_file_ref idref="fl-2"/>
      </object_component>
      <object_component id="oc-5e">
         <name>.idlcal</name>
         <uninitialized>true</uninitialized>
         <run_address>0x9dfc</run_address>
         <size>0x4</size>
         <input_file_ref idref="fl-2"/>
      </object_component>
      <object_component id="oc-6f">
         <name>.bss</name>
         <uninitialized>true</uninitialized>
         <run_address>0x9780</run_address>
         <size>0xcc</size>
         <input_file_ref idref="fl-8a"/>
      </object_component>
      <object_component id="oc-71">
         <name>.bss</name>
         <uninitialized>true</uninitialized>
         <run_address>0x9680</run_address>
         <size>0x100</size>
         <input_file_ref idref="fl-8b"/>
      </object_component>
      <object_component id="oc-75">
         <name>.bss</name>
         <uninitialized>true</uninitialized>
         <run_address>0x9948</run_address>
         <size>0x18</size>
         <input_file_ref idref="fl-8c"/>
      </object_component>
      <object_component id="oc-7b">
         <name>.bss</name>
         <uninitialized>true</uninitialized>
         <run_address>0x984c</run_address>
         <size>0x9c</size>
         <input_file_ref idref="fl-8d"/>
      </object_component>
      <object_component id="oc-a9">
         <name>.bss</name>
         <uninitialized>true</uninitialized>
         <run_address>0x9930</run_address>
         <size>0x18</size>
         <input_file_ref idref="fl-99"/>
      </object_component>
      <object_component id="oc-c4">
         <name>.bss</name>
         <uninitialized>true</uninitialized>
         <run_address>0x997c</run_address>
         <size>0x8</size>
         <input_file_ref idref="fl-a0"/>
      </object_component>
      <object_component id="oc-c7">
         <name>.bss</name>
         <uninitialized>true</uninitialized>
         <run_address>0x998c</run_address>
         <size>0x4</size>
         <input_file_ref idref="fl-a1"/>
      </object_component>
      <object_component id="oc-f0">
         <name>.bss</name>
         <uninitialized>true</uninitialized>
         <run_address>0x98e8</run_address>
         <size>0x48</size>
         <input_file_ref idref="fl-ab"/>
      </object_component>
      <object_component id="oc-112">
         <name>.bss</name>
         <uninitialized>true</uninitialized>
         <run_address>0x9960</run_address>
         <size>0x10</size>
         <input_file_ref idref="fl-b3"/>
      </object_component>
      <object_component id="oc-139">
         <name>.bss</name>
         <uninitialized>true</uninitialized>
         <run_address>0x9970</run_address>
         <size>0xc</size>
         <input_file_ref idref="fl-bc"/>
      </object_component>
      <object_component id="oc-147">
         <name>.bss</name>
         <uninitialized>true</uninitialized>
         <run_address>0x9984</run_address>
         <size>0x8</size>
         <input_file_ref idref="fl-bf"/>
      </object_component>
      <object_component id="oc-168">
         <name>.bss</name>
         <uninitialized>true</uninitialized>
         <run_address>0x9990</run_address>
         <size>0x4</size>
         <input_file_ref idref="fl-c6"/>
      </object_component>
      <object_component id="oc-68">
         <name>.far</name>
         <uninitialized>true</uninitialized>
         <run_address>0x7a70</run_address>
         <size>0x4</size>
         <input_file_ref idref="fl-4"/>
      </object_component>
      <object_component id="oc-88">
         <name>.far</name>
         <uninitialized>true</uninitialized>
         <run_address>0x7a40</run_address>
         <size>0x10</size>
         <input_file_ref idref="fl-90"/>
      </object_component>
      <object_component id="oc-95">
         <name>.far</name>
         <uninitialized>true</uninitialized>
         <run_address>0x7a50</run_address>
         <size>0xc</size>
         <input_file_ref idref="fl-93"/>
      </object_component>
      <object_component id="oc-d3">
         <name>.far</name>
         <uninitialized>true</uninitialized>
         <run_address>0x79d4</run_address>
         <size>0x28</size>
         <input_file_ref idref="fl-a4"/>
      </object_component>
      <object_component id="oc-da">
         <name>.far</name>
         <uninitialized>true</uninitialized>
         <run_address>0x7a7a</run_address>
         <size>0x2</size>
         <input_file_ref idref="fl-a6"/>
      </object_component>
      <object_component id="oc-df">
         <name>.far</name>
         <uninitialized>true</uninitialized>
         <run_address>0x7a78</run_address>
         <size>0x2</size>
         <input_file_ref idref="fl-a7"/>
      </object_component>
      <object_component id="oc-f3">
         <name>.far</name>
         <uninitialized>true</uninitialized>
         <run_address>0x77fc</run_address>
         <size>0xd8</size>
         <input_file_ref idref="fl-ab"/>
      </object_component>
      <object_component id="oc-10b">
         <name>.far</name>
         <uninitialized>true</uninitialized>
         <run_address>0x7930</run_address>
         <size>0x54</size>
         <input_file_ref idref="fl-b1"/>
      </object_component>
      <object_component id="oc-137">
         <name>.far</name>
         <uninitialized>true</uninitialized>
         <run_address>0x79fc</run_address>
         <size>0x24</size>
         <input_file_ref idref="fl-bb"/>
      </object_component>
      <object_component id="oc-13c">
         <name>.far</name>
         <uninitialized>true</uninitialized>
         <run_address>0x78d4</run_address>
         <size>0x5c</size>
         <input_file_ref idref="fl-bc"/>
      </object_component>
      <object_component id="oc-14a">
         <name>.far</name>
         <uninitialized>true</uninitialized>
         <run_address>0x7a20</run_address>
         <size>0x20</size>
         <input_file_ref idref="fl-bf"/>
      </object_component>
      <object_component id="oc-157">
         <name>.far</name>
         <uninitialized>true</uninitialized>
         <run_address>0x7984</run_address>
         <size>0x50</size>
         <input_file_ref idref="fl-c2"/>
      </object_component>
      <object_component id="oc-170">
         <name>.far</name>
         <uninitialized>true</uninitialized>
         <run_address>0x7708</run_address>
         <size>0xf4</size>
         <input_file_ref idref="fl-c7"/>
      </object_component>
      <object_component id="oc-17c">
         <name>.far</name>
         <uninitialized>true</uninitialized>
         <run_address>0x7a68</run_address>
         <size>0x8</size>
         <input_file_ref idref="fl-ca"/>
      </object_component>
      <object_component id="oc-184">
         <name>.far</name>
         <uninitialized>true</uninitialized>
         <run_address>0x7580</run_address>
         <size>0x188</size>
         <input_file_ref idref="fl-cc"/>
      </object_component>
      <object_component id="oc-189">
         <name>.far</name>
         <uninitialized>true</uninitialized>
         <run_address>0x7a74</run_address>
         <size>0x4</size>
         <input_file_ref idref="fl-cd"/>
      </object_component>
      <object_component id="oc-18e">
         <name>.far</name>
         <uninitialized>true</uninitialized>
         <run_address>0x7a5c</run_address>
         <size>0xc</size>
         <input_file_ref idref="fl-ce"/>
      </object_component>
      <object_component id="oc-5c">
         <name>.sem</name>
         <uninitialized>true</uninitialized>
         <run_address>0x9dd0</run_address>
         <size>0x2c</size>
         <input_file_ref idref="fl-2"/>
      </object_component>
      <object_component id="oc-77">
         <name>.bios</name>
         <load_address>0x200</load_address>
         <run_address>0x200</run_address>
         <size>0x600</size>
         <input_file_ref idref="fl-8c"/>
      </object_component>
      <object_component id="oc-16b">
         <name>.bios</name>
         <load_address>0x800</load_address>
         <run_address>0x800</run_address>
         <size>0x5e0</size>
         <input_file_ref idref="fl-c6"/>
      </object_component>
      <object_component id="oc-44">
         <name>.bios</name>
         <load_address>0xde0</load_address>
         <run_address>0xde0</run_address>
         <size>0x540</size>
         <input_file_ref idref="fl-8d"/>
      </object_component>
      <object_component id="oc-45">
         <name>.bios</name>
         <load_address>0x1320</load_address>
         <run_address>0x1320</run_address>
         <size>0x460</size>
         <input_file_ref idref="fl-8b"/>
      </object_component>
      <object_component id="oc-bc">
         <name>.bios</name>
         <load_address>0x1780</load_address>
         <run_address>0x1780</run_address>
         <size>0x3a0</size>
         <input_file_ref idref="fl-9e"/>
      </object_component>
      <object_component id="oc-106">
         <name>.bios</name>
         <load_address>0x1b20</load_address>
         <run_address>0x1b20</run_address>
         <size>0x2c0</size>
         <input_file_ref idref="fl-b0"/>
      </object_component>
      <object_component id="oc-127">
         <name>.bios</name>
         <load_address>0x1de0</load_address>
         <run_address>0x1de0</run_address>
         <size>0x2c0</size>
         <input_file_ref idref="fl-b7"/>
      </object_component>
      <object_component id="oc-48">
         <name>.bios</name>
         <load_address>0x20a0</load_address>
         <run_address>0x20a0</run_address>
         <size>0x260</size>
         <input_file_ref idref="fl-90"/>
      </object_component>
      <object_component id="oc-b8">
         <name>.bios</name>
         <load_address>0x2300</load_address>
         <run_address>0x2300</run_address>
         <size>0x240</size>
         <input_file_ref idref="fl-9d"/>
      </object_component>
      <object_component id="oc-173">
         <name>.bios</name>
         <load_address>0x2540</load_address>
         <run_address>0x2540</run_address>
         <size>0x220</size>
         <input_file_ref idref="fl-c8"/>
      </object_component>
      <object_component id="oc-151">
         <name>.bios</name>
         <load_address>0x2760</load_address>
         <run_address>0x2760</run_address>
         <size>0x200</size>
         <input_file_ref idref="fl-c1"/>
      </object_component>
      <object_component id="oc-b0">
         <name>.bios</name>
         <load_address>0x2960</load_address>
         <run_address>0x2960</run_address>
         <size>0x1c0</size>
         <input_file_ref idref="fl-9b"/>
      </object_component>
      <object_component id="oc-9b">
         <name>.bios</name>
         <load_address>0x2b20</load_address>
         <run_address>0x2b20</run_address>
         <size>0x1c0</size>
         <input_file_ref idref="fl-95"/>
      </object_component>
      <object_component id="oc-140">
         <name>.bios</name>
         <load_address>0x2ce0</load_address>
         <run_address>0x2ce0</run_address>
         <size>0x1a0</size>
         <input_file_ref idref="fl-bd"/>
      </object_component>
      <object_component id="oc-177">
         <name>.bios</name>
         <load_address>0x2e80</load_address>
         <run_address>0x2e80</run_address>
         <size>0x180</size>
         <input_file_ref idref="fl-c9"/>
      </object_component>
      <object_component id="oc-158">
         <name>.bios</name>
         <load_address>0x3000</load_address>
         <run_address>0x3000</run_address>
         <size>0x180</size>
         <input_file_ref idref="fl-c2"/>
      </object_component>
      <object_component id="oc-f9">
         <name>.bios</name>
         <load_address>0x3180</load_address>
         <run_address>0x3180</run_address>
         <size>0x140</size>
         <input_file_ref idref="fl-ad"/>
      </object_component>
      <object_component id="oc-e5">
         <name>.bios</name>
         <load_address>0x32c0</load_address>
         <run_address>0x32c0</run_address>
         <size>0xe0</size>
         <input_file_ref idref="fl-a8"/>
      </object_component>
      <object_component id="oc-f6">
         <name>.bios</name>
         <load_address>0x33a0</load_address>
         <run_address>0x33a0</run_address>
         <size>0xe0</size>
         <input_file_ref idref="fl-ac"/>
      </object_component>
      <object_component id="oc-12f">
         <name>.bios</name>
         <load_address>0x3480</load_address>
         <run_address>0x3480</run_address>
         <size>0xe0</size>
         <input_file_ref idref="fl-b9"/>
      </object_component>
      <object_component id="oc-12a">
         <name>.bios</name>
         <load_address>0x3560</load_address>
         <run_address>0x3560</run_address>
         <size>0xe0</size>
         <input_file_ref idref="fl-b8"/>
      </object_component>
      <object_component id="oc-102">
         <name>.bios</name>
         <load_address>0x3640</load_address>
         <run_address>0x3640</run_address>
         <size>0xc0</size>
         <input_file_ref idref="fl-af"/>
      </object_component>
      <object_component id="oc-fe">
         <name>.bios</name>
         <load_address>0x3700</load_address>
         <run_address>0x3700</run_address>
         <size>0xc0</size>
         <input_file_ref idref="fl-ae"/>
      </object_component>
      <object_component id="oc-15d">
         <name>.bios</name>
         <load_address>0x37c0</load_address>
         <run_address>0x37c0</run_address>
         <size>0xc0</size>
         <input_file_ref idref="fl-c3"/>
      </object_component>
      <object_component id="oc-144">
         <name>.bios</name>
         <load_address>0x3880</load_address>
         <run_address>0x3880</run_address>
         <size>0xc0</size>
         <input_file_ref idref="fl-be"/>
      </object_component>
      <object_component id="oc-46">
         <name>.bios</name>
         <load_address>0x3940</load_address>
         <run_address>0x3940</run_address>
         <size>0xc0</size>
         <input_file_ref idref="fl-89"/>
      </object_component>
      <object_component id="oc-9f">
         <name>.bios</name>
         <load_address>0x3a00</load_address>
         <run_address>0x3a00</run_address>
         <size>0x80</size>
         <input_file_ref idref="fl-96"/>
      </object_component>
      <object_component id="oc-b4">
         <name>.bios</name>
         <load_address>0x3a80</load_address>
         <run_address>0x3a80</run_address>
         <size>0x80</size>
         <input_file_ref idref="fl-9c"/>
      </object_component>
      <object_component id="oc-c0">
         <name>.bios</name>
         <load_address>0x3b00</load_address>
         <run_address>0x3b00</run_address>
         <size>0x80</size>
         <input_file_ref idref="fl-9f"/>
      </object_component>
      <object_component id="oc-ec">
         <name>.bios</name>
         <load_address>0x3b80</load_address>
         <run_address>0x3b80</run_address>
         <size>0x60</size>
         <input_file_ref idref="fl-aa"/>
      </object_component>
      <object_component id="oc-122">
         <name>.bios</name>
         <load_address>0x3be0</load_address>
         <run_address>0x3be0</run_address>
         <size>0x60</size>
         <input_file_ref idref="fl-b6"/>
      </object_component>
      <object_component id="oc-160">
         <name>.bios</name>
         <load_address>0x3c40</load_address>
         <run_address>0x3c40</run_address>
         <size>0x60</size>
         <input_file_ref idref="fl-c4"/>
      </object_component>
      <object_component id="oc-165">
         <name>.bios</name>
         <load_address>0x3ca0</load_address>
         <run_address>0x3ca0</run_address>
         <size>0x60</size>
         <input_file_ref idref="fl-c5"/>
      </object_component>
      <object_component id="oc-47">
         <name>.bios</name>
         <load_address>0x3d00</load_address>
         <run_address>0x3d00</run_address>
         <size>0x60</size>
         <input_file_ref idref="fl-93"/>
      </object_component>
      <object_component id="oc-ca">
         <name>.bios</name>
         <load_address>0x3d60</load_address>
         <run_address>0x3d60</run_address>
         <size>0x60</size>
         <input_file_ref idref="fl-a2"/>
      </object_component>
      <object_component id="oc-41">
         <name>.bios</name>
         <load_address>0x3dc0</load_address>
         <run_address>0x3dc0</run_address>
         <size>0x40</size>
         <input_file_ref idref="fl-91"/>
      </object_component>
      <object_component id="oc-ce">
         <name>.bios</name>
         <load_address>0x3e00</load_address>
         <run_address>0x3e00</run_address>
         <size>0x40</size>
         <input_file_ref idref="fl-a3"/>
      </object_component>
      <object_component id="oc-4b">
         <name>.bios</name>
         <load_address>0x3e40</load_address>
         <run_address>0x3e40</run_address>
         <size>0x20</size>
         <input_file_ref idref="fl-8e"/>
      </object_component>
      <object_component id="oc-e8">
         <name>.bios</name>
         <load_address>0x3e60</load_address>
         <run_address>0x3e60</run_address>
         <size>0x20</size>
         <input_file_ref idref="fl-a9"/>
      </object_component>
      <object_component id="oc-ab">
         <name>.bios</name>
         <load_address>0x3e80</load_address>
         <run_address>0x3e80</run_address>
         <size>0x20</size>
         <input_file_ref idref="fl-9a"/>
      </object_component>
      <object_component id="oc-132">
         <name>.bios</name>
         <load_address>0x3ea0</load_address>
         <run_address>0x3ea0</run_address>
         <size>0x20</size>
         <input_file_ref idref="fl-ba"/>
      </object_component>
      <object_component id="oc-4a">
         <name>.bios</name>
         <load_address>0x3ec0</load_address>
         <run_address>0x3ec0</run_address>
         <size>0x20</size>
         <input_file_ref idref="fl-92"/>
      </object_component>
      <object_component id="oc-49">
         <name>.bios</name>
         <load_address>0x3ee0</load_address>
         <run_address>0x3ee0</run_address>
         <size>0x20</size>
         <input_file_ref idref="fl-94"/>
      </object_component>
      <object_component id="oc-116">
         <name>.pinit</name>
         <load_address>0x9fc0</load_address>
         <run_address>0x9fc0</run_address>
         <size>0x4</size>
         <input_file_ref idref="fl-b3"/>
      </object_component>
      <object_component id="oc-11f">
         <name>.pinit</name>
         <load_address>0x9fc4</load_address>
         <run_address>0x9fc4</run_address>
         <size>0x4</size>
         <input_file_ref idref="fl-b5"/>
      </object_component>
      <object_component id="oc-4f">
         <name>.sys</name>
         <uninitialized>true</uninitialized>
         <run_address>0x9fb0</run_address>
         <size>0x10</size>
         <input_file_ref idref="fl-2"/>
      </object_component>
      <object_component id="oc-de">
         <name>.text</name>
         <load_address>0x3f00</load_address>
         <run_address>0x3f00</run_address>
         <size>0x480</size>
         <input_file_ref idref="fl-a7"/>
      </object_component>
      <object_component id="oc-194">
         <name>.text</name>
         <load_address>0x4380</load_address>
         <run_address>0x4380</run_address>
         <size>0x2e0</size>
         <input_file_ref idref="fl-4"/>
      </object_component>
      <object_component id="oc-19d">
         <name>.text:_memcpy</name>
         <load_address>0x4660</load_address>
         <run_address>0x4660</run_address>
         <size>0x240</size>
         <input_file_ref idref="fl-cf"/>
      </object_component>
      <object_component id="oc-d9">
         <name>.text</name>
         <load_address>0x48a0</load_address>
         <run_address>0x48a0</run_address>
         <size>0x1e0</size>
         <input_file_ref idref="fl-a6"/>
      </object_component>
      <object_component id="oc-1a0">
         <name>.text:__CSL_init</name>
         <load_address>0x4a80</load_address>
         <run_address>0x4a80</run_address>
         <size>0x1c0</size>
         <input_file_ref idref="fl-a4"/>
      </object_component>
      <object_component id="oc-42">
         <name>.text</name>
         <load_address>0x4c40</load_address>
         <run_address>0x4c40</run_address>
         <size>0x180</size>
         <input_file_ref idref="fl-8f"/>
      </object_component>
      <object_component id="oc-1a8">
         <name>.text:_TIMER_open</name>
         <load_address>0x4dc0</load_address>
         <run_address>0x4dc0</run_address>
         <size>0x160</size>
         <input_file_ref idref="fl-bb"/>
      </object_component>
      <object_component id="oc-1b0">
         <name>.text:_call_dtors</name>
         <load_address>0x4f20</load_address>
         <run_address>0x4f20</run_address>
         <size>0x160</size>
         <input_file_ref idref="fl-cd"/>
      </object_component>
      <object_component id="oc-1af">
         <name>.text:_TIMER_reset</name>
         <load_address>0x5080</load_address>
         <run_address>0x5080</run_address>
         <size>0x120</size>
         <input_file_ref idref="fl-bb"/>
      </object_component>
      <object_component id="oc-1ae">
         <name>.text:_mux2Tables</name>
         <load_address>0x51a0</load_address>
         <run_address>0x51a0</run_address>
         <size>0x120</size>
         <input_file_ref idref="fl-c7"/>
      </object_component>
      <object_component id="oc-198">
         <name>.text:__strasg</name>
         <load_address>0x52c0</load_address>
         <run_address>0x52c0</run_address>
         <size>0xe0</size>
         <input_file_ref idref="fl-cb"/>
      </object_component>
      <object_component id="oc-1a5">
         <name>.text:_atexit</name>
         <load_address>0x53a0</load_address>
         <run_address>0x53a0</run_address>
         <size>0xe0</size>
         <input_file_ref idref="fl-cc"/>
      </object_component>
      <object_component id="oc-1b1">
         <name>.text:_getMux</name>
         <load_address>0x5480</load_address>
         <run_address>0x5480</run_address>
         <size>0xc0</size>
         <input_file_ref idref="fl-c7"/>
      </object_component>
      <object_component id="oc-154">
         <name>.text</name>
         <load_address>0x5540</load_address>
         <run_address>0x5540</run_address>
         <size>0xc0</size>
         <input_file_ref idref="fl-c2"/>
      </object_component>
      <object_component id="oc-1a7">
         <name>.text:__IRQ_init</name>
         <load_address>0x5600</load_address>
         <run_address>0x5600</run_address>
         <size>0x80</size>
         <input_file_ref idref="fl-c7"/>
      </object_component>
      <object_component id="oc-d5">
         <name>.text</name>
         <load_address>0x5680</load_address>
         <run_address>0x5680</run_address>
         <size>0x80</size>
         <input_file_ref idref="fl-a5"/>
      </object_component>
      <object_component id="oc-1ad">
         <name>.text:___add_dtor</name>
         <load_address>0x5700</load_address>
         <run_address>0x5700</run_address>
         <size>0x40</size>
         <input_file_ref idref="fl-cd"/>
      </object_component>
      <object_component id="oc-19f">
         <name>.text:_CSL6713_LIB_</name>
         <load_address>0x5740</load_address>
         <run_address>0x5740</run_address>
         <size>0x20</size>
         <input_file_ref idref="fl-a4"/>
      </object_component>
      <object_component id="oc-19e">
         <name>.text:__nop</name>
         <load_address>0x5760</load_address>
         <run_address>0x5760</run_address>
         <size>0x20</size>
         <input_file_ref idref="fl-ca"/>
      </object_component>
      <object_component id="oc-19b">
         <name>.text:__register_lock</name>
         <load_address>0x5780</load_address>
         <run_address>0x5780</run_address>
         <size>0x20</size>
         <input_file_ref idref="fl-ca"/>
      </object_component>
      <object_component id="oc-19c">
         <name>.text:__register_unlock</name>
         <load_address>0x57a0</load_address>
         <run_address>0x57a0</run_address>
         <size>0x20</size>
         <input_file_ref idref="fl-ca"/>
      </object_component>
      <object_component id="oc-16e">
         <name>.text</name>
         <load_address>0x57c0</load_address>
         <run_address>0x57c0</run_address>
         <size>0x20</size>
         <input_file_ref idref="fl-c7"/>
      </object_component>
      <object_component id="oc-4d">
         <name>.cinit</name>
         <load_address>0x57e0</load_address>
         <run_address>0x57e0</run_address>
         <size>0x564</size>
         <input_file_ref idref="fl-2"/>
      </object_component>
      <object_component id="oc-70">
         <name>.cinit</name>
         <load_address>0x5d48</load_address>
         <run_address>0x5d48</run_address>
         <size>0x26c</size>
         <input_file_ref idref="fl-8a"/>
      </object_component>
      <object_component id="oc-f2">
         <name>.cinit</name>
         <load_address>0x5fb8</load_address>
         <run_address>0x5fb8</run_address>
         <size>0x1a4</size>
         <input_file_ref idref="fl-ab"/>
      </object_component>
      <object_component id="oc-16f">
         <name>.cinit</name>
         <load_address>0x6160</load_address>
         <run_address>0x6160</run_address>
         <size>0x12c</size>
         <input_file_ref idref="fl-c7"/>
      </object_component>
      <object_component id="oc-7c">
         <name>.cinit</name>
         <load_address>0x6290</load_address>
         <run_address>0x6290</run_address>
         <size>0xb0</size>
         <input_file_ref idref="fl-8d"/>
      </object_component>
      <object_component id="oc-13b">
         <name>.cinit</name>
         <load_address>0x6340</load_address>
         <run_address>0x6340</run_address>
         <size>0x80</size>
         <input_file_ref idref="fl-bc"/>
      </object_component>
      <object_component id="oc-156">
         <name>.cinit</name>
         <load_address>0x63c0</load_address>
         <run_address>0x63c0</run_address>
         <size>0x60</size>
         <input_file_ref idref="fl-c2"/>
      </object_component>
      <object_component id="oc-76">
         <name>.cinit</name>
         <load_address>0x6420</load_address>
         <run_address>0x6420</run_address>
         <size>0x5c</size>
         <input_file_ref idref="fl-8c"/>
      </object_component>
      <object_component id="oc-136">
         <name>.cinit</name>
         <load_address>0x6480</load_address>
         <run_address>0x6480</run_address>
         <size>0x4c</size>
         <input_file_ref idref="fl-bb"/>
      </object_component>
      <object_component id="oc-114">
         <name>.cinit</name>
         <load_address>0x64d0</load_address>
         <run_address>0x64d0</run_address>
         <size>0x4c</size>
         <input_file_ref idref="fl-b3"/>
      </object_component>
      <object_component id="oc-d2">
         <name>.cinit</name>
         <load_address>0x6520</load_address>
         <run_address>0x6520</run_address>
         <size>0x3c</size>
         <input_file_ref idref="fl-a4"/>
      </object_component>
      <object_component id="oc-aa">
         <name>.cinit</name>
         <load_address>0x6560</load_address>
         <run_address>0x6560</run_address>
         <size>0x34</size>
         <input_file_ref idref="fl-99"/>
      </object_component>
      <object_component id="oc-94">
         <name>.cinit</name>
         <load_address>0x6598</load_address>
         <run_address>0x6598</run_address>
         <size>0x2c</size>
         <input_file_ref idref="fl-93"/>
      </object_component>
      <object_component id="oc-18d">
         <name>.cinit</name>
         <load_address>0x65c8</load_address>
         <run_address>0x65c8</run_address>
         <size>0x2c</size>
         <input_file_ref idref="fl-ce"/>
      </object_component>
      <object_component id="oc-10a">
         <name>.cinit</name>
         <load_address>0x65f8</load_address>
         <run_address>0x65f8</run_address>
         <size>0x24</size>
         <input_file_ref idref="fl-b1"/>
      </object_component>
      <object_component id="oc-149">
         <name>.cinit</name>
         <load_address>0x6620</load_address>
         <run_address>0x6620</run_address>
         <size>0x1c</size>
         <input_file_ref idref="fl-bf"/>
      </object_component>
      <object_component id="oc-17b">
         <name>.cinit</name>
         <load_address>0x6640</load_address>
         <run_address>0x6640</run_address>
         <size>0x1c</size>
         <input_file_ref idref="fl-ca"/>
      </object_component>
      <object_component id="oc-183">
         <name>.cinit</name>
         <load_address>0x6660</load_address>
         <run_address>0x6660</run_address>
         <size>0x1c</size>
         <input_file_ref idref="fl-cc"/>
      </object_component>
      <object_component id="oc-87">
         <name>.cinit</name>
         <load_address>0x6680</load_address>
         <run_address>0x6680</run_address>
         <size>0x18</size>
         <input_file_ref idref="fl-90"/>
      </object_component>
      <object_component id="oc-16a">
         <name>.cinit</name>
         <load_address>0x6698</load_address>
         <run_address>0x6698</run_address>
         <size>0xc</size>
         <input_file_ref idref="fl-c6"/>
      </object_component>
      <object_component id="oc-af">
         <name>.cinit</name>
         <load_address>0x66a8</load_address>
         <run_address>0x66a8</run_address>
         <size>0xc</size>
         <input_file_ref idref="fl-9b"/>
      </object_component>
      <object_component id="oc-67">
         <name>.cinit</name>
         <load_address>0x66b8</load_address>
         <run_address>0x66b8</run_address>
         <size>0xc</size>
         <input_file_ref idref="fl-4"/>
      </object_component>
      <object_component id="oc-188">
         <name>.cinit</name>
         <load_address>0x66c8</load_address>
         <run_address>0x66c8</run_address>
         <size>0xc</size>
         <input_file_ref idref="fl-cd"/>
      </object_component>
      <object_component id="oc-1a2">
         <name>.switch</name>
         <load_address>0x9f78</load_address>
         <run_address>0x9f78</run_address>
         <size>0x28</size>
         <input_file_ref idref="fl-b5"/>
      </object_component>
      <object_component id="oc-4c">
         <name>.gblinit</name>
         <load_address>0x9f00</load_address>
         <run_address>0x9f00</run_address>
         <size>0x4c</size>
         <input_file_ref idref="fl-2"/>
      </object_component>
      <object_component id="oc-5d">
         <name>.sysinit</name>
         <load_address>0x92e0</load_address>
         <run_address>0x92e0</run_address>
         <size>0x240</size>
         <input_file_ref idref="fl-2"/>
      </object_component>
      <object_component id="oc-43">
         <name>.sysinit</name>
         <load_address>0x9520</load_address>
         <run_address>0x9520</run_address>
         <size>0xc0</size>
         <input_file_ref idref="fl-97"/>
      </object_component>
      <object_component id="oc-14d">
         <name>.sysinit</name>
         <load_address>0x95e0</load_address>
         <run_address>0x95e0</run_address>
         <size>0x80</size>
         <input_file_ref idref="fl-c0"/>
      </object_component>
      <object_component id="oc-10c">
         <name>.sysinit</name>
         <load_address>0x9660</load_address>
         <run_address>0x9660</run_address>
         <size>0x20</size>
         <input_file_ref idref="fl-b1"/>
      </object_component>
      <object_component id="oc-a8">
         <name>.trcdata</name>
         <load_address>0x9fcc</load_address>
         <run_address>0x9fcc</run_address>
         <size>0xc</size>
         <input_file_ref idref="fl-98"/>
      </object_component>
      <object_component id="oc-4e">
         <name>.rtdx_data</name>
         <uninitialized>true</uninitialized>
         <run_address>0x7a7c</run_address>
         <size>0x410</size>
         <input_file_ref idref="fl-2"/>
      </object_component>
      <object_component id="oc-115">
         <name>.rtdx_data</name>
         <uninitialized>true</uninitialized>
         <run_address>0x7e8c</run_address>
         <size>0x20</size>
         <input_file_ref idref="fl-b3"/>
      </object_component>
      <object_component id="oc-11e">
         <name>.rtdx_data</name>
         <uninitialized>true</uninitialized>
         <run_address>0x7eac</run_address>
         <size>0x1c</size>
         <input_file_ref idref="fl-b5"/>
      </object_component>
      <object_component id="oc-195">
         <name>.rtdx_text:_RTDX_Poll</name>
         <load_address>0x66e0</load_address>
         <run_address>0x66e0</run_address>
         <size>0x400</size>
         <input_file_ref idref="fl-b5"/>
      </object_component>
      <object_component id="oc-1a4">
         <name>.rtdx_text:_RTDX_Buffer_WriteCB</name>
         <load_address>0x6ae0</load_address>
         <run_address>0x6ae0</run_address>
         <size>0x340</size>
         <input_file_ref idref="fl-b3"/>
      </object_component>
      <object_component id="oc-1ab">
         <name>.rtdx_text:_RTDX_write_next</name>
         <load_address>0x6e20</load_address>
         <run_address>0x6e20</run_address>
         <size>0x300</size>
         <input_file_ref idref="fl-b3"/>
      </object_component>
      <object_component id="oc-1ac">
         <name>.rtdx_text:_RTDX_Mon_Queue</name>
         <load_address>0x7120</load_address>
         <run_address>0x7120</run_address>
         <size>0x140</size>
         <input_file_ref idref="fl-b5"/>
      </object_component>
      <object_component id="oc-1aa">
         <name>.rtdx_text:_claim</name>
         <load_address>0x7260</load_address>
         <run_address>0x7260</run_address>
         <size>0xe0</size>
         <input_file_ref idref="fl-b3"/>
      </object_component>
      <object_component id="oc-19a">
         <name>.rtdx_text:_RTDX_Init_RT_Monitor</name>
         <load_address>0x7340</load_address>
         <run_address>0x7340</run_address>
         <size>0x80</size>
         <input_file_ref idref="fl-b5"/>
      </object_component>
      <object_component id="oc-199">
         <name>.rtdx_text:_RTDX_Buffer_Initialize</name>
         <load_address>0x73c0</load_address>
         <run_address>0x73c0</run_address>
         <size>0x60</size>
         <input_file_ref idref="fl-b3"/>
      </object_component>
      <object_component id="oc-1a3">
         <name>.rtdx_text:_RTDX_Buffer_ReadCB</name>
         <load_address>0x7420</load_address>
         <run_address>0x7420</run_address>
         <size>0x60</size>
         <input_file_ref idref="fl-b2"/>
      </object_component>
      <object_component id="oc-1a9">
         <name>.rtdx_text:_RTDX_Buffer_Size</name>
         <load_address>0x7480</load_address>
         <run_address>0x7480</run_address>
         <size>0x40</size>
         <input_file_ref idref="fl-b3"/>
      </object_component>
      <object_component id="oc-1a6">
         <name>.rtdx_text:_RTDX_Final_RT_Monitor</name>
         <load_address>0x74c0</load_address>
         <run_address>0x74c0</run_address>
         <size>0x40</size>
         <input_file_ref idref="fl-b5"/>
      </object_component>
      <object_component id="oc-196">
         <name>.rtdx_text:_RTDX_Buffer_Read</name>
         <load_address>0x7500</load_address>
         <run_address>0x7500</run_address>
         <size>0x20</size>
         <input_file_ref idref="fl-b2"/>
      </object_component>
      <object_component id="oc-197">
         <name>.rtdx_text:_RTDX_Buffer_Write</name>
         <load_address>0x7520</load_address>
         <run_address>0x7520</run_address>
         <size>0x20</size>
         <input_file_ref idref="fl-b3"/>
      </object_component>
      <object_component id="oc-1a1">
         <name>.rtdx_text:_RTDX_checksum</name>
         <load_address>0x7540</load_address>
         <run_address>0x7540</run_address>
         <size>0x20</size>
         <input_file_ref idref="fl-b5"/>
      </object_component>
      <object_component id="oc-11a">
         <name>.rtdx_text</name>
         <load_address>0x7560</load_address>
         <run_address>0x7560</run_address>
         <size>0x20</size>
         <input_file_ref idref="fl-b4"/>
      </object_component>
      <object_component id="oc-56">
         <name>.TSK_idle$stk</name>
         <uninitialized>true</uninitialized>
         <run_address>0x8ac8</run_address>
         <size>0x400</size>
         <input_file_ref idref="fl-2"/>
      </object_component>
      <object_component id="oc-57">
         <name>.TSK0$stk</name>
         <uninitialized>true</uninitialized>
         <run_address>0x7ec8</run_address>
         <size>0x400</size>
         <input_file_ref idref="fl-2"/>
      </object_component>
      <object_component id="oc-58">
         <name>.TSK1$stk</name>
         <uninitialized>true</uninitialized>
         <run_address>0x82c8</run_address>
         <size>0x400</size>
         <input_file_ref idref="fl-2"/>
      </object_component>
      <object_component id="oc-59">
         <name>.TSK2$stk</name>
         <uninitialized>true</uninitialized>
         <run_address>0x86c8</run_address>
         <size>0x400</size>
         <input_file_ref idref="fl-2"/>
      </object_component>
      <object_component id="oc-5a">
         <name>.LOG_system$buf</name>
         <uninitialized>true</uninitialized>
         <run_address>0x9e00</run_address>
         <size>0x100</size>
         <input_file_ref idref="fl-2"/>
      </object_component>
      <object_component id="oc-159">
         <name>.const</name>
         <load_address>0x9d18</load_address>
         <run_address>0x9d18</run_address>
         <size>0x4e</size>
         <input_file_ref idref="fl-c2"/>
      </object_component>
      <object_component id="oc-8c">
         <name>.const</name>
         <load_address>0x9d66</load_address>
         <run_address>0x9d66</run_address>
         <size>0x23</size>
         <input_file_ref idref="fl-91"/>
      </object_component>
      <object_component id="oc-90">
         <name>.const</name>
         <load_address>0x9d89</load_address>
         <run_address>0x9d89</run_address>
         <size>0x22</size>
         <input_file_ref idref="fl-92"/>
      </object_component>
      <object_component id="oc-e0">
         <name>.const</name>
         <load_address>0x9dac</load_address>
         <run_address>0x9dac</run_address>
         <size>0x20</size>
         <input_file_ref idref="fl-a7"/>
      </object_component>
      <object_component id="oc-13d">
         <name>.const</name>
         <load_address>0x9dcc</load_address>
         <run_address>0x9dcc</run_address>
         <size>0x1</size>
         <input_file_ref idref="fl-bc"/>
      </object_component>
      <object_component id="oc-53">
         <name>.printf</name>
         <load_address>0x9dcd</load_address>
         <run_address>0x9dcd</run_address>
         <size>0x1a</size>
         <input_file_ref idref="fl-2"/>
      </object_component>
      <object_component id="oc-a4">
         <name>.args</name>
         <load_address>0x66dc</load_address>
         <run_address>0x66dc</run_address>
         <size>0x0</size>
         <input_file_ref idref="fl-97"/>
      </object_component>
      <object_component id="oc-37">
         <name>_SYS_PUTCBEG</name>
         <load_address>0x9994</load_address>
         <run_address>0x9994</run_address>
         <size>0x0</size>
      </object_component>
      <object_component id="oc-39">
         <name>_SYS_PUTCEND</name>
         <load_address>0x9b94</load_address>
         <run_address>0x9b94</run_address>
         <size>0x0</size>
      </object_component>
      <object_component id="oc-5b">
         <name>.log</name>
         <load_address>0x92c8</load_address>
         <run_address>0x92c8</run_address>
         <size>0x18</size>
         <input_file_ref idref="fl-2"/>
      </object_component>
      <object_component id="oc-54">
         <name>.sts</name>
         <load_address>0x9fa0</load_address>
         <run_address>0x9fa0</run_address>
         <size>0x10</size>
         <input_file_ref idref="fl-2"/>
      </object_component>
      <object_component id="oc-3f">
         <name>GBL_stackbeg</name>
         <uninitialized>true</uninitialized>
         <run_address>0x8ec8</run_address>
         <size>0x0</size>
      </object_component>
      <object_component id="oc-a5">
         <name>.stack</name>
         <uninitialized>true</uninitialized>
         <run_address>0x8ec8</run_address>
         <size>0x0</size>
         <input_file_ref idref="fl-97"/>
      </object_component>
      <object_component id="oc-1eb">
         <name>.stack</name>
         <uninitialized>true</uninitialized>
         <run_address>0x8ec8</run_address>
         <size>0x0</size>
      </object_component>
      <object_component id="oc-61">
         <name>.debug_info</name>
         <load_address>0x0</load_address>
         <run_address>0x0</run_address>
         <size>0x42e</size>
         <input_file_ref idref="fl-2"/>
      </object_component>
      <object_component id="oc-64">
         <name>.debug_info</name>
         <load_address>0x42e</load_address>
         <run_address>0x42e</run_address>
         <size>0x5d0</size>
         <input_file_ref idref="fl-3"/>
      </object_component>
      <object_component id="oc-66">
         <name>.debug_info</name>
         <load_address>0x9fe</load_address>
         <run_address>0x9fe</run_address>
         <size>0x10cf</size>
         <input_file_ref idref="fl-4"/>
      </object_component>
      <object_component id="oc-6c">
         <name>.debug_info</name>
         <load_address>0x1acd</load_address>
         <run_address>0x1acd</run_address>
         <size>0xf8</size>
         <input_file_ref idref="fl-89"/>
      </object_component>
      <object_component id="oc-72">
         <name>.debug_info</name>
         <load_address>0x1bc5</load_address>
         <run_address>0x1bc5</run_address>
         <size>0xb9</size>
         <input_file_ref idref="fl-8b"/>
      </object_component>
      <object_component id="oc-78">
         <name>.debug_info</name>
         <load_address>0x1c7e</load_address>
         <run_address>0x1c7e</run_address>
         <size>0x1a5</size>
         <input_file_ref idref="fl-8c"/>
      </object_component>
      <object_component id="oc-7d">
         <name>.debug_info</name>
         <load_address>0x1e23</load_address>
         <run_address>0x1e23</run_address>
         <size>0x13c</size>
         <input_file_ref idref="fl-8d"/>
      </object_component>
      <object_component id="oc-80">
         <name>.debug_info</name>
         <load_address>0x1f5f</load_address>
         <run_address>0x1f5f</run_address>
         <size>0x607</size>
         <input_file_ref idref="fl-8e"/>
      </object_component>
      <object_component id="oc-83">
         <name>.debug_info</name>
         <load_address>0x2566</load_address>
         <run_address>0x2566</run_address>
         <size>0x6f0</size>
         <input_file_ref idref="fl-8f"/>
      </object_component>
      <object_component id="oc-86">
         <name>.debug_info</name>
         <load_address>0x2c56</load_address>
         <run_address>0x2c56</run_address>
         <size>0xf1f</size>
         <input_file_ref idref="fl-90"/>
      </object_component>
      <object_component id="oc-8b">
         <name>.debug_info</name>
         <load_address>0x3b75</load_address>
         <run_address>0x3b75</run_address>
         <size>0x7fd</size>
         <input_file_ref idref="fl-91"/>
      </object_component>
      <object_component id="oc-8f">
         <name>.debug_info</name>
         <load_address>0x4372</load_address>
         <run_address>0x4372</run_address>
         <size>0x7ea</size>
         <input_file_ref idref="fl-92"/>
      </object_component>
      <object_component id="oc-93">
         <name>.debug_info</name>
         <load_address>0x4b5c</load_address>
         <run_address>0x4b5c</run_address>
         <size>0x6d9</size>
         <input_file_ref idref="fl-93"/>
      </object_component>
      <object_component id="oc-98">
         <name>.debug_info</name>
         <load_address>0x5235</load_address>
         <run_address>0x5235</run_address>
         <size>0x690</size>
         <input_file_ref idref="fl-94"/>
      </object_component>
      <object_component id="oc-9c">
         <name>.debug_info</name>
         <load_address>0x58c5</load_address>
         <run_address>0x58c5</run_address>
         <size>0x112</size>
         <input_file_ref idref="fl-95"/>
      </object_component>
      <object_component id="oc-a0">
         <name>.debug_info</name>
         <load_address>0x59d7</load_address>
         <run_address>0x59d7</run_address>
         <size>0x106</size>
         <input_file_ref idref="fl-96"/>
      </object_component>
      <object_component id="oc-a3">
         <name>.debug_info</name>
         <load_address>0x5add</load_address>
         <run_address>0x5add</run_address>
         <size>0x65a</size>
         <input_file_ref idref="fl-97"/>
      </object_component>
      <object_component id="oc-ac">
         <name>.debug_info</name>
         <load_address>0x6137</load_address>
         <run_address>0x6137</run_address>
         <size>0xaa</size>
         <input_file_ref idref="fl-9a"/>
      </object_component>
      <object_component id="oc-b1">
         <name>.debug_info</name>
         <load_address>0x61e1</load_address>
         <run_address>0x61e1</run_address>
         <size>0x11b</size>
         <input_file_ref idref="fl-9b"/>
      </object_component>
      <object_component id="oc-b5">
         <name>.debug_info</name>
         <load_address>0x62fc</load_address>
         <run_address>0x62fc</run_address>
         <size>0xaa</size>
         <input_file_ref idref="fl-9c"/>
      </object_component>
      <object_component id="oc-b9">
         <name>.debug_info</name>
         <load_address>0x63a6</load_address>
         <run_address>0x63a6</run_address>
         <size>0x10c</size>
         <input_file_ref idref="fl-9d"/>
      </object_component>
      <object_component id="oc-bd">
         <name>.debug_info</name>
         <load_address>0x64b2</load_address>
         <run_address>0x64b2</run_address>
         <size>0xd8</size>
         <input_file_ref idref="fl-9e"/>
      </object_component>
      <object_component id="oc-c1">
         <name>.debug_info</name>
         <load_address>0x658a</load_address>
         <run_address>0x658a</run_address>
         <size>0x106</size>
         <input_file_ref idref="fl-9f"/>
      </object_component>
      <object_component id="oc-c5">
         <name>.debug_info</name>
         <load_address>0x6690</load_address>
         <run_address>0x6690</run_address>
         <size>0x60b</size>
         <input_file_ref idref="fl-a0"/>
      </object_component>
      <object_component id="oc-c8">
         <name>.debug_info</name>
         <load_address>0x6c9b</load_address>
         <run_address>0x6c9b</run_address>
         <size>0x5e5</size>
         <input_file_ref idref="fl-a1"/>
      </object_component>
      <object_component id="oc-cb">
         <name>.debug_info</name>
         <load_address>0x7280</load_address>
         <run_address>0x7280</run_address>
         <size>0xb4</size>
         <input_file_ref idref="fl-a2"/>
      </object_component>
      <object_component id="oc-cf">
         <name>.debug_info</name>
         <load_address>0x7334</load_address>
         <run_address>0x7334</run_address>
         <size>0xb1</size>
         <input_file_ref idref="fl-a3"/>
      </object_component>
      <object_component id="oc-d7">
         <name>.debug_info</name>
         <load_address>0x73e5</load_address>
         <run_address>0x73e5</run_address>
         <size>0x4c3</size>
         <input_file_ref idref="fl-a5"/>
      </object_component>
      <object_component id="oc-dc">
         <name>.debug_info</name>
         <load_address>0x78a8</load_address>
         <run_address>0x78a8</run_address>
         <size>0x60b</size>
         <input_file_ref idref="fl-a6"/>
      </object_component>
      <object_component id="oc-e2">
         <name>.debug_info</name>
         <load_address>0x7eb3</load_address>
         <run_address>0x7eb3</run_address>
         <size>0x8a7</size>
         <input_file_ref idref="fl-a7"/>
      </object_component>
      <object_component id="oc-e4">
         <name>.debug_info</name>
         <load_address>0x875a</load_address>
         <run_address>0x875a</run_address>
         <size>0x7ee</size>
         <input_file_ref idref="fl-a8"/>
      </object_component>
      <object_component id="oc-e9">
         <name>.debug_info</name>
         <load_address>0x8f48</load_address>
         <run_address>0x8f48</run_address>
         <size>0xb9</size>
         <input_file_ref idref="fl-a9"/>
      </object_component>
      <object_component id="oc-ed">
         <name>.debug_info</name>
         <load_address>0x9001</load_address>
         <run_address>0x9001</run_address>
         <size>0x116</size>
         <input_file_ref idref="fl-aa"/>
      </object_component>
      <object_component id="oc-f1">
         <name>.debug_info</name>
         <load_address>0x9117</load_address>
         <run_address>0x9117</run_address>
         <size>0xbd9</size>
         <input_file_ref idref="fl-ab"/>
      </object_component>
      <object_component id="oc-f5">
         <name>.debug_info</name>
         <load_address>0x9cf0</load_address>
         <run_address>0x9cf0</run_address>
         <size>0xbb1</size>
         <input_file_ref idref="fl-ac"/>
      </object_component>
      <object_component id="oc-fa">
         <name>.debug_info</name>
         <load_address>0xa8a1</load_address>
         <run_address>0xa8a1</run_address>
         <size>0x109</size>
         <input_file_ref idref="fl-ad"/>
      </object_component>
      <object_component id="oc-fd">
         <name>.debug_info</name>
         <load_address>0xa9aa</load_address>
         <run_address>0xa9aa</run_address>
         <size>0x8c8</size>
         <input_file_ref idref="fl-ae"/>
      </object_component>
      <object_component id="oc-101">
         <name>.debug_info</name>
         <load_address>0xb272</load_address>
         <run_address>0xb272</run_address>
         <size>0x981</size>
         <input_file_ref idref="fl-af"/>
      </object_component>
      <object_component id="oc-105">
         <name>.debug_info</name>
         <load_address>0xbbf3</load_address>
         <run_address>0xbbf3</run_address>
         <size>0xe4a</size>
         <input_file_ref idref="fl-b0"/>
      </object_component>
      <object_component id="oc-109">
         <name>.debug_info</name>
         <load_address>0xca3d</load_address>
         <run_address>0xca3d</run_address>
         <size>0x6b8</size>
         <input_file_ref idref="fl-b1"/>
      </object_component>
      <object_component id="oc-10f">
         <name>.debug_info</name>
         <load_address>0xd0f5</load_address>
         <run_address>0xd0f5</run_address>
         <size>0xa7f</size>
         <input_file_ref idref="fl-b2"/>
      </object_component>
      <object_component id="oc-113">
         <name>.debug_info</name>
         <load_address>0xdb74</load_address>
         <run_address>0xdb74</run_address>
         <size>0x1201</size>
         <input_file_ref idref="fl-b3"/>
      </object_component>
      <object_component id="oc-119">
         <name>.debug_info</name>
         <load_address>0xed75</load_address>
         <run_address>0xed75</run_address>
         <size>0x5c1</size>
         <input_file_ref idref="fl-b4"/>
      </object_component>
      <object_component id="oc-11d">
         <name>.debug_info</name>
         <load_address>0xf336</load_address>
         <run_address>0xf336</run_address>
         <size>0xc80</size>
         <input_file_ref idref="fl-b5"/>
      </object_component>
      <object_component id="oc-123">
         <name>.debug_info</name>
         <load_address>0xffb6</load_address>
         <run_address>0xffb6</run_address>
         <size>0xc0</size>
         <input_file_ref idref="fl-b6"/>
      </object_component>
      <object_component id="oc-126">
         <name>.debug_info</name>
         <load_address>0x10076</load_address>
         <run_address>0x10076</run_address>
         <size>0x1032</size>
         <input_file_ref idref="fl-b7"/>
      </object_component>
      <object_component id="oc-12b">
         <name>.debug_info</name>
         <load_address>0x110a8</load_address>
         <run_address>0x110a8</run_address>
         <size>0xbd</size>
         <input_file_ref idref="fl-b8"/>
      </object_component>
      <object_component id="oc-12e">
         <name>.debug_info</name>
         <load_address>0x11165</load_address>
         <run_address>0x11165</run_address>
         <size>0xc5e</size>
         <input_file_ref idref="fl-b9"/>
      </object_component>
      <object_component id="oc-133">
         <name>.debug_info</name>
         <load_address>0x11dc3</load_address>
         <run_address>0x11dc3</run_address>
         <size>0xaa</size>
         <input_file_ref idref="fl-ba"/>
      </object_component>
      <object_component id="oc-13a">
         <name>.debug_info</name>
         <load_address>0x11e6d</load_address>
         <run_address>0x11e6d</run_address>
         <size>0xa57</size>
         <input_file_ref idref="fl-bc"/>
      </object_component>
      <object_component id="oc-13f">
         <name>.debug_info</name>
         <load_address>0x128c4</load_address>
         <run_address>0x128c4</run_address>
         <size>0xda7</size>
         <input_file_ref idref="fl-bd"/>
      </object_component>
      <object_component id="oc-143">
         <name>.debug_info</name>
         <load_address>0x1366b</load_address>
         <run_address>0x1366b</run_address>
         <size>0x7a6</size>
         <input_file_ref idref="fl-be"/>
      </object_component>
      <object_component id="oc-148">
         <name>.debug_info</name>
         <load_address>0x13e11</load_address>
         <run_address>0x13e11</run_address>
         <size>0x659</size>
         <input_file_ref idref="fl-bf"/>
      </object_component>
      <object_component id="oc-14c">
         <name>.debug_info</name>
         <load_address>0x1446a</load_address>
         <run_address>0x1446a</run_address>
         <size>0x970</size>
         <input_file_ref idref="fl-c0"/>
      </object_component>
      <object_component id="oc-150">
         <name>.debug_info</name>
         <load_address>0x14dda</load_address>
         <run_address>0x14dda</run_address>
         <size>0xcf1</size>
         <input_file_ref idref="fl-c1"/>
      </object_component>
      <object_component id="oc-155">
         <name>.debug_info</name>
         <load_address>0x15acb</load_address>
         <run_address>0x15acb</run_address>
         <size>0xfe5</size>
         <input_file_ref idref="fl-c2"/>
      </object_component>
      <object_component id="oc-15c">
         <name>.debug_info</name>
         <load_address>0x16ab0</load_address>
         <run_address>0x16ab0</run_address>
         <size>0xbb3</size>
         <input_file_ref idref="fl-c3"/>
      </object_component>
      <object_component id="oc-161">
         <name>.debug_info</name>
         <load_address>0x17663</load_address>
         <run_address>0x17663</run_address>
         <size>0xb6</size>
         <input_file_ref idref="fl-c4"/>
      </object_component>
      <object_component id="oc-164">
         <name>.debug_info</name>
         <load_address>0x17719</load_address>
         <run_address>0x17719</run_address>
         <size>0x723</size>
         <input_file_ref idref="fl-c5"/>
      </object_component>
      <object_component id="oc-169">
         <name>.debug_info</name>
         <load_address>0x17e3c</load_address>
         <run_address>0x17e3c</run_address>
         <size>0xdd7</size>
         <input_file_ref idref="fl-c6"/>
      </object_component>
      <object_component id="oc-172">
         <name>.debug_info</name>
         <load_address>0x18c13</load_address>
         <run_address>0x18c13</run_address>
         <size>0xd12</size>
         <input_file_ref idref="fl-c8"/>
      </object_component>
      <object_component id="oc-176">
         <name>.debug_info</name>
         <load_address>0x19925</load_address>
         <run_address>0x19925</run_address>
         <size>0x821</size>
         <input_file_ref idref="fl-c9"/>
      </object_component>
      <object_component id="oc-17a">
         <name>.debug_info</name>
         <load_address>0x1a146</load_address>
         <run_address>0x1a146</run_address>
         <size>0x721</size>
         <input_file_ref idref="fl-ca"/>
      </object_component>
      <object_component id="oc-17f">
         <name>.debug_info</name>
         <load_address>0x1a867</load_address>
         <run_address>0x1a867</run_address>
         <size>0xd9</size>
         <input_file_ref idref="fl-cb"/>
      </object_component>
      <object_component id="oc-182">
         <name>.debug_info</name>
         <load_address>0x1a940</load_address>
         <run_address>0x1a940</run_address>
         <size>0x7f4</size>
         <input_file_ref idref="fl-cc"/>
      </object_component>
      <object_component id="oc-187">
         <name>.debug_info</name>
         <load_address>0x1b134</load_address>
         <run_address>0x1b134</run_address>
         <size>0x86b</size>
         <input_file_ref idref="fl-cd"/>
      </object_component>
      <object_component id="oc-18c">
         <name>.debug_info</name>
         <load_address>0x1b99f</load_address>
         <run_address>0x1b99f</run_address>
         <size>0x6e1</size>
         <input_file_ref idref="fl-ce"/>
      </object_component>
      <object_component id="oc-191">
         <name>.debug_info</name>
         <load_address>0x1c080</load_address>
         <run_address>0x1c080</run_address>
         <size>0x791</size>
         <input_file_ref idref="fl-cf"/>
      </object_component>
      <object_component id="oc-1ec">
         <name>.debug_info</name>
         <load_address>0x1c811</load_address>
         <run_address>0x1c811</run_address>
         <size>0x6d</size>
      </object_component>
      <object_component id="oc-62">
         <name>.debug_line</name>
         <load_address>0x0</load_address>
         <run_address>0x0</run_address>
         <size>0x261</size>
         <input_file_ref idref="fl-2"/>
      </object_component>
      <object_component id="oc-6a">
         <name>.debug_line</name>
         <load_address>0x261</load_address>
         <run_address>0x261</run_address>
         <size>0x128</size>
         <input_file_ref idref="fl-4"/>
      </object_component>
      <object_component id="oc-6d">
         <name>.debug_line</name>
         <load_address>0x389</load_address>
         <run_address>0x389</run_address>
         <size>0x75</size>
         <input_file_ref idref="fl-89"/>
      </object_component>
      <object_component id="oc-73">
         <name>.debug_line</name>
         <load_address>0x3fe</load_address>
         <run_address>0x3fe</run_address>
         <size>0xc4</size>
         <input_file_ref idref="fl-8b"/>
      </object_component>
      <object_component id="oc-79">
         <name>.debug_line</name>
         <load_address>0x4c2</load_address>
         <run_address>0x4c2</run_address>
         <size>0x1db</size>
         <input_file_ref idref="fl-8c"/>
      </object_component>
      <object_component id="oc-7e">
         <name>.debug_line</name>
         <load_address>0x69d</load_address>
         <run_address>0x69d</run_address>
         <size>0x139</size>
         <input_file_ref idref="fl-8d"/>
      </object_component>
      <object_component id="oc-81">
         <name>.debug_line</name>
         <load_address>0x7d6</load_address>
         <run_address>0x7d6</run_address>
         <size>0x3e</size>
         <input_file_ref idref="fl-8e"/>
      </object_component>
      <object_component id="oc-84">
         <name>.debug_line</name>
         <load_address>0x814</load_address>
         <run_address>0x814</run_address>
         <size>0x47</size>
         <input_file_ref idref="fl-8f"/>
      </object_component>
      <object_component id="oc-89">
         <name>.debug_line</name>
         <load_address>0x85b</load_address>
         <run_address>0x85b</run_address>
         <size>0x61</size>
         <input_file_ref idref="fl-90"/>
      </object_component>
      <object_component id="oc-8d">
         <name>.debug_line</name>
         <load_address>0x8bc</load_address>
         <run_address>0x8bc</run_address>
         <size>0x40</size>
         <input_file_ref idref="fl-91"/>
      </object_component>
      <object_component id="oc-91">
         <name>.debug_line</name>
         <load_address>0x8fc</load_address>
         <run_address>0x8fc</run_address>
         <size>0x40</size>
         <input_file_ref idref="fl-92"/>
      </object_component>
      <object_component id="oc-96">
         <name>.debug_line</name>
         <load_address>0x93c</load_address>
         <run_address>0x93c</run_address>
         <size>0x40</size>
         <input_file_ref idref="fl-93"/>
      </object_component>
      <object_component id="oc-99">
         <name>.debug_line</name>
         <load_address>0x97c</load_address>
         <run_address>0x97c</run_address>
         <size>0x43</size>
         <input_file_ref idref="fl-94"/>
      </object_component>
      <object_component id="oc-9d">
         <name>.debug_line</name>
         <load_address>0x9bf</load_address>
         <run_address>0x9bf</run_address>
         <size>0xb3</size>
         <input_file_ref idref="fl-95"/>
      </object_component>
      <object_component id="oc-a1">
         <name>.debug_line</name>
         <load_address>0xa72</load_address>
         <run_address>0xa72</run_address>
         <size>0x6d</size>
[...]
         <object_component_ref idref="oc-ce"/>
      </symbol>
      <symbol id="sm-3f5">
         <name>_CSL6713_LIB_</name>
         <value>0x5740</value>
         <object_component_ref idref="oc-19f"/>
      </symbol>
      <symbol id="sm-3f6">
         <name>__CSL_init</name>
         <value>0x4a80</value>
         <object_component_ref idref="oc-1a0"/>
      </symbol>
      <symbol id="sm-400">
         <name>_DSK6713_DIP_init</name>
         <value>0x5680</value>
         <object_component_ref idref="oc-d5"/>
      </symbol>
      <symbol id="sm-401">
         <name>_DSK6713_DIP_get</name>
         <value>0x5688</value>
         <object_component_ref idref="oc-d5"/>
      </symbol>
      <symbol id="sm-40d">
         <name>_DSK6713_LED_init</name>
         <value>0x48a0</value>
         <object_component_ref idref="oc-d9"/>
      </symbol>
      <symbol id="sm-40e">
         <name>_DSK6713_LED_on</name>
         <value>0x4950</value>
         <object_component_ref idref="oc-d9"/>
      </symbol>
      <symbol id="sm-40f">
         <name>_DSK6713_LED_toggle</name>
         <value>0x49c0</value>
         <object_component_ref idref="oc-d9"/>
      </symbol>
      <symbol id="sm-410">
         <name>_DSK6713_LED_off</name>
         <value>0x48e0</value>
         <object_component_ref idref="oc-d9"/>
      </symbol>
      <symbol id="sm-41e">
         <name>_DSK6713_init</name>
         <value>0x3f4c</value>
         <object_component_ref idref="oc-de"/>
      </symbol>
      <symbol id="sm-41f">
         <name>_DSK6713_version</name>
         <value>0x7a78</value>
         <object_component_ref idref="oc-df"/>
      </symbol>
      <symbol id="sm-420">
         <name>_DSK6713_rget</name>
         <value>0x4268</value>
         <object_component_ref idref="oc-de"/>
      </symbol>
      <symbol id="sm-421">
         <name>_DSK6713_wait</name>
         <value>0x4290</value>
         <object_component_ref idref="oc-de"/>
      </symbol>
      <symbol id="sm-422">
         <name>_DSK6713_rset</name>
         <value>0x427c</value>
         <object_component_ref idref="oc-de"/>
      </symbol>
      <symbol id="sm-423">
         <name>_DSK6713_waitusec</name>
         <value>0x42e8</value>
         <object_component_ref idref="oc-de"/>
      </symbol>
      <symbol id="sm-424">
         <name>_DSK6713_getVersion</name>
         <value>0x4314</value>
         <object_component_ref idref="oc-de"/>
      </symbol>
      <symbol id="sm-42e">
         <name>_GBL_cslCacheInit</name>
         <value>0x32c0</value>
         <object_component_ref idref="oc-e5"/>
      </symbol>
      <symbol id="sm-436">
         <name>GBL_A_VERSION</name>
         <value>0x5205</value>
      </symbol>
      <symbol id="sm-437">
         <name>_GBL_getVersion</name>
         <value>0x3e60</value>
         <object_component_ref idref="oc-e8"/>
      </symbol>
      <symbol id="sm-43f">
         <name>_HWI_restore</name>
         <value>0x3bac</value>
         <object_component_ref idref="oc-ec"/>
      </symbol>
      <symbol id="sm-440">
         <name>_HWI_enable</name>
         <value>0x3b98</value>
         <object_component_ref idref="oc-ec"/>
      </symbol>
      <symbol id="sm-441">
         <name>_HWI_disable</name>
         <value>0x3b80</value>
         <object_component_ref idref="oc-ec"/>
      </symbol>
      <symbol id="sm-44d">
         <name>_KNL_maxqueue</name>
         <value>0x9918</value>
         <object_component_ref idref="oc-f0"/>
      </symbol>
      <symbol id="sm-44e">
         <name>_KNL_inactive</name>
         <value>0x98f8</value>
         <object_component_ref idref="oc-f0"/>
      </symbol>
      <symbol id="sm-44f">
         <name>_KNL_tswitchfxn</name>
         <value>0x991c</value>
         <object_component_ref idref="oc-f0"/>
      </symbol>
      <symbol id="sm-450">
         <name>_KNL_setpri</name>
         <value>0x98f4</value>
         <object_component_ref idref="oc-f0"/>
      </symbol>
      <symbol id="sm-451">
         <name>_KNL_swiptr</name>
         <value>0x9910</value>
         <object_component_ref idref="oc-f0"/>
      </symbol>
      <symbol id="sm-452">
         <name>_KNL_dummy</name>
         <value>0x789c</value>
         <object_component_ref idref="oc-f3"/>
      </symbol>
      <symbol id="sm-453">
         <name>_KNL_curtask</name>
         <value>0x9904</value>
         <object_component_ref idref="oc-f0"/>
      </symbol>
      <symbol id="sm-454">
         <name>_KNL_curqueue</name>
         <value>0x9914</value>
         <object_component_ref idref="oc-f0"/>
      </symbol>
      <symbol id="sm-455">
         <name>_KNL_wList</name>
         <value>0x98ec</value>
         <object_component_ref idref="oc-f0"/>
      </symbol>
      <symbol id="sm-456">
         <name>_KNL_curtime</name>
         <value>0x990c</value>
         <object_component_ref idref="oc-f0"/>
      </symbol>
      <symbol id="sm-457">
         <name>_KNL_set</name>
         <value>0x9900</value>
         <object_component_ref idref="oc-f0"/>
      </symbol>
      <symbol id="sm-458">
         <name>_KNL_alarm</name>
         <value>0x98f0</value>
         <object_component_ref idref="oc-f0"/>
      </symbol>
      <symbol id="sm-459">
         <name>_KNL_prevtask</name>
         <value>0x9908</value>
         <object_component_ref idref="oc-f0"/>
      </symbol>
      <symbol id="sm-45a">
         <name>_KNL_queues</name>
         <value>0x77fc</value>
         <object_component_ref idref="oc-f3"/>
      </symbol>
      <symbol id="sm-45b">
         <name>_KNL_idlefxn</name>
         <value>0x992c</value>
         <object_component_ref idref="oc-f0"/>
      </symbol>
      <symbol id="sm-45c">
         <name>_KNL_priority</name>
         <value>0x98fc</value>
         <object_component_ref idref="oc-f0"/>
      </symbol>
      <symbol id="sm-45d">
         <name>_KNL_treadyfxn</name>
         <value>0x9928</value>
         <object_component_ref idref="oc-f0"/>
      </symbol>
      <symbol id="sm-45e">
         <name>_KNL_tcreatefxn</name>
         <value>0x9920</value>
         <object_component_ref idref="oc-f0"/>
      </symbol>
      <symbol id="sm-45f">
         <name>_KNL_wFlag</name>
         <value>0x98e8</value>
         <object_component_ref idref="oc-f0"/>
      </symbol>
      <symbol id="sm-460">
         <name>_KNL_tdeletefxn</name>
         <value>0x9924</value>
         <object_component_ref idref="oc-f0"/>
      </symbol>
      <symbol id="sm-46a">
         <name>_KNL_exit</name>
         <value>0x33a0</value>
         <object_component_ref idref="oc-f6"/>
      </symbol>
      <symbol id="sm-46b">
         <name>_KNL_enter</name>
         <value>0x33f4</value>
         <object_component_ref idref="oc-f6"/>
      </symbol>
      <symbol id="sm-473">
         <name>__KNL_lat1beg</name>
         <value>0x31d0</value>
         <object_component_ref idref="oc-f9"/>
      </symbol>
      <symbol id="sm-474">
         <name>__KNL_lat1end</name>
         <value>0x3258</value>
         <object_component_ref idref="oc-f9"/>
      </symbol>
      <symbol id="sm-475">
         <name>_KNL_max</name>
         <value>0x327c</value>
         <object_component_ref idref="oc-f9"/>
      </symbol>
      <symbol id="sm-476">
         <name>_KNL_check</name>
         <value>0x3180</value>
         <object_component_ref idref="oc-f9"/>
      </symbol>
      <symbol id="sm-477">
         <name>_KNL_idle</name>
         <value>0x3258</value>
         <object_component_ref idref="oc-f9"/>
      </symbol>
      <symbol id="sm-481">
         <name>_KNL_post</name>
         <value>0x3700</value>
         <object_component_ref idref="oc-fe"/>
      </symbol>
      <symbol id="sm-48b">
         <name>_KNL_ipost</name>
         <value>0x3640</value>
         <object_component_ref idref="oc-102"/>
      </symbol>
      <symbol id="sm-495">
         <name>_KNL_run</name>
         <value>0x1b20</value>
         <object_component_ref idref="oc-106"/>
      </symbol>
      <symbol id="sm-4a3">
         <name>_OBJ_table</name>
         <value>0x7930</value>
         <object_component_ref idref="oc-10b"/>
      </symbol>
      <symbol id="sm-4a4">
         <name>_OBJ_init</name>
         <value>0x9660</value>
         <object_component_ref idref="oc-10c"/>
      </symbol>
      <symbol id="sm-4a5">
         <name>_OBJ_segtab</name>
         <value>0x7968</value>
         <object_component_ref idref="oc-10b"/>
      </symbol>
      <symbol id="sm-4b1">
         <name>_RTDX_Buffer_ReadCB</name>
         <value>0x7420</value>
         <object_component_ref idref="oc-1a3"/>
      </symbol>
      <symbol id="sm-4b2">
         <name>RTDX_NORMALIZED_HDR</name>
         <value>0x1</value>
      </symbol>
      <symbol id="sm-4b3">
         <name>_RTDX_Buffer_Read</name>
         <value>0x7500</value>
         <object_component_ref idref="oc-196"/>
      </symbol>
      <symbol id="sm-4cf">
         <name>_rtdx_buffer_state</name>
         <value>0x7e8c</value>
         <object_component_ref idref="oc-115"/>
      </symbol>
      <symbol id="sm-4d0">
         <name>_RTDX_Buffer_WriteCB</name>
         <value>0x6ae0</value>
         <object_component_ref idref="oc-1a4"/>
      </symbol>
      <symbol id="sm-4d1">
         <name>_rtdxNullChanCnt</name>
         <value>0x9968</value>
         <object_component_ref idref="oc-112"/>
      </symbol>
      <symbol id="sm-4d2">
         <name>_RTDX_writing</name>
         <value>0x7e98</value>
         <object_component_ref idref="oc-115"/>
      </symbol>
      <symbol id="sm-4d3">
         <name>_RTDX_Buffer_Initialize</name>
         <value>0x73c0</value>
         <object_component_ref idref="oc-199"/>
      </symbol>
      <symbol id="sm-4d4">
         <name>_RTDX_Buffer_Write</name>
         <value>0x7520</value>
         <object_component_ref idref="oc-197"/>
      </symbol>
      <symbol id="sm-4d5">
         <name>_rtdxNullFuncCnt</name>
         <value>0x996c</value>
         <object_component_ref idref="oc-112"/>
      </symbol>
      <symbol id="sm-4d6">
         <name>_RTDX_Buffer_Size</name>
         <value>0x7480</value>
         <object_component_ref idref="oc-1a9"/>
      </symbol>
      <symbol id="sm-4e0">
         <name>_RTDX_Mask_IER</name>
         <value>0x7560</value>
         <object_component_ref idref="oc-11a"/>
      </symbol>
      <symbol id="sm-4f8">
         <name>_RTDX_Mon_Queue</name>
         <value>0x7120</value>
         <object_component_ref idref="oc-1ac"/>
      </symbol>
      <symbol id="sm-4f9">
         <name>_rtdx_mon_state</name>
         <value>0x7eac</value>
         <object_component_ref idref="oc-11e"/>
      </symbol>
      <symbol id="sm-4fa">
         <name>_RTDX_JTAGONLY</name>
         <value>0x2</value>
      </symbol>
      <symbol id="sm-4fb">
         <name>_RTDX_Final_RT_Monitor</name>
         <value>0x74c0</value>
         <object_component_ref idref="oc-1a6"/>
      </symbol>
      <symbol id="sm-4fc">
         <name>_RTDX_Poll</name>
         <value>0x66e0</value>
         <object_component_ref idref="oc-195"/>
      </symbol>
      <symbol id="sm-4fd">
         <name>_RTDX_Init_RT_Monitor</name>
         <value>0x7340</value>
         <object_component_ref idref="oc-19a"/>
      </symbol>
      <symbol id="sm-505">
         <name>_SEM_pendBinary</name>
         <value>0x3be0</value>
         <object_component_ref idref="oc-122"/>
      </symbol>
      <symbol id="sm-50f">
         <name>_SEM_pendEnterKnl</name>
         <value>0x1de0</value>
         <object_component_ref idref="oc-127"/>
      </symbol>
      <symbol id="sm-517">
         <name>_SEM_postBinary</name>
         <value>0x3560</value>
         <object_component_ref idref="oc-12a"/>
      </symbol>
      <symbol id="sm-518">
         <name>_SEM_post</name>
         <value>0x3560</value>
         <object_component_ref idref="oc-12a"/>
      </symbol>
      <symbol id="sm-522">
         <name>_SEM_postEnterKnl</name>
         <value>0x3480</value>
         <object_component_ref idref="oc-12f"/>
      </symbol>
      <symbol id="sm-52a">
         <name>_STS_set</name>
         <value>0x3ea0</value>
         <object_component_ref idref="oc-132"/>
      </symbol>
      <symbol id="sm-536">
         <name>_TIMER_reset</name>
         <value>0x5080</value>
         <object_component_ref idref="oc-1af"/>
      </symbol>
      <symbol id="sm-537">
         <name>_TIMER_open</name>
         <value>0x4dc0</value>
         <object_component_ref idref="oc-1a8"/>
      </symbol>
      <symbol id="sm-538">
         <name>__TIMER_hDev0</name>
         <value>0x7a14</value>
         <object_component_ref idref="oc-137"/>
      </symbol>
      <symbol id="sm-539">
         <name>__TIMER_hDev1</name>
         <value>0x7a18</value>
         <object_component_ref idref="oc-137"/>
      </symbol>
      <symbol id="sm-53a">
         <name>__TIMER_hBios</name>
         <value>0x7a1c</value>
         <object_component_ref idref="oc-137"/>
      </symbol>
      <symbol id="sm-53b">
         <name>__TIMER_deviceTable</name>
         <value>0x79fc</value>
         <object_component_ref idref="oc-137"/>
      </symbol>
      <symbol id="sm-549">
         <name>_TSK_nTasks</name>
         <value>0x9970</value>
         <object_component_ref idref="oc-139"/>
      </symbol>
      <symbol id="sm-54a">
         <name>_TSK_config</name>
         <value>0x78f0</value>
         <object_component_ref idref="oc-13c"/>
      </symbol>
      <symbol id="sm-54b">
         <name>_TSK</name>
         <value>0x9978</value>
         <object_component_ref idref="oc-139"/>
      </symbol>
      <symbol id="sm-54c">
         <name>_TSK_timerSem</name>
         <value>0x7910</value>
         <object_component_ref idref="oc-13c"/>
      </symbol>
      <symbol id="sm-54d">
         <name>_TSK_pid</name>
         <value>0x9974</value>
         <object_component_ref idref="oc-139"/>
      </symbol>
      <symbol id="sm-54e">
         <name>_TSK_ATTRS</name>
         <value>0x78d4</value>
         <object_component_ref idref="oc-13c"/>
      </symbol>
      <symbol id="sm-558">
         <name>_TSK_exit</name>
         <value>0x2ce0</value>
         <object_component_ref idref="oc-140"/>
      </symbol>
      <symbol id="sm-562">
         <name>_SYS_exit</name>
         <value>0x3880</value>
         <object_component_ref idref="oc-144"/>
      </symbol>
      <symbol id="sm-56e">
         <name>_SYS_exitStack</name>
         <value>0x7a20</value>
         <object_component_ref idref="oc-14a"/>
      </symbol>
      <symbol id="sm-56f">
         <name>_SYS_exitStackPtr</name>
         <value>0x9984</value>
         <object_component_ref idref="oc-147"/>
      </symbol>
      <symbol id="sm-570">
         <name>_SYS_exitStackTop</name>
         <value>0x9988</value>
         <object_component_ref idref="oc-147"/>
      </symbol>
      <symbol id="sm-57a">
         <name>_TSK_init</name>
         <value>0x95e0</value>
         <object_component_ref idref="oc-14d"/>
      </symbol>
      <symbol id="sm-584">
         <name>_TSK_setup</name>
         <value>0x2760</value>
         <object_component_ref idref="oc-151"/>
      </symbol>
      <symbol id="sm-596">
         <name>__MEM_mutex</name>
         <value>0x79ac</value>
         <object_component_ref idref="oc-157"/>
      </symbol>
      <symbol id="sm-597">
         <name>_TSK_startup</name>
         <value>0x30c0</value>
         <object_component_ref idref="oc-158"/>
      </symbol>
      <symbol id="sm-598">
         <name>__TSK_mutex</name>
         <value>0x7984</value>
         <object_component_ref idref="oc-157"/>
      </symbol>
      <symbol id="sm-5a2">
         <name>_LCK_pend</name>
         <value>0x37f0</value>
         <object_component_ref idref="oc-15d"/>
      </symbol>
      <symbol id="sm-5a3">
         <name>_LCK_post</name>
         <value>0x37c0</value>
         <object_component_ref idref="oc-15d"/>
      </symbol>
      <symbol id="sm-5ab">
         <name>_SEM_pend</name>
         <value>0x3c40</value>
         <object_component_ref idref="oc-160"/>
      </symbol>
      <symbol id="sm-5b5">
         <name>_SYS_abort</name>
         <value>0x3ca0</value>
         <object_component_ref idref="oc-165"/>
      </symbol>
      <symbol id="sm-5c3">
         <name>__GBL_setL2CacheMode</name>
         <value>0xc34</value>
         <object_component_ref idref="oc-16b"/>
      </symbol>
      <symbol id="sm-5d3">
         <name>__IRQ_eventTable</name>
         <value>0x7730</value>
         <object_component_ref idref="oc-170"/>
      </symbol>
      <symbol id="sm-5d4">
         <name>__IRQ_intTable</name>
         <value>0x77b4</value>
         <object_component_ref idref="oc-170"/>
      </symbol>
      <symbol id="sm-5d5">
         <name>__IRQ_init</name>
         <value>0x5600</value>
         <object_component_ref idref="oc-1a7"/>
      </symbol>
      <symbol id="sm-5d6">
         <name>__IRQ_dispatchTable</name>
         <value>0x77f4</value>
         <object_component_ref idref="oc-170"/>
      </symbol>
      <symbol id="sm-5d7">
         <name>__IRQ_hookFetchPacket</name>
         <value>0x57c0</value>
         <object_component_ref idref="oc-16e"/>
      </symbol>
      <symbol id="sm-5e1">
         <name>__SEM_dopost</name>
         <value>0x2540</value>
         <object_component_ref idref="oc-173"/>
      </symbol>
      <symbol id="sm-5eb">
         <name>__auto_init</name>
         <value>0x2e80</value>
         <object_component_ref idref="oc-177"/>
      </symbol>
      <symbol id="sm-5fd">
         <name>__unlock</name>
         <value>0x7a6c</value>
         <object_component_ref idref="oc-17c"/>
      </symbol>
      <symbol id="sm-5fe">
         <name>__lock</name>
         <value>0x7a68</value>
         <object_component_ref idref="oc-17c"/>
      </symbol>
      <symbol id="sm-5ff">
         <name>__register_lock</name>
         <value>0x5780</value>
         <object_component_ref idref="oc-19b"/>
      </symbol>
      <symbol id="sm-600">
         <name>__nop</name>
         <value>0x5760</value>
         <object_component_ref idref="oc-19e"/>
      </symbol>
      <symbol id="sm-601">
         <name>__register_unlock</name>
         <value>0x57a0</value>
         <object_component_ref idref="oc-19c"/>
      </symbol>
      <symbol id="sm-609">
         <name>__strasg</name>
         <value>0x52c0</value>
         <object_component_ref idref="oc-198"/>
      </symbol>
      <symbol id="sm-617">
         <name>_atexit</name>
         <value>0x53a0</value>
         <object_component_ref idref="oc-1a5"/>
      </symbol>
      <symbol id="sm-618">
         <name>___atexit_func_id__</name>
         <value>0x7580</value>
         <object_component_ref idref="oc-184"/>
      </symbol>
      <symbol id="sm-628">
         <name>_dtors</name>
         <value>0x7a74</value>
         <object_component_ref idref="oc-189"/>
      </symbol>
      <symbol id="sm-629">
         <name>_call_dtors</name>
         <value>0x4f20</value>
         <object_component_ref idref="oc-1b0"/>
      </symbol>
      <symbol id="sm-62a">
         <name>___add_dtor</name>
         <value>0x5700</value>
         <object_component_ref idref="oc-1ad"/>
      </symbol>
      <symbol id="sm-636">
         <name>___TI_enable_exit_profile_output</name>
         <value>0x7a64</value>
         <object_component_ref idref="oc-18e"/>
      </symbol>
      <symbol id="sm-637">
         <name>__cleanup_ptr</name>
         <value>0x7a5c</value>
         <object_component_ref idref="oc-18e"/>
      </symbol>
      <symbol id="sm-638">
         <name>__dtors_ptr</name>
         <value>0x7a60</value>
         <object_component_ref idref="oc-18e"/>
      </symbol>
      <symbol id="sm-642">
         <name>_memcpy</name>
         <value>0x4660</value>
         <object_component_ref idref="oc-19d"/>
      </symbol>
   </symbol_table>
</link_info>
